Archive member included to satisfy reference by file (symbol)

c:/program files (x86)/atollic/truestudio for arm 8.1.0/armtools/bin/../lib/gcc/arm-atollic-eabi/6.3.1/../../../../arm-atollic-eabi/lib/armv7e-m/fpu\libc_nano.a(lib_a-init.o)
                              startup\startup_stm32f446xx.o (__libc_init_array)
c:/program files (x86)/atollic/truestudio for arm 8.1.0/armtools/bin/../lib/gcc/arm-atollic-eabi/6.3.1/../../../../arm-atollic-eabi/lib/armv7e-m/fpu\libc_nano.a(lib_a-memcpy-stub.o)
                              Middlewares\Third_Party\FreeRTOS\Source\queue.o (memcpy)
c:/program files (x86)/atollic/truestudio for arm 8.1.0/armtools/bin/../lib/gcc/arm-atollic-eabi/6.3.1/../../../../arm-atollic-eabi/lib/armv7e-m/fpu\libc_nano.a(lib_a-memset.o)
                              Middlewares\Third_Party\FreeRTOS\Source\CMSIS_RTOS\cmsis_os.o (memset)
c:/program files (x86)/atollic/truestudio for arm 8.1.0/armtools/bin/../lib/gcc/arm-atollic-eabi/6.3.1/../../../../arm-atollic-eabi/lib/armv7e-m/fpu\libc_nano.a(lib_a-strncmp.o)
                              Src\bluetooth.o (strncmp)
c:/program files (x86)/atollic/truestudio for arm 8.1.0/armtools/bin/../lib/gcc/arm-atollic-eabi/6.3.1/../../../../arm-atollic-eabi/lib/armv7e-m/fpu\libm.a(lib_a-s_sin.o)
                              Src\mpu6050.o (sin)
c:/program files (x86)/atollic/truestudio for arm 8.1.0/armtools/bin/../lib/gcc/arm-atollic-eabi/6.3.1/../../../../arm-atollic-eabi/lib/armv7e-m/fpu\libm.a(lib_a-w_asin.o)
                              Src\mpu6050.o (asin)
c:/program files (x86)/atollic/truestudio for arm 8.1.0/armtools/bin/../lib/gcc/arm-atollic-eabi/6.3.1/../../../../arm-atollic-eabi/lib/armv7e-m/fpu\libm.a(lib_a-w_exp.o)
                              Src\controller.o (exp)
c:/program files (x86)/atollic/truestudio for arm 8.1.0/armtools/bin/../lib/gcc/arm-atollic-eabi/6.3.1/../../../../arm-atollic-eabi/lib/armv7e-m/fpu\libm.a(lib_a-w_sqrt.o)
                              Src\mpu6050.o (sqrt)
c:/program files (x86)/atollic/truestudio for arm 8.1.0/armtools/bin/../lib/gcc/arm-atollic-eabi/6.3.1/../../../../arm-atollic-eabi/lib/armv7e-m/fpu\libm.a(lib_a-e_asin.o)
                              c:/program files (x86)/atollic/truestudio for arm 8.1.0/armtools/bin/../lib/gcc/arm-atollic-eabi/6.3.1/../../../../arm-atollic-eabi/lib/armv7e-m/fpu\libm.a(lib_a-w_asin.o) (__ieee754_asin)
c:/program files (x86)/atollic/truestudio for arm 8.1.0/armtools/bin/../lib/gcc/arm-atollic-eabi/6.3.1/../../../../arm-atollic-eabi/lib/armv7e-m/fpu\libm.a(lib_a-e_exp.o)
                              c:/program files (x86)/atollic/truestudio for arm 8.1.0/armtools/bin/../lib/gcc/arm-atollic-eabi/6.3.1/../../../../arm-atollic-eabi/lib/armv7e-m/fpu\libm.a(lib_a-w_exp.o) (__ieee754_exp)
c:/program files (x86)/atollic/truestudio for arm 8.1.0/armtools/bin/../lib/gcc/arm-atollic-eabi/6.3.1/../../../../arm-atollic-eabi/lib/armv7e-m/fpu\libm.a(lib_a-e_rem_pio2.o)
                              c:/program files (x86)/atollic/truestudio for arm 8.1.0/armtools/bin/../lib/gcc/arm-atollic-eabi/6.3.1/../../../../arm-atollic-eabi/lib/armv7e-m/fpu\libm.a(lib_a-s_sin.o) (__ieee754_rem_pio2)
c:/program files (x86)/atollic/truestudio for arm 8.1.0/armtools/bin/../lib/gcc/arm-atollic-eabi/6.3.1/../../../../arm-atollic-eabi/lib/armv7e-m/fpu\libm.a(lib_a-e_sqrt.o)
                              c:/program files (x86)/atollic/truestudio for arm 8.1.0/armtools/bin/../lib/gcc/arm-atollic-eabi/6.3.1/../../../../arm-atollic-eabi/lib/armv7e-m/fpu\libm.a(lib_a-w_sqrt.o) (__ieee754_sqrt)
c:/program files (x86)/atollic/truestudio for arm 8.1.0/armtools/bin/../lib/gcc/arm-atollic-eabi/6.3.1/../../../../arm-atollic-eabi/lib/armv7e-m/fpu\libm.a(lib_a-k_cos.o)
                              c:/program files (x86)/atollic/truestudio for arm 8.1.0/armtools/bin/../lib/gcc/arm-atollic-eabi/6.3.1/../../../../arm-atollic-eabi/lib/armv7e-m/fpu\libm.a(lib_a-s_sin.o) (__kernel_cos)
c:/program files (x86)/atollic/truestudio for arm 8.1.0/armtools/bin/../lib/gcc/arm-atollic-eabi/6.3.1/../../../../arm-atollic-eabi/lib/armv7e-m/fpu\libm.a(lib_a-k_rem_pio2.o)
                              c:/program files (x86)/atollic/truestudio for arm 8.1.0/armtools/bin/../lib/gcc/arm-atollic-eabi/6.3.1/../../../../arm-atollic-eabi/lib/armv7e-m/fpu\libm.a(lib_a-e_rem_pio2.o) (__kernel_rem_pio2)
c:/program files (x86)/atollic/truestudio for arm 8.1.0/armtools/bin/../lib/gcc/arm-atollic-eabi/6.3.1/../../../../arm-atollic-eabi/lib/armv7e-m/fpu\libm.a(lib_a-k_sin.o)
                              c:/program files (x86)/atollic/truestudio for arm 8.1.0/armtools/bin/../lib/gcc/arm-atollic-eabi/6.3.1/../../../../arm-atollic-eabi/lib/armv7e-m/fpu\libm.a(lib_a-s_sin.o) (__kernel_sin)
c:/program files (x86)/atollic/truestudio for arm 8.1.0/armtools/bin/../lib/gcc/arm-atollic-eabi/6.3.1/../../../../arm-atollic-eabi/lib/armv7e-m/fpu\libm.a(lib_a-s_fabs.o)
[...]
Memory Configuration

Name             Origin             Length             Attributes
RAM              0x20000000         0x00020000         xrw
FLASH            0x08000000         0x00080000         xr
*default*        0x00000000         0xffffffff

Linker script and memory map

LOAD c:/program files (x86)/atollic/truestudio for arm 8.1.0/armtools/bin/../lib/gcc/arm-atollic-eabi/6.3.1/armv7e-m/fpu/crti.o
LOAD c:/program files (x86)/atollic/truestudio for arm 8.1.0/armtools/bin/../lib/gcc/arm-atollic-eabi/6.3.1/armv7e-m/fpu/crtbegin.o
LOAD Drivers\STM32F4xx_HAL_Driver\Src\stm32f4xx_hal.o
LOAD Drivers\STM32F4xx_HAL_Driver\Src\stm32f4xx_hal_adc.o
LOAD Drivers\STM32F4xx_HAL_Driver\Src\stm32f4xx_hal_adc_ex.o
LOAD Drivers\STM32F4xx_HAL_Driver\Src\stm32f4xx_hal_cortex.o
LOAD Drivers\STM32F4xx_HAL_Driver\Src\stm32f4xx_hal_dma.o
LOAD Drivers\STM32F4xx_HAL_Driver\Src\stm32f4xx_hal_dma_ex.o
LOAD Drivers\STM32F4xx_HAL_Driver\Src\stm32f4xx_hal_flash.o
LOAD Drivers\STM32F4xx_HAL_Driver\Src\stm32f4xx_hal_flash_ex.o
LOAD Drivers\STM32F4xx_HAL_Driver\Src\stm32f4xx_hal_flash_ramfunc.o
LOAD Drivers\STM32F4xx_HAL_Driver\Src\stm32f4xx_hal_gpio.o
LOAD Drivers\STM32F4xx_HAL_Driver\Src\stm32f4xx_hal_i2c.o
LOAD Drivers\STM32F4xx_HAL_Driver\Src\stm32f4xx_hal_i2c_ex.o
LOAD Drivers\STM32F4xx_HAL_Driver\Src\stm32f4xx_hal_pwr.o
LOAD Drivers\STM32F4xx_HAL_Driver\Src\stm32f4xx_hal_pwr_ex.o
LOAD Drivers\STM32F4xx_HAL_Driver\Src\stm32f4xx_hal_rcc.o
LOAD Drivers\STM32F4xx_HAL_Driver\Src\stm32f4xx_hal_rcc_ex.o
LOAD Drivers\STM32F4xx_HAL_Driver\Src\stm32f4xx_hal_spi.o
LOAD Drivers\STM32F4xx_HAL_Driver\Src\stm32f4xx_hal_tim.o
LOAD Drivers\STM32F4xx_HAL_Driver\Src\stm32f4xx_hal_tim_ex.o
LOAD Drivers\STM32F4xx_HAL_Driver\Src\stm32f4xx_hal_uart.o
LOAD Middlewares\Third_Party\FreeRTOS\Source\CMSIS_RTOS\cmsis_os.o
LOAD Middlewares\Third_Party\FreeRTOS\Source\croutine.o
LOAD Middlewares\Third_Party\FreeRTOS\Source\event_groups.o
LOAD Middlewares\Third_Party\FreeRTOS\Source\list.o
LOAD Middlewares\Third_Party\FreeRTOS\Source\portable\GCC\ARM_CM4F\port.o
LOAD Middlewares\Third_Party\FreeRTOS\Source\portable\MemMang\heap_4.o
LOAD Middlewares\Third_Party\FreeRTOS\Source\queue.o
LOAD Middlewares\Third_Party\FreeRTOS\Source\tasks.o
LOAD Middlewares\Third_Party\FreeRTOS\Source\timers.o
LOAD Src\adc.o
LOAD Src\bluetooth.o
LOAD Src\controller.o
LOAD Src\freertos.o
LOAD Src\hmi.o
LOAD Src\ir.o
LOAD Src\line_sensor.o
LOAD Src\main.o
LOAD Src\mems.o
LOAD Src\mpu6050.o
LOAD Src\register_map.o
LOAD Src\remotecontrol.o
LOAD Src\starter.o
LOAD Src\statemachine.o
LOAD Src\stm32f4xx_hal_msp.o
LOAD Src\stm32f4xx_hal_timebase_TIM.o
LOAD Src\stm32f4xx_it.o
LOAD Src\system_stm32f4xx.o
LOAD startup\startup_stm32f446xx.o
                0x00000080                malloc_getpagesize_P = 0x80
START GROUP
LOAD c:/program files (x86)/atollic/truestudio for arm 8.1.0/armtools/bin/../lib/gcc/arm-atollic-eabi/6.3.1/../../../../arm-atollic-eabi/lib/armv7e-m/fpu\libc_nano.a
LOAD c:/program files (x86)/atollic/truestudio for arm 8.1.0/armtools/bin/../lib/gcc/arm-atollic-eabi/6.3.1/../../../../arm-atollic-eabi/lib/armv7e-m/fpu\libm.a
END GROUP
START GROUP
LOAD c:/program files (x86)/atollic/truestudio for arm 8.1.0/armtools/bin/../lib/gcc/arm-atollic-eabi/6.3.1/armv7e-m/fpu\libgcc.a
LOAD c:/program files (x86)/atollic/truestudio for arm 8.1.0/armtools/bin/../lib/gcc/arm-atollic-eabi/6.3.1/../../../../arm-atollic-eabi/lib/armv7e-m/fpu\libc_nano.a
END GROUP
START GROUP
LOAD c:/program files (x86)/atollic/truestudio for arm 8.1.0/armtools/bin/../lib/gcc/arm-atollic-eabi/6.3.1/armv7e-m/fpu\libgcc.a
LOAD c:/program files (x86)/atollic/truestudio for arm 8.1.0/armtools/bin/../lib/gcc/arm-atollic-eabi/6.3.1/../../../../arm-atollic-eabi/lib/armv7e-m/fpu\libc_nano.a
LOAD c:/program files (x86)/atollic/truestudio for arm 8.1.0/armtools/bin/../lib/gcc/arm-atollic-eabi/6.3.1/../../../../arm-atollic-eabi/lib/armv7e-m/fpu\libnosys.a
END GROUP
START GROUP
LOAD c:/program files (x86)/atollic/truestudio for arm 8.1.0/armtools/bin/../lib/gcc/arm-atollic-eabi/6.3.1/armv7e-m/fpu\libgcc.a
LOAD c:/program files (x86)/atollic/truestudio for arm 8.1.0/armtools/bin/../lib/gcc/arm-atollic-eabi/6.3.1/../../../../arm-atollic-eabi/lib/armv7e-m/fpu\libc_nano.a
LOAD c:/program files (x86)/atollic/truestudio for arm 8.1.0/armtools/bin/../lib/gcc/arm-atollic-eabi/6.3.1/../../../../arm-atollic-eabi/lib/armv7e-m/fpu\libnosys.a
END GROUP
LOAD c:/program files (x86)/atollic/truestudio for arm 8.1.0/armtools/bin/../lib/gcc/arm-atollic-eabi/6.3.1/armv7e-m/fpu/crtend.o
LOAD c:/program files (x86)/atollic/truestudio for arm 8.1.0/armtools/bin/../lib/gcc/arm-atollic-eabi/6.3.1/armv7e-m/fpu/crtn.o
                0x20020000                _estack = 0x20020000
                0x00000200                _Min_Heap_Size = 0x200
                0x00000400                _Min_Stack_Size = 0x400

.isr_vector     0x08000000      0x1c4
                0x08000000                . = ALIGN (0x4)
 *(.isr_vector)
 .isr_vector    0x08000000      0x1c4 startup\startup_stm32f446xx.o
                0x08000000                g_pfnVectors
                0x080001c4                . = ALIGN (0x4)

.text           0x080001d0    0x10e9c
                0x080001d0                . = ALIGN (0x4)
 *(.text)
 .text          0x080001d0       0x40 c:/program files (x86)/atollic/truestudio for arm 8.1.0/armtools/bin/../lib/gcc/arm-atollic-eabi/6.3.1/armv7e-m/fpu/crtbegin.o
 .text          0x08000210      0x370 c:/program files (x86)/atollic/truestudio for arm 8.1.0/armtools/bin/../lib/gcc/arm-atollic-eabi/6.3.1/armv7e-m/fpu\libgcc.a(_arm_addsubdf3.o)
                0x08000210                __aeabi_drsub
                0x08000218                __aeabi_dsub
                0x08000218                __subdf3
                0x0800021c                __aeabi_dadd
                0x0800021c                __adddf3
                0x08000494                __floatunsidf
                0x08000494                __aeabi_ui2d
                0x080004b4                __floatsidf
                0x080004b4                __aeabi_i2d
                0x080004d8                __aeabi_f2d
                0x080004d8                __extendsfdf2
                0x08000514                __floatundidf
                0x08000514                __aeabi_ul2d
                0x08000524                __floatdidf
                0x08000524                __aeabi_l2d
 .text          0x08000580      0x424 c:/program files (x86)/atollic/truestudio for arm 8.1.0/armtools/bin/../lib/gcc/arm-atollic-eabi/6.3.1/armv7e-m/fpu\libgcc.a(_arm_muldivdf3.o)
                0x08000580                __aeabi_dmul
                0x08000580                __muldf3
                0x080007d4                __divdf3
                0x080007d4                __aeabi_ddiv
 .text          0x080009a4      0x110 c:/program files (x86)/atollic/truestudio for arm 8.1.0/armtools/bin/../lib/gcc/arm-atollic-eabi/6.3.1/armv7e-m/fpu\libgcc.a(_arm_cmpdf2.o)
                0x080009a4                __gtdf2
                0x080009a4                __gedf2
                0x080009ac                __ltdf2
                0x080009ac                __ledf2
                0x080009b4                __nedf2
                0x080009b4                __eqdf2
                0x080009b4                __cmpdf2
                0x08000a30                __aeabi_cdrcmple
                0x08000a40                __aeabi_cdcmpeq
                0x08000a40                __aeabi_cdcmple
                0x08000a50                __aeabi_dcmpeq
                0x08000a64                __aeabi_dcmplt
                0x08000a78                __aeabi_dcmple
                0x08000a8c                __aeabi_dcmpge
                0x08000aa0                __aeabi_dcmpgt
 .text          0x08000ab4       0x50 c:/program files (x86)/atollic/truestudio for arm 8.1.0/armtools/bin/../lib/gcc/arm-atollic-eabi/6.3.1/armv7e-m/fpu\libgcc.a(_arm_fixdfsi.o)
                0x08000ab4                __aeabi_d2iz
                0x08000ab4                __fixdfsi
 .text          0x08000b04       0xa0 c:/program files (x86)/atollic/truestudio for arm 8.1.0/armtools/bin/../lib/gcc/arm-atollic-eabi/6.3.1/armv7e-m/fpu\libgcc.a(_arm_truncdfsf2.o)
                0x08000b04                __truncdfsf2
                0x08000b04                __aeabi_d2f
 .text          0x08000ba4       0x30 c:/program files (x86)/atollic/truestudio for arm 8.1.0/armtools/bin/../lib/gcc/arm-atollic-eabi/6.3.1/armv7e-m/fpu\libgcc.a(_aeabi_uldivmod.o)
                0x08000ba4                __aeabi_uldivmod
 .text          0x08000bd4      0x2dc c:/program files (x86)/atollic/truestudio for arm 8.1.0/armtools/bin/../lib/gcc/arm-atollic-eabi/6.3.1/armv7e-m/fpu\libgcc.a(_udivmoddi4.o)
                0x08000bd4                __udivmoddi4
 .text          0x08000eb0        0x4 c:/program files (x86)/atollic/truestudio for arm 8.1.0/armtools/bin/../lib/gcc/arm-atollic-eabi/6.3.1/armv7e-m/fpu\libgcc.a(_dvmd_tls.o)
                0x08000eb0                __aeabi_idiv0
                0x08000eb0                __aeabi_ldiv0
 *(.text*)
 .text.HAL_Init
                0x08000eb4       0x44 Drivers\STM32F4xx_HAL_Driver\Src\stm32f4xx_hal.o
                0x08000eb4                HAL_Init
 .text.HAL_IncTick
                0x08000ef8       0x1c Drivers\STM32F4xx_HAL_Driver\Src\stm32f4xx_hal.o
                0x08000ef8                HAL_IncTick
 .text.HAL_GetTick
                0x08000f14       0x18 Drivers\STM32F4xx_HAL_Driver\Src\stm32f4xx_hal.o
                0x08000f14                HAL_GetTick
 .text.HAL_Delay
                0x08000f2c       0x3a Drivers\STM32F4xx_HAL_Driver\Src\stm32f4xx_hal.o
                0x08000f2c                HAL_Delay
 .text.HAL_ADC_Init
                0x08000f66       0x86 Drivers\STM32F4xx_HAL_Driver\Src\stm32f4xx_hal_adc.o
                0x08000f66                HAL_ADC_Init
 .text.HAL_ADC_IRQHandler
                0x08000fec      0x282 Drivers\STM32F4xx_HAL_Driver\Src\stm32f4xx_hal_adc.o
                0x08000fec                HAL_ADC_IRQHandler
 *fill*         0x0800126e        0x2 
 .text.HAL_ADC_Start_DMA
                0x08001270      0x1a4 Drivers\STM32F4xx_HAL_Driver\Src\stm32f4xx_hal_adc.o
                0x08001270                HAL_ADC_Start_DMA
 .text.HAL_ADC_ConvHalfCpltCallback
                0x08001414       0x14 Drivers\STM32F4xx_HAL_Driver\Src\stm32f4xx_hal_adc.o
                0x08001414                HAL_ADC_ConvHalfCpltCallback
 .text.HAL_ADC_LevelOutOfWindowCallback
                0x08001428       0x14 Drivers\STM32F4xx_HAL_Driver\Src\stm32f4xx_hal_adc.o
                0x08001428                HAL_ADC_LevelOutOfWindowCallback
 .text.HAL_ADC_ErrorCallback
                0x0800143c       0x14 Drivers\STM32F4xx_HAL_Driver\Src\stm32f4xx_hal_adc.o
                0x0800143c                HAL_ADC_ErrorCallback
 .text.HAL_ADC_ConfigChannel
                0x08001450      0x250 Drivers\STM32F4xx_HAL_Driver\Src\stm32f4xx_hal_adc.o
                0x08001450                HAL_ADC_ConfigChannel
 .text.ADC_Init
                0x080016a0      0x1f4 Drivers\STM32F4xx_HAL_Driver\Src\stm32f4xx_hal_adc.o
 .text.ADC_DMAConvCplt
                0x08001894       0xa6 Drivers\STM32F4xx_HAL_Driver\Src\stm32f4xx_hal_adc.o
 .text.ADC_DMAHalfConvCplt
                0x0800193a       0x1c Drivers\STM32F4xx_HAL_Driver\Src\stm32f4xx_hal_adc.o
 .text.ADC_DMAError
                0x08001956       0x2e Drivers\STM32F4xx_HAL_Driver\Src\stm32f4xx_hal_adc.o
 .text.HAL_ADCEx_InjectedConvCpltCallback
                0x08001984       0x14 Drivers\STM32F4xx_HAL_Driver\Src\stm32f4xx_hal_adc_ex.o
                0x08001984                HAL_ADCEx_InjectedConvCpltCallback
 .text.NVIC_SetPriorityGrouping
                0x08001998       0x48 Drivers\STM32F4xx_HAL_Driver\Src\stm32f4xx_hal_cortex.o
 .text.NVIC_GetPriorityGrouping
                0x080019e0       0x1c Drivers\STM32F4xx_HAL_Driver\Src\stm32f4xx_hal_cortex.o
 .text.NVIC_EnableIRQ
                0x080019fc       0x34 Drivers\STM32F4xx_HAL_Driver\Src\stm32f4xx_hal_cortex.o
 .text.NVIC_SetPriority
                0x08001a30       0x54 Drivers\STM32F4xx_HAL_Driver\Src\stm32f4xx_hal_cortex.o
 .text.NVIC_EncodePriority
                0x08001a84       0x62 Drivers\STM32F4xx_HAL_Driver\Src\stm32f4xx_hal_cortex.o
 *fill*         0x08001ae6        0x2 
 .text.SysTick_Config
                0x08001ae8       0x44 Drivers\STM32F4xx_HAL_Driver\Src\stm32f4xx_hal_cortex.o
 .text.HAL_NVIC_SetPriorityGrouping
                0x08001b2c       0x16 Drivers\STM32F4xx_HAL_Driver\Src\stm32f4xx_hal_cortex.o
                0x08001b2c                HAL_NVIC_SetPriorityGrouping
 .text.HAL_NVIC_SetPriority
                0x08001b42       0x38 Drivers\STM32F4xx_HAL_Driver\Src\stm32f4xx_hal_cortex.o
                0x08001b42                HAL_NVIC_SetPriority
 .text.HAL_NVIC_EnableIRQ
                0x08001b7a       0x1c Drivers\STM32F4xx_HAL_Driver\Src\stm32f4xx_hal_cortex.o
                0x08001b7a                HAL_NVIC_EnableIRQ
 .text.HAL_SYSTICK_Config
                0x08001b96       0x18 Drivers\STM32F4xx_HAL_Driver\Src\stm32f4xx_hal_cortex.o
                0x08001b96                HAL_SYSTICK_Config
 *fill*         0x08001bae        0x2 
 .text.HAL_SYSTICK_CLKSourceConfig
                0x08001bb0       0x38 Drivers\STM32F4xx_HAL_Driver\Src\stm32f4xx_hal_cortex.o
                0x08001bb0                HAL_SYSTICK_CLKSourceConfig
 .text.HAL_DMA_Init
                0x08001be8      0x15c Drivers\STM32F4xx_HAL_Driver\Src\stm32f4xx_hal_dma.o
                0x08001be8                HAL_DMA_Init
 .text.HAL_DMA_Start_IT
                0x08001d44       0xc0 Drivers\STM32F4xx_HAL_Driver\Src\stm32f4xx_hal_dma.o
                0x08001d44                HAL_DMA_Start_IT
 .text.HAL_DMA_Abort_IT
                0x08001e04       0x44 Drivers\STM32F4xx_HAL_Driver\Src\stm32f4xx_hal_dma.o
                0x08001e04                HAL_DMA_Abort_IT
 .text.HAL_DMA_IRQHandler
                0x08001e48      0x314 Drivers\STM32F4xx_HAL_Driver\Src\stm32f4xx_hal_dma.o
                0x08001e48                HAL_DMA_IRQHandler
 .text.DMA_SetConfig
                0x0800215c       0x5c Drivers\STM32F4xx_HAL_Driver\Src\stm32f4xx_hal_dma.o
 .text.DMA_CalcBaseAndBitshift
                0x080021b8       0x6c Drivers\STM32F4xx_HAL_Driver\Src\stm32f4xx_hal_dma.o
 .text.DMA_CheckFifoParam
                0x08002224       0xf4 Drivers\STM32F4xx_HAL_Driver\Src\stm32f4xx_hal_dma.o
 .text.HAL_GPIO_Init
                0x08002318      0x324 Drivers\STM32F4xx_HAL_Driver\Src\stm32f4xx_hal_gpio.o
                0x08002318                HAL_GPIO_Init
 .text.HAL_GPIO_ReadPin
                0x0800263c       0x30 Drivers\STM32F4xx_HAL_Driver\Src\stm32f4xx_hal_gpio.o
                0x0800263c                HAL_GPIO_ReadPin
 .text.HAL_GPIO_WritePin
                0x0800266c       0x32 Drivers\STM32F4xx_HAL_Driver\Src\stm32f4xx_hal_gpio.o
                0x0800266c                HAL_GPIO_WritePin
 .text.HAL_GPIO_TogglePin
                0x0800269e       0x24 Drivers\STM32F4xx_HAL_Driver\Src\stm32f4xx_hal_gpio.o
                0x0800269e                HAL_GPIO_TogglePin
 *fill*         0x080026c2        0x2 
 .text.HAL_GPIO_EXTI_IRQHandler
                0x080026c4       0x30 Drivers\STM32F4xx_HAL_Driver\Src\stm32f4xx_hal_gpio.o
                0x080026c4                HAL_GPIO_EXTI_IRQHandler
 .text.HAL_I2C_Init
                0x080026f4      0x1c0 Drivers\STM32F4xx_HAL_Driver\Src\stm32f4xx_hal_i2c.o
                0x080026f4                HAL_I2C_Init
 .text.HAL_I2C_EV_IRQHandler
                0x080028b4      0x208 Drivers\STM32F4xx_HAL_Driver\Src\stm32f4xx_hal_i2c.o
                0x080028b4                HAL_I2C_EV_IRQHandler
 .text.HAL_I2C_ER_IRQHandler
                0x08002abc      0x154 Drivers\STM32F4xx_HAL_Driver\Src\stm32f4xx_hal_i2c.o
                0x08002abc                HAL_I2C_ER_IRQHandler
 .text.HAL_I2C_SlaveTxCpltCallback
                0x08002c10       0x14 Drivers\STM32F4xx_HAL_Driver\Src\stm32f4xx_hal_i2c.o
                0x08002c10                HAL_I2C_SlaveTxCpltCallback
 .text.HAL_I2C_SlaveRxCpltCallback
                0x08002c24       0x14 Drivers\STM32F4xx_HAL_Driver\Src\stm32f4xx_hal_i2c.o
                0x08002c24                HAL_I2C_SlaveRxCpltCallback
 .text.HAL_I2C_AddrCallback
                0x08002c38       0x1c Drivers\STM32F4xx_HAL_Driver\Src\stm32f4xx_hal_i2c.o
                0x08002c38                HAL_I2C_AddrCallback
 .text.HAL_I2C_ListenCpltCallback
                0x08002c54       0x14 Drivers\STM32F4xx_HAL_Driver\Src\stm32f4xx_hal_i2c.o
                0x08002c54                HAL_I2C_ListenCpltCallback
 .text.HAL_I2C_MemTxCpltCallback
                0x08002c68       0x14 Drivers\STM32F4xx_HAL_Driver\Src\stm32f4xx_hal_i2c.o
                0x08002c68                HAL_I2C_MemTxCpltCallback
 .text.HAL_I2C_MemRxCpltCallback
                0x08002c7c       0x14 Drivers\STM32F4xx_HAL_Driver\Src\stm32f4xx_hal_i2c.o
                0x08002c7c                HAL_I2C_MemRxCpltCallback
 .text.HAL_I2C_ErrorCallback
                0x08002c90       0x14 Drivers\STM32F4xx_HAL_Driver\Src\stm32f4xx_hal_i2c.o
                0x08002c90                HAL_I2C_ErrorCallback
 .text.HAL_I2C_AbortCpltCallback
                0x08002ca4       0x14 Drivers\STM32F4xx_HAL_Driver\Src\stm32f4xx_hal_i2c.o
                0x08002ca4                HAL_I2C_AbortCpltCallback
 .text.I2C_MasterTransmit_TXE
                0x08002cb8      0x1ea Drivers\STM32F4xx_HAL_Driver\Src\stm32f4xx_hal_i2c.o
 .text.I2C_MasterTransmit_BTF
                0x08002ea2       0xea Drivers\STM32F4xx_HAL_Driver\Src\stm32f4xx_hal_i2c.o
 .text.I2C_MasterReceive_RXNE
                0x08002f8c       0xf4 Drivers\STM32F4xx_HAL_Driver\Src\stm32f4xx_hal_i2c.o
 .text.I2C_MasterReceive_BTF
                0x08003080      0x19c Drivers\STM32F4xx_HAL_Driver\Src\stm32f4xx_hal_i2c.o
 .text.I2C_Master_SB
                0x0800321c       0xd6 Drivers\STM32F4xx_HAL_Driver\Src\stm32f4xx_hal_i2c.o
 .text.I2C_Master_ADD10
                0x080032f2       0x22 Drivers\STM32F4xx_HAL_Driver\Src\stm32f4xx_hal_i2c.o
 .text.I2C_Master_ADDR
                0x08003314      0x2c6 Drivers\STM32F4xx_HAL_Driver\Src\stm32f4xx_hal_i2c.o
 .text.I2C_SlaveTransmit_TXE
                0x080035da       0x7a Drivers\STM32F4xx_HAL_Driver\Src\stm32f4xx_hal_i2c.o
 .text.I2C_SlaveTransmit_BTF
                0x08003654       0x40 Drivers\STM32F4xx_HAL_Driver\Src\stm32f4xx_hal_i2c.o
 .text.I2C_SlaveReceive_RXNE
                0x08003694       0x7c Drivers\STM32F4xx_HAL_Driver\Src\stm32f4xx_hal_i2c.o
 .text.I2C_SlaveReceive_BTF
                0x08003710       0x42 Drivers\STM32F4xx_HAL_Driver\Src\stm32f4xx_hal_i2c.o
 .text.I2C_Slave_ADDR
                0x08003752       0x54 Drivers\STM32F4xx_HAL_Driver\Src\stm32f4xx_hal_i2c.o
 *fill*         0x080037a6        0x2 
 .text.I2C_Slave_STOPF
                0x080037a8      0x18c Drivers\STM32F4xx_HAL_Driver\Src\stm32f4xx_hal_i2c.o
 .text.I2C_Slave_AF
                0x08003934       0xe4 Drivers\STM32F4xx_HAL_Driver\Src\stm32f4xx_hal_i2c.o
 .text.I2C_ITError
                0x08003a18      0x208 Drivers\STM32F4xx_HAL_Driver\Src\stm32f4xx_hal_i2c.o
 .text.I2C_DMAAbort
                0x08003c20       0x9c Drivers\STM32F4xx_HAL_Driver\Src\stm32f4xx_hal_i2c.o
 .text.HAL_PWREx_EnableOverDrive
                0x08003cbc       0xa0 Drivers\STM32F4xx_HAL_Driver\Src\stm32f4xx_hal_pwr_ex.o
                0x08003cbc                HAL_PWREx_EnableOverDrive
 .text.HAL_RCC_ClockConfig
                0x08003d5c      0x1c4 Drivers\STM32F4xx_HAL_Driver\Src\stm32f4xx_hal_rcc.o
                0x08003d5c                HAL_RCC_ClockConfig
 .text.HAL_RCC_GetHCLKFreq
                0x08003f20       0x18 Drivers\STM32F4xx_HAL_Driver\Src\stm32f4xx_hal_rcc.o
                0x08003f20                HAL_RCC_GetHCLKFreq
 .text.HAL_RCC_GetPCLK1Freq
                0x08003f38       0x28 Drivers\STM32F4xx_HAL_Driver\Src\stm32f4xx_hal_rcc.o
                0x08003f38                HAL_RCC_GetPCLK1Freq
 .text.HAL_RCC_GetPCLK2Freq
                0x08003f60       0x28 Drivers\STM32F4xx_HAL_Driver\Src\stm32f4xx_hal_rcc.o
                0x08003f60                HAL_RCC_GetPCLK2Freq
 .text.HAL_RCC_GetClockConfig
                0x08003f88       0x64 Drivers\STM32F4xx_HAL_Driver\Src\stm32f4xx_hal_rcc.o
                0x08003f88                HAL_RCC_GetClockConfig
 .text.HAL_RCC_GetSysClockFreq
                0x08003fec      0x36c Drivers\STM32F4xx_HAL_Driver\Src\stm32f4xx_hal_rcc_ex.o
                0x08003fec                HAL_RCC_GetSysClockFreq
 .text.HAL_RCC_OscConfig
                0x08004358      0x480 Drivers\STM32F4xx_HAL_Driver\Src\stm32f4xx_hal_rcc_ex.o
                0x08004358                HAL_RCC_OscConfig
 .text.HAL_SPI_Init
                0x080047d8       0xc6 Drivers\STM32F4xx_HAL_Driver\Src\stm32f4xx_hal_spi.o
                0x080047d8                HAL_SPI_Init
 *fill*         0x0800489e        0x2 
 .text.HAL_SPI_TransmitReceive_DMA
                0x080048a0      0x1d0 Drivers\STM32F4xx_HAL_Driver\Src\stm32f4xx_hal_spi.o
                0x080048a0                HAL_SPI_TransmitReceive_DMA
 .text.HAL_SPI_IRQHandler
                0x08004a70      0x1b0 Drivers\STM32F4xx_HAL_Driver\Src\stm32f4xx_hal_spi.o
                0x08004a70                HAL_SPI_IRQHandler
 .text.HAL_SPI_RxCpltCallback
                0x08004c20       0x14 Drivers\STM32F4xx_HAL_Driver\Src\stm32f4xx_hal_spi.o
                0x08004c20                HAL_SPI_RxCpltCallback
 .text.HAL_SPI_RxHalfCpltCallback
                0x08004c34       0x14 Drivers\STM32F4xx_HAL_Driver\Src\stm32f4xx_hal_spi.o
                0x08004c34                HAL_SPI_RxHalfCpltCallback
 .text.HAL_SPI_TxRxHalfCpltCallback
                0x08004c48       0x14 Drivers\STM32F4xx_HAL_Driver\Src\stm32f4xx_hal_spi.o
                0x08004c48                HAL_SPI_TxRxHalfCpltCallback
 .text.HAL_SPI_ErrorCallback
                0x08004c5c       0x14 Drivers\STM32F4xx_HAL_Driver\Src\stm32f4xx_hal_spi.o
                0x08004c5c                HAL_SPI_ErrorCallback
 .text.SPI_DMAReceiveCplt
                0x08004c70       0x84 Drivers\STM32F4xx_HAL_Driver\Src\stm32f4xx_hal_spi.o
 .text.SPI_DMATransmitReceiveCplt
                0x08004cf4       0x82 Drivers\STM32F4xx_HAL_Driver\Src\stm32f4xx_hal_spi.o
 .text.SPI_DMAHalfReceiveCplt
                0x08004d76       0x1c Drivers\STM32F4xx_HAL_Driver\Src\stm32f4xx_hal_spi.o
 .text.SPI_DMAHalfTransmitReceiveCplt
                0x08004d92       0x1c Drivers\STM32F4xx_HAL_Driver\Src\stm32f4xx_hal_spi.o
 .text.SPI_DMAError
                0x08004dae       0x40 Drivers\STM32F4xx_HAL_Driver\Src\stm32f4xx_hal_spi.o
 .text.SPI_DMAAbortOnError
                0x08004dee       0x28 Drivers\STM32F4xx_HAL_Driver\Src\stm32f4xx_hal_spi.o
 .text.SPI_WaitFlagStateUntilTimeout
                0x08004e16       0xd2 Drivers\STM32F4xx_HAL_Driver\Src\stm32f4xx_hal_spi.o
 .text.SPI_CheckFlag_BSY
                0x08004ee8       0x3c Drivers\STM32F4xx_HAL_Driver\Src\stm32f4xx_hal_spi.o
 .text.HAL_TIM_Base_Init
                0x08004f24       0x56 Drivers\STM32F4xx_HAL_Driver\Src\stm32f4xx_hal_tim.o
                0x08004f24                HAL_TIM_Base_Init
 .text.HAL_TIM_Base_Start_IT
                0x08004f7a       0x36 Drivers\STM32F4xx_HAL_Driver\Src\stm32f4xx_hal_tim.o
                0x08004f7a                HAL_TIM_Base_Start_IT
 .text.HAL_TIM_PWM_Init
                0x08004fb0       0x56 Drivers\STM32F4xx_HAL_Driver\Src\stm32f4xx_hal_tim.o
                0x08004fb0                HAL_TIM_PWM_Init
 *fill*         0x08005006        0x2 
 .text.HAL_TIM_PWM_Start
                0x08005008       0x68 Drivers\STM32F4xx_HAL_Driver\Src\stm32f4xx_hal_tim.o
                0x08005008                HAL_TIM_PWM_Start
 .text.HAL_TIM_IC_Init
                0x08005070       0x56 Drivers\STM32F4xx_HAL_Driver\Src\stm32f4xx_hal_tim.o
                0x08005070                HAL_TIM_IC_Init
 .text.HAL_TIM_IC_Start
                0x080050c6       0x32 Drivers\STM32F4xx_HAL_Driver\Src\stm32f4xx_hal_tim.o
                0x080050c6                HAL_TIM_IC_Start
 .text.HAL_TIM_IC_Start_IT
                0x080050f8       0xc0 Drivers\STM32F4xx_HAL_Driver\Src\stm32f4xx_hal_tim.o
                0x080050f8                HAL_TIM_IC_Start_IT
 .text.HAL_TIM_Encoder_Init
                0x080051b8      0x12c Drivers\STM32F4xx_HAL_Driver\Src\stm32f4xx_hal_tim.o
                0x080051b8                HAL_TIM_Encoder_Init
 .text.HAL_TIM_Encoder_Start_IT
                0x080052e4       0xae Drivers\STM32F4xx_HAL_Driver\Src\stm32f4xx_hal_tim.o
                0x080052e4                HAL_TIM_Encoder_Start_IT
 .text.HAL_TIM_IRQHandler
                0x08005392      0x210 Drivers\STM32F4xx_HAL_Driver\Src\stm32f4xx_hal_tim.o
                0x08005392                HAL_TIM_IRQHandler
 .text.HAL_TIM_IC_ConfigChannel
                0x080055a2      0x138 Drivers\STM32F4xx_HAL_Driver\Src\stm32f4xx_hal_tim.o
                0x080055a2                HAL_TIM_IC_ConfigChannel
 *fill*         0x080056da        0x2 
 .text.HAL_TIM_PWM_ConfigChannel
                0x080056dc      0x18c Drivers\STM32F4xx_HAL_Driver\Src\stm32f4xx_hal_tim.o
                0x080056dc                HAL_TIM_PWM_ConfigChannel
 .text.HAL_TIM_ConfigClockSource
                0x08005868      0x1b6 Drivers\STM32F4xx_HAL_Driver\Src\stm32f4xx_hal_tim.o
                0x08005868                HAL_TIM_ConfigClockSource
 .text.HAL_TIM_SlaveConfigSynchronization
                0x08005a1e       0x6a Drivers\STM32F4xx_HAL_Driver\Src\stm32f4xx_hal_tim.o
                0x08005a1e                HAL_TIM_SlaveConfigSynchronization
 .text.HAL_TIM_ReadCapturedValue
                0x08005a88       0xa4 Drivers\STM32F4xx_HAL_Driver\Src\stm32f4xx_hal_tim.o
                0x08005a88                HAL_TIM_ReadCapturedValue
 .text.HAL_TIM_OC_DelayElapsedCallback
                0x08005b2c       0x14 Drivers\STM32F4xx_HAL_Driver\Src\stm32f4xx_hal_tim.o
                0x08005b2c                HAL_TIM_OC_DelayElapsedCallback
 .text.HAL_TIM_PWM_PulseFinishedCallback
                0x08005b40       0x14 Drivers\STM32F4xx_HAL_Driver\Src\stm32f4xx_hal_tim.o
                0x08005b40                HAL_TIM_PWM_PulseFinishedCallback
 .text.HAL_TIM_TriggerCallback
                0x08005b54       0x14 Drivers\STM32F4xx_HAL_Driver\Src\stm32f4xx_hal_tim.o
                0x08005b54                HAL_TIM_TriggerCallback
 .text.TIM_Base_SetConfig
                0x08005b68      0x154 Drivers\STM32F4xx_HAL_Driver\Src\stm32f4xx_hal_tim.o
                0x08005b68                TIM_Base_SetConfig
 .text.TIM_TI1_SetConfig
                0x08005cbc       0xf8 Drivers\STM32F4xx_HAL_Driver\Src\stm32f4xx_hal_tim.o
                0x08005cbc                TIM_TI1_SetConfig
 .text.TIM_OC2_SetConfig
                0x08005db4       0xf0 Drivers\STM32F4xx_HAL_Driver\Src\stm32f4xx_hal_tim.o
                0x08005db4                TIM_OC2_SetConfig
 .text.TIM_CCxChannelCmd
                0x08005ea4       0x46 Drivers\STM32F4xx_HAL_Driver\Src\stm32f4xx_hal_tim.o
                0x08005ea4                TIM_CCxChannelCmd
 *fill*         0x08005eea        0x2 
 .text.TIM_OC1_SetConfig
                0x08005eec       0xe8 Drivers\STM32F4xx_HAL_Driver\Src\stm32f4xx_hal_tim.o
 .text.TIM_OC3_SetConfig
                0x08005fd4       0xf0 Drivers\STM32F4xx_HAL_Driver\Src\stm32f4xx_hal_tim.o
 .text.TIM_OC4_SetConfig
                0x080060c4       0xc0 Drivers\STM32F4xx_HAL_Driver\Src\stm32f4xx_hal_tim.o
 .text.TIM_SlaveTimer_SetConfig
                0x08006184      0x116 Drivers\STM32F4xx_HAL_Driver\Src\stm32f4xx_hal_tim.o
 .text.TIM_TI1_ConfigInputStage
                0x0800629a       0x66 Drivers\STM32F4xx_HAL_Driver\Src\stm32f4xx_hal_tim.o
 .text.TIM_TI2_SetConfig
                0x08006300       0x82 Drivers\STM32F4xx_HAL_Driver\Src\stm32f4xx_hal_tim.o
 .text.TIM_TI2_ConfigInputStage
                0x08006382       0x68 Drivers\STM32F4xx_HAL_Driver\Src\stm32f4xx_hal_tim.o
 .text.TIM_TI3_SetConfig
                0x080063ea       0x80 Drivers\STM32F4xx_HAL_Driver\Src\stm32f4xx_hal_tim.o
 .text.TIM_TI4_SetConfig
                0x0800646a       0x82 Drivers\STM32F4xx_HAL_Driver\Src\stm32f4xx_hal_tim.o
 .text.TIM_ITRx_SetConfig
                0x080064ec       0x40 Drivers\STM32F4xx_HAL_Driver\Src\stm32f4xx_hal_tim.o
 .text.TIM_ETR_SetConfig
                0x0800652c       0x44 Drivers\STM32F4xx_HAL_Driver\Src\stm32f4xx_hal_tim.o
 .text.HAL_TIMEx_MasterConfigSynchronization
                0x08006570       0x8a Drivers\STM32F4xx_HAL_Driver\Src\stm32f4xx_hal_tim_ex.o
                0x08006570                HAL_TIMEx_MasterConfigSynchronization
 .text.HAL_TIMEx_ConfigBreakDeadTime
                0x080065fa       0xb2 Drivers\STM32F4xx_HAL_Driver\Src\stm32f4xx_hal_tim_ex.o
                0x080065fa                HAL_TIMEx_ConfigBreakDeadTime
 .text.HAL_TIMEx_CommutationCallback
                0x080066ac       0x14 Drivers\STM32F4xx_HAL_Driver\Src\stm32f4xx_hal_tim_ex.o
                0x080066ac                HAL_TIMEx_CommutationCallback
 .text.HAL_TIMEx_BreakCallback
                0x080066c0       0x14 Drivers\STM32F4xx_HAL_Driver\Src\stm32f4xx_hal_tim_ex.o
                0x080066c0                HAL_TIMEx_BreakCallback
 .text.HAL_UART_Init
                0x080066d4       0x9a Drivers\STM32F4xx_HAL_Driver\Src\stm32f4xx_hal_uart.o
                0x080066d4                HAL_UART_Init
 .text.HAL_UART_Transmit_IT
                0x0800676e       0x8a Drivers\STM32F4xx_HAL_Driver\Src\stm32f4xx_hal_uart.o
                0x0800676e                HAL_UART_Transmit_IT
 .text.HAL_UART_Receive_IT
                0x080067f8       0x9a Drivers\STM32F4xx_HAL_Driver\Src\stm32f4xx_hal_uart.o
                0x080067f8                HAL_UART_Receive_IT
 *fill*         0x08006892        0x2 
 .text.HAL_UART_Transmit_DMA
                0x08006894       0xd8 Drivers\STM32F4xx_HAL_Driver\Src\stm32f4xx_hal_uart.o
                0x08006894                HAL_UART_Transmit_DMA
 .text.HAL_UART_Receive_DMA
                0x0800696c      0x100 Drivers\STM32F4xx_HAL_Driver\Src\stm32f4xx_hal_uart.o
                0x0800696c                HAL_UART_Receive_DMA
 .text.HAL_UART_IRQHandler
                0x08006a6c      0x1f8 Drivers\STM32F4xx_HAL_Driver\Src\stm32f4xx_hal_uart.o
                0x08006a6c                HAL_UART_IRQHandler
 .text.HAL_UART_TxCpltCallback
                0x08006c64       0x14 Drivers\STM32F4xx_HAL_Driver\Src\stm32f4xx_hal_uart.o
                0x08006c64                HAL_UART_TxCpltCallback
 .text.HAL_UART_TxHalfCpltCallback
                0x08006c78       0x14 Drivers\STM32F4xx_HAL_Driver\Src\stm32f4xx_hal_uart.o
                0x08006c78                HAL_UART_TxHalfCpltCallback
 .text.HAL_UART_RxHalfCpltCallback
                0x08006c8c       0x14 Drivers\STM32F4xx_HAL_Driver\Src\stm32f4xx_hal_uart.o
                0x08006c8c                HAL_UART_RxHalfCpltCallback
 .text.HAL_UART_ErrorCallback
                0x08006ca0       0x14 Drivers\STM32F4xx_HAL_Driver\Src\stm32f4xx_hal_uart.o
                0x08006ca0                HAL_UART_ErrorCallback
 .text.UART_DMATransmitCplt
                0x08006cb4       0x52 Drivers\STM32F4xx_HAL_Driver\Src\stm32f4xx_hal_uart.o
 .text.UART_DMATxHalfCplt
                0x08006d06       0x1c Drivers\STM32F4xx_HAL_Driver\Src\stm32f4xx_hal_uart.o
 .text.UART_DMAReceiveCplt
                0x08006d22       0x68 Drivers\STM32F4xx_HAL_Driver\Src\stm32f4xx_hal_uart.o
 .text.UART_DMARxHalfCplt
                0x08006d8a       0x1c Drivers\STM32F4xx_HAL_Driver\Src\stm32f4xx_hal_uart.o
 .text.UART_DMAError
                0x08006da6       0x94 Drivers\STM32F4xx_HAL_Driver\Src\stm32f4xx_hal_uart.o
 .text.UART_EndTxTransfer
                0x08006e3a       0x2c Drivers\STM32F4xx_HAL_Driver\Src\stm32f4xx_hal_uart.o
 .text.UART_EndRxTransfer
                0x08006e66       0x3c Drivers\STM32F4xx_HAL_Driver\Src\stm32f4xx_hal_uart.o
 .text.UART_DMAAbortOnError
                0x08006ea2       0x28 Drivers\STM32F4xx_HAL_Driver\Src\stm32f4xx_hal_uart.o
 .text.UART_Transmit_IT
                0x08006eca       0xaa Drivers\STM32F4xx_HAL_Driver\Src\stm32f4xx_hal_uart.o
 .text.UART_EndTransmit_IT
                0x08006f74       0x30 Drivers\STM32F4xx_HAL_Driver\Src\stm32f4xx_hal_uart.o
 .text.UART_Receive_IT
                0x08006fa4       0xf2 Drivers\STM32F4xx_HAL_Driver\Src\stm32f4xx_hal_uart.o
 *fill*         0x08007096        0x2 
 .text.UART_SetConfig
                0x08007098      0x438 Drivers\STM32F4xx_HAL_Driver\Src\stm32f4xx_hal_uart.o
 .text.makeFreeRtosPriority
                0x080074d0       0x30 Middlewares\Third_Party\FreeRTOS\Source\CMSIS_RTOS\cmsis_os.o
 .text.inHandlerMode
                0x08007500       0x24 Middlewares\Third_Party\FreeRTOS\Source\CMSIS_RTOS\cmsis_os.o
 .text.osKernelStart
                0x08007524        0xe Middlewares\Third_Party\FreeRTOS\Source\CMSIS_RTOS\cmsis_os.o
                0x08007524                osKernelStart
 .text.osThreadCreate
                0x08007532       0x4e Middlewares\Third_Party\FreeRTOS\Source\CMSIS_RTOS\cmsis_os.o
                0x08007532                osThreadCreate
 .text.osThreadTerminate
                0x08007580       0x18 Middlewares\Third_Party\FreeRTOS\Source\CMSIS_RTOS\cmsis_os.o
                0x08007580                osThreadTerminate
 .text.osDelay  0x08007598       0x28 Middlewares\Third_Party\FreeRTOS\Source\CMSIS_RTOS\cmsis_os.o
                0x08007598                osDelay
 .text.osSystickHandler
                0x080075c0       0x16 Middlewares\Third_Party\FreeRTOS\Source\CMSIS_RTOS\cmsis_os.o
                0x080075c0                osSystickHandler
 .text.osThreadSuspend
                0x080075d6       0x18 Middlewares\Third_Party\FreeRTOS\Source\CMSIS_RTOS\cmsis_os.o
                0x080075d6                osThreadSuspend
 *fill*         0x080075ee        0x2 
 .text.osThreadResume
                0x080075f0       0x44 Middlewares\Third_Party\FreeRTOS\Source\CMSIS_RTOS\cmsis_os.o
                0x080075f0                osThreadResume
 .text.xEventGroupCreate
                0x08007634       0x2e Middlewares\Third_Party\FreeRTOS\Source\event_groups.o
                0x08007634                xEventGroupCreate
 *fill*         0x08007662        0x2 
 .text.xEventGroupWaitBits
                0x08007664      0x190 Middlewares\Third_Party\FreeRTOS\Source\event_groups.o
                0x08007664                xEventGroupWaitBits
 .text.xEventGroupClearBits
                0x080077f4       0x6c Middlewares\Third_Party\FreeRTOS\Source\event_groups.o
                0x080077f4                xEventGroupClearBits
 .text.xEventGroupSetBits
                0x08007860      0x112 Middlewares\Third_Party\FreeRTOS\Source\event_groups.o
                0x08007860                xEventGroupSetBits
 .text.vEventGroupSetBitsCallback
                0x08007972       0x1a Middlewares\Third_Party\FreeRTOS\Source\event_groups.o
                0x08007972                vEventGroupSetBitsCallback
 .text.prvTestWaitCondition
                0x0800798c       0x44 Middlewares\Third_Party\FreeRTOS\Source\event_groups.o
 .text.vListInitialise
                0x080079d0       0x40 Middlewares\Third_Party\FreeRTOS\Source\list.o
                0x080079d0                vListInitialise
 .text.vListInitialiseItem
                0x08007a10       0x1a Middlewares\Third_Party\FreeRTOS\Source\list.o
                0x08007a10                vListInitialiseItem
 .text.vListInsertEnd
                0x08007a2a       0x48 Middlewares\Third_Party\FreeRTOS\Source\list.o
                0x08007a2a                vListInsertEnd
 .text.vListInsert
                0x08007a72       0x72 Middlewares\Third_Party\FreeRTOS\Source\list.o
                0x08007a72                vListInsert
 .text.uxListRemove
                0x08007ae4       0x54 Middlewares\Third_Party\FreeRTOS\Source\list.o
                0x08007ae4                uxListRemove
 .text.pxPortInitialiseStack
                0x08007b38       0x68 Middlewares\Third_Party\FreeRTOS\Source\portable\GCC\ARM_CM4F\port.o
                0x08007b38                pxPortInitialiseStack
 .text.prvTaskExitError
                0x08007ba0       0x3c Middlewares\Third_Party\FreeRTOS\Source\portable\GCC\ARM_CM4F\port.o
 *fill*         0x08007bdc        0x4 
 .text.SVC_Handler
                0x08007be0       0x28 Middlewares\Third_Party\FreeRTOS\Source\portable\GCC\ARM_CM4F\port.o
                0x08007be0                SVC_Handler
 .text.prvPortStartFirstTask
                0x08007c08       0x20 Middlewares\Third_Party\FreeRTOS\Source\portable\GCC\ARM_CM4F\port.o
 .text.xPortStartScheduler
                0x08007c28      0x118 Middlewares\Third_Party\FreeRTOS\Source\portable\GCC\ARM_CM4F\port.o
                0x08007c28                xPortStartScheduler
 .text.vPortEnterCritical
                0x08007d40       0x5c Middlewares\Third_Party\FreeRTOS\Source\portable\GCC\ARM_CM4F\port.o
                0x08007d40                vPortEnterCritical
 .text.vPortExitCritical
                0x08007d9c       0x50 Middlewares\Third_Party\FreeRTOS\Source\portable\GCC\ARM_CM4F\port.o
                0x08007d9c                vPortExitCritical
 *fill*         0x08007dec        0x4 
 .text.PendSV_Handler
                0x08007df0       0x68 Middlewares\Third_Party\FreeRTOS\Source\portable\GCC\ARM_CM4F\port.o
                0x08007df0                PendSV_Handler
 .text.xPortSysTickHandler
                0x08007e58       0x40 Middlewares\Third_Party\FreeRTOS\Source\portable\GCC\ARM_CM4F\port.o
                0x08007e58                xPortSysTickHandler
 .text.vPortSetupTimerInterrupt
                0x08007e98       0x38 Middlewares\Third_Party\FreeRTOS\Source\portable\GCC\ARM_CM4F\port.o
                0x08007e98                vPortSetupTimerInterrupt
 .text.vPortEnableVFP
                0x08007ed0       0x14 Middlewares\Third_Party\FreeRTOS\Source\portable\GCC\ARM_CM4F\port.o
 .text.vPortValidateInterruptPriority
                0x08007ee4       0x7c Middlewares\Third_Party\FreeRTOS\Source\portable\GCC\ARM_CM4F\port.o
                0x08007ee4                vPortValidateInterruptPriority
 .text.pvPortMalloc
                0x08007f60      0x184 Middlewares\Third_Party\FreeRTOS\Source\portable\MemMang\heap_4.o
                0x08007f60                pvPortMalloc
 .text.vPortFree
                0x080080e4       0xb0 Middlewares\Third_Party\FreeRTOS\Source\portable\MemMang\heap_4.o
                0x080080e4                vPortFree
 .text.prvHeapInit
                0x08008194       0xc8 Middlewares\Third_Party\FreeRTOS\Source\portable\MemMang\heap_4.o
 .text.prvInsertBlockIntoFreeList
                0x0800825c       0xb4 Middlewares\Third_Party\FreeRTOS\Source\portable\MemMang\heap_4.o
 .text.xQueueGenericReset
                0x08008310       0xd0 Middlewares\Third_Party\FreeRTOS\Source\queue.o
                0x08008310                xQueueGenericReset
 .text.xQueueGenericCreate
                0x080083e0       0x72 Middlewares\Third_Party\FreeRTOS\Source\queue.o
                0x080083e0                xQueueGenericCreate
 .text.prvInitialiseNewQueue
                0x08008452       0x3e Middlewares\Third_Party\FreeRTOS\Source\queue.o
 .text.xQueueGenericSend
                0x08008490      0x1f4 Middlewares\Third_Party\FreeRTOS\Source\queue.o
                0x08008490                xQueueGenericSend
 .text.xQueueGenericSendFromISR
                0x08008684      0x128 Middlewares\Third_Party\FreeRTOS\Source\queue.o
                0x08008684                xQueueGenericSendFromISR
 .text.xQueueGiveFromISR
                0x080087ac      0x112 Middlewares\Third_Party\FreeRTOS\Source\queue.o
                0x080087ac                xQueueGiveFromISR
 *fill*         0x080088be        0x2 
 .text.xQueueGenericReceive
                0x080088c0      0x224 Middlewares\Third_Party\FreeRTOS\Source\queue.o
                0x080088c0                xQueueGenericReceive
 .text.prvCopyDataToQueue
                0x08008ae4       0xd4 Middlewares\Third_Party\FreeRTOS\Source\queue.o
 .text.prvCopyDataFromQueue
                0x08008bb8       0x4c Middlewares\Third_Party\FreeRTOS\Source\queue.o
 .text.prvUnlockQueue
                0x08008c04       0xa4 Middlewares\Third_Party\FreeRTOS\Source\queue.o
 .text.prvIsQueueEmpty
                0x08008ca8       0x2c Middlewares\Third_Party\FreeRTOS\Source\queue.o
 .text.prvIsQueueFull
                0x08008cd4       0x30 Middlewares\Third_Party\FreeRTOS\Source\queue.o
 .text.vQueueAddToRegistry
                0x08008d04       0x50 Middlewares\Third_Party\FreeRTOS\Source\queue.o
                0x08008d04                vQueueAddToRegistry
 .text.vQueueWaitForMessageRestricted
                0x08008d54       0x68 Middlewares\Third_Party\FreeRTOS\Source\queue.o
                0x08008d54                vQueueWaitForMessageRestricted
 .text.xTaskCreate
                0x08008dbc       0x82 Middlewares\Third_Party\FreeRTOS\Source\tasks.o
                0x08008dbc                xTaskCreate
 .text.prvInitialiseNewTask
                0x08008e3e       0xfc Middlewares\Third_Party\FreeRTOS\Source\tasks.o
 *fill*         0x08008f3a        0x2 
 .text.prvAddNewTaskToReadyList
                0x08008f3c       0xd4 Middlewares\Third_Party\FreeRTOS\Source\tasks.o
 .text.vTaskDelete
                0x08009010      0x11c Middlewares\Third_Party\FreeRTOS\Source\tasks.o
                0x08009010                vTaskDelete
 .text.vTaskDelay
                0x0800912c       0x68 Middlewares\Third_Party\FreeRTOS\Source\tasks.o
                0x0800912c                vTaskDelay
 .text.vTaskSuspend
                0x08009194      0x110 Middlewares\Third_Party\FreeRTOS\Source\tasks.o
                0x08009194                vTaskSuspend
 .text.prvTaskIsTaskSuspended
                0x080092a4       0x74 Middlewares\Third_Party\FreeRTOS\Source\tasks.o
 .text.vTaskResume
                0x08009318       0xb8 Middlewares\Third_Party\FreeRTOS\Source\tasks.o
                0x08009318                vTaskResume
 .text.xTaskResumeFromISR
                0x080093d0       0xe0 Middlewares\Third_Party\FreeRTOS\Source\tasks.o
                0x080093d0                xTaskResumeFromISR
 .text.vTaskStartScheduler
                0x080094b0       0x98 Middlewares\Third_Party\FreeRTOS\Source\tasks.o
                0x080094b0                vTaskStartScheduler
 .text.vTaskSuspendAll
                0x08009548       0x1c Middlewares\Third_Party\FreeRTOS\Source\tasks.o
                0x08009548                vTaskSuspendAll
 .text.xTaskResumeAll
                0x08009564      0x138 Middlewares\Third_Party\FreeRTOS\Source\tasks.o
                0x08009564                xTaskResumeAll
 .text.xTaskGetTickCount
                0x0800969c       0x20 Middlewares\Third_Party\FreeRTOS\Source\tasks.o
                0x0800969c                xTaskGetTickCount
 .text.xTaskIncrementTick
                0x080096bc      0x178 Middlewares\Third_Party\FreeRTOS\Source\tasks.o
                0x080096bc                xTaskIncrementTick
 .text.vTaskSwitchContext
                0x08009834       0xb4 Middlewares\Third_Party\FreeRTOS\Source\tasks.o
                0x08009834                vTaskSwitchContext
 .text.vTaskPlaceOnEventList
                0x080098e8       0x48 Middlewares\Third_Party\FreeRTOS\Source\tasks.o
                0x080098e8                vTaskPlaceOnEventList
 .text.vTaskPlaceOnUnorderedEventList
                0x08009930       0x74 Middlewares\Third_Party\FreeRTOS\Source\tasks.o
                0x08009930                vTaskPlaceOnUnorderedEventList
 .text.vTaskPlaceOnEventListRestricted
                0x080099a4       0x54 Middlewares\Third_Party\FreeRTOS\Source\tasks.o
                0x080099a4                vTaskPlaceOnEventListRestricted
 .text.xTaskRemoveFromEventList
                0x080099f8       0xc4 Middlewares\Third_Party\FreeRTOS\Source\tasks.o
                0x080099f8                xTaskRemoveFromEventList
 .text.xTaskRemoveFromUnorderedEventList
                0x08009abc       0xcc Middlewares\Third_Party\FreeRTOS\Source\tasks.o
                0x08009abc                xTaskRemoveFromUnorderedEventList
 .text.vTaskSetTimeOutState
                0x08009b88       0x48 Middlewares\Third_Party\FreeRTOS\Source\tasks.o
                0x08009b88                vTaskSetTimeOutState
 .text.xTaskCheckForTimeOut
                0x08009bd0       0xbc Middlewares\Third_Party\FreeRTOS\Source\tasks.o
                0x08009bd0                xTaskCheckForTimeOut
 .text.vTaskMissedYield
                0x08009c8c       0x18 Middlewares\Third_Party\FreeRTOS\Source\tasks.o
                0x08009c8c                vTaskMissedYield
 .text.prvIdleTask
                0x08009ca4       0x30 Middlewares\Third_Party\FreeRTOS\Source\tasks.o
 .text.prvInitialiseTaskLists
                0x08009cd4       0x80 Middlewares\Third_Party\FreeRTOS\Source\tasks.o
 .text.prvCheckTasksWaitingTermination
                0x08009d54       0x78 Middlewares\Third_Party\FreeRTOS\Source\tasks.o
 .text.prvDeleteTCB
                0x08009dcc       0x20 Middlewares\Third_Party\FreeRTOS\Source\tasks.o
 .text.prvResetNextTaskUnblockTime
                0x08009dec       0x4c Middlewares\Third_Party\FreeRTOS\Source\tasks.o
 .text.xTaskGetSchedulerState
                0x08009e38       0x3c Middlewares\Third_Party\FreeRTOS\Source\tasks.o
                0x08009e38                xTaskGetSchedulerState
 .text.vTaskPriorityInherit
                0x08009e74       0xec Middlewares\Third_Party\FreeRTOS\Source\tasks.o
                0x08009e74                vTaskPriorityInherit
 .text.xTaskPriorityDisinherit
                0x08009f60      0x108 Middlewares\Third_Party\FreeRTOS\Source\tasks.o
                0x08009f60                xTaskPriorityDisinherit
 .text.uxTaskResetEventItemValue
                0x0800a068       0x30 Middlewares\Third_Party\FreeRTOS\Source\tasks.o
                0x0800a068                uxTaskResetEventItemValue
 .text.pvTaskIncrementMutexHeldCount
                0x0800a098       0x28 Middlewares\Third_Party\FreeRTOS\Source\tasks.o
                0x0800a098                pvTaskIncrementMutexHeldCount
 .text.prvAddCurrentTaskToDelayedList
                0x0800a0c0       0xcc Middlewares\Third_Party\FreeRTOS\Source\tasks.o
 .text.xTimerCreateTimerTask
                0x0800a18c       0x64 Middlewares\Third_Party\FreeRTOS\Source\timers.o
                0x0800a18c                xTimerCreateTimerTask
 .text.xTimerCreate
                0x0800a1f0       0x3a Middlewares\Third_Party\FreeRTOS\Source\timers.o
                0x0800a1f0                xTimerCreate
 .text.prvInitialiseNewTimer
                0x0800a22a       0x62 Middlewares\Third_Party\FreeRTOS\Source\timers.o
 .text.xTimerGenericCommand
                0x0800a28c       0x98 Middlewares\Third_Party\FreeRTOS\Source\timers.o
                0x0800a28c                xTimerGenericCommand
 .text.prvProcessExpiredTimer
                0x0800a324       0x80 Middlewares\Third_Party\FreeRTOS\Source\timers.o
 .text.prvTimerTask
                0x0800a3a4       0x24 Middlewares\Third_Party\FreeRTOS\Source\timers.o
 .text.prvProcessTimerOrBlockTask
                0x0800a3c8       0x9c Middlewares\Third_Party\FreeRTOS\Source\timers.o
 .text.prvGetNextExpireTime
                0x0800a464       0x48 Middlewares\Third_Party\FreeRTOS\Source\timers.o
 .text.prvSampleTimeNow
                0x0800a4ac       0x40 Middlewares\Third_Party\FreeRTOS\Source\timers.o
 .text.prvInsertTimerInActiveList
                0x0800a4ec       0x84 Middlewares\Third_Party\FreeRTOS\Source\timers.o
 .text.prvProcessReceivedCommands
                0x0800a570      0x154 Middlewares\Third_Party\FreeRTOS\Source\timers.o
 .text.prvSwitchTimerLists
                0x0800a6c4       0xc0 Middlewares\Third_Party\FreeRTOS\Source\timers.o
 .text.prvCheckForValidListAndQueue
                0x0800a784       0x6c Middlewares\Third_Party\FreeRTOS\Source\timers.o
 .text.pvTimerGetTimerID
                0x0800a7f0       0x3e Middlewares\Third_Party\FreeRTOS\Source\timers.o
                0x0800a7f0                pvTimerGetTimerID
 *fill*         0x0800a82e        0x2 
 .text.xTimerPendFunctionCallFromISR
                0x0800a830       0x40 Middlewares\Third_Party\FreeRTOS\Source\timers.o
                0x0800a830                xTimerPendFunctionCallFromISR
 .text.CheckBatteriesTask
                0x0800a870       0xc8 Src\adc.o
                0x0800a870                CheckBatteriesTask
 .text.ReadDistanceSensorsTask
                0x0800a938      0x110 Src\adc.o
                0x0800a938                ReadDistanceSensorsTask
 .text.ReadMotorCurrentTask
                0x0800aa48       0xac Src\adc.o
                0x0800aa48                ReadMotorCurrentTask
 .text.HAL_ADC_ConvCpltCallback
                0x0800aaf4       0x70 Src\adc.o
                0x0800aaf4                HAL_ADC_ConvCpltCallback
 .text.InterpolateDistance
                0x0800ab64      0x1ec Src\adc.o
                0x0800ab64                InterpolateDistance
 .text.MovingAverage
                0x0800ad50      0x1e8 Src\adc.o
                0x0800ad50                MovingAverage
 .text.ObstacleHypotheser
                0x0800af38      0x1a0 Src\adc.o
                0x0800af38                ObstacleHypotheser
 .text.BTCommunicationTask
                0x0800b0d8       0xe8 Src\bluetooth.o
                0x0800b0d8                BTCommunicationTask
 .text.BluetoothResetCallback
                0x0800b1c0       0x14 Src\bluetooth.o
                0x0800b1c0                BluetoothResetCallback
 .text.BluetoothInit
                0x0800b1d4       0x40 Src\bluetooth.o
                0x0800b1d4                BluetoothInit
 .text.BluetoothSend
                0x0800b214       0x28 Src\bluetooth.o
                0x0800b214                BluetoothSend
 .text.BluetoothReceive
                0x0800b23c       0x20 Src\bluetooth.o
                0x0800b23c                BluetoothReceive
 .text.BluetoothFlushTX
                0x0800b25c       0x38 Src\bluetooth.o
                0x0800b25c                BluetoothFlushTX
 .text.BluetoothFlushRX
                0x0800b294       0x40 Src\bluetooth.o
                0x0800b294                BluetoothFlushRX
 .text.CommandParser
                0x0800b2d4      0x63c Src\bluetooth.o
                0x0800b2d4                CommandParser
 .text.HAL_UART_RxCpltCallback
                0x0800b910       0x8c Src\bluetooth.o
                0x0800b910                HAL_UART_RxCpltCallback
 .text.LoadBuffer
                0x0800b99c      0x5cc Src\bluetooth.o
                0x0800b99c                LoadBuffer
 .text.UthosszTask
                0x0800bf68       0xc8 Src\controller.o
                0x0800bf68                UthosszTask
 .text.RollAngleControllerTask
                0x0800c030       0x9c Src\controller.o
                0x0800c030                RollAngleControllerTask
 .text.PIDController
                0x0800c0cc       0xf4 Src\controller.o
                0x0800c0cc                PIDController
 .text.SteeringStateSpaceController
                0x0800c1c0      0x26c Src\controller.o
                0x0800c1c0                SteeringStateSpaceController
 *fill*         0x0800c42c        0x4 
 .text.SpeedControllerTask
                0x0800c430      0x2ac Src\controller.o
                0x0800c430                SpeedControllerTask
 *fill*         0x0800c6dc        0x4 
 .text.ServoSetterTask
                0x0800c6e0       0xb0 Src\controller.o
                0x0800c6e0                ServoSetterTask
 .text.SetMotor
                0x0800c790       0xb4 Src\controller.o
                0x0800c790                SetMotor
 .text.CarTrackerTask
                0x0800c844       0xa4 Src\controller.o
                0x0800c844                CarTrackerTask
 .text.SetRollingInfraServo
                0x0800c8e8       0x74 Src\controller.o
                0x0800c8e8                SetRollingInfraServo
 .text.HMITask  0x0800c95c       0x28 Src\hmi.o
                0x0800c95c                HMITask
 .text.HMIUartRxCallback
                0x0800c984       0x48 Src\hmi.o
                0x0800c984                HMIUartRxCallback
 .text.HMISend  0x0800c9cc       0x34 Src\hmi.o
                0x0800c9cc                HMISend
 .text.HMIReceive
                0x0800ca00       0x24 Src\hmi.o
                0x0800ca00                HMIReceive
 .text.HMIFlushRX
                0x0800ca24       0x40 Src\hmi.o
                0x0800ca24                HMIFlushRX
 .text.HMICommandParser
                0x0800ca64       0x34 Src\hmi.o
                0x0800ca64                HMICommandParser
 .text.InfraReceiveTask
                0x0800ca98       0x44 Src\ir.o
                0x0800ca98                InfraReceiveTask
 .text.CalcPulseType
                0x0800cadc       0x9c Src\ir.o
                0x0800cadc                CalcPulseType
 .text.InfraReceiverInputCaptureCallback
                0x0800cb78       0xec Src\ir.o
                0x0800cb78                InfraReceiverInputCaptureCallback
 *fill*         0x0800cc64        0x4 
 .text.LineDetectorTask
                0x0800cc68      0x1cc Src\line_sensor.o
                0x0800cc68                LineDetectorTask
 .text.DetectTask
                0x0800ce34       0x3c Src\line_sensor.o
                0x0800ce34                DetectTask
 .text.LineGetData
                0x0800ce70       0x70 Src\line_sensor.o
                0x0800ce70                LineGetData
 .text.LineInit
                0x0800cee0       0x38 Src\line_sensor.o
                0x0800cee0                LineInit
 .text.LineFlushTX
                0x0800cf18       0x34 Src\line_sensor.o
                0x0800cf18                LineFlushTX
 .text.LineFlushRX
                0x0800cf4c       0x34 Src\line_sensor.o
                0x0800cf4c                LineFlushRX
 .text.LineSendReceive
                0x0800cf80       0x40 Src\line_sensor.o
                0x0800cf80                LineSendReceive
 .text.LineSortData
                0x0800cfc0       0xdc Src\line_sensor.o
                0x0800cfc0                LineSortData
 .text.HAL_SPI_TxRxCpltCallback
                0x0800d09c       0x60 Src\line_sensor.o
                0x0800d09c                HAL_SPI_TxRxCpltCallback
 .text.HAL_GPIO_EXTI_Callback
                0x0800d0fc       0x44 Src\line_sensor.o
                0x0800d0fc                HAL_GPIO_EXTI_Callback
 .text.LinetypeHypotheserGyorsasagi
                0x0800d140       0x58 Src\line_sensor.o
                0x0800d140                LinetypeHypotheserGyorsasagi
 .text.CheckLineNumArray
                0x0800d198      0x124 Src\line_sensor.o
                0x0800d198                CheckLineNumArray
 *fill*         0x0800d2bc        0x4 
 .text.LinetypeHypotheserUgyessegi
                0x0800d2c0       0xf4 Src\line_sensor.o
                0x0800d2c0                LinetypeHypotheserUgyessegi
 .text.HAL_TIM_PeriodElapsedCallback
                0x0800d3b4       0x30 Src\line_sensor.o
                0x0800d3b4                HAL_TIM_PeriodElapsedCallback
 .text.main     0x0800d3e4      0x4c4 Src\main.o
                0x0800d3e4                main
 .text.SystemClock_Config
                0x0800d8a8      0x108 Src\main.o
                0x0800d8a8                SystemClock_Config
 .text.MX_ADC1_Init
                0x0800d9b0       0xec Src\main.o
 .text.MX_ADC2_Init
                0x0800da9c      0x16c Src\main.o
 .text.MX_ADC3_Init
                0x0800dc08       0xa4 Src\main.o
 .text.MX_I2C1_Init
                0x0800dcac       0x68 Src\main.o
 .text.MX_SPI2_Init
                0x0800dd14       0x78 Src\main.o
 .text.MX_SPI3_Init
                0x0800dd8c       0x78 Src\main.o
 .text.MX_TIM1_Init
                0x0800de04      0x14c Src\main.o
 .text.MX_TIM2_Init
                0x0800df50       0x9c Src\main.o
 .text.MX_TIM3_Init
                0x0800dfec      0x10c Src\main.o
 .text.MX_TIM7_Init
                0x0800e0f8       0x6c Src\main.o
 .text.MX_TIM10_Init
                0x0800e164       0x48 Src\main.o
 .text.MX_TIM12_Init
                0x0800e1ac       0xd0 Src\main.o
 .text.MX_UART4_Init
                0x0800e27c       0x5c Src\main.o
 .text.MX_USART1_UART_Init
                0x0800e2d8       0x5c Src\main.o
 .text.MX_USART2_UART_Init
                0x0800e334       0x5c Src\main.o
 .text.MX_DMA_Init
                0x0800e390      0x11c Src\main.o
 .text.MX_GPIO_Init
                0x0800e4ac      0x1c4 Src\main.o
 .text.TimerCallback
                0x0800e670       0x40 Src\main.o
                0x0800e670                TimerCallback
 .text.InitTimers
                0x0800e6b0       0x70 Src\main.o
                0x0800e6b0                InitTimers
 .text.InitTask
                0x0800e720      0x218 Src\main.o
                0x0800e720                InitTask
 .text.StartDefaultTask
                0x0800e938       0x1c Src\main.o
                0x0800e938                StartDefaultTask
 .text._Error_Handler
                0x0800e954        0xc Src\main.o
                0x0800e954                _Error_Handler
 .text.FlushMemsRx
                0x0800e960       0x34 Src\mems.o
                0x0800e960                FlushMemsRx
 .text.FlushMemsTx
                0x0800e994       0x34 Src\mems.o
                0x0800e994                FlushMemsTx
 .text.MemsTXRXCallback
                0x0800e9c8       0x20 Src\mems.o
                0x0800e9c8                MemsTXRXCallback
 .text.HAL_I2C_MasterTxCpltCallback
                0x0800e9e8       0x28 Src\mpu6050.o
                0x0800e9e8                HAL_I2C_MasterTxCpltCallback
 .text.HAL_I2C_MasterRxCpltCallback
                0x0800ea10       0x30 Src\mpu6050.o
                0x0800ea10                HAL_I2C_MasterRxCpltCallback
 .text.InitRegisters
                0x0800ea40      0x30c Src\register_map.o
                0x0800ea40                InitRegisters
 .text.HAL_TIM_IC_CaptureCallback
                0x0800ed4c       0xbc Src\remotecontrol.o
                0x0800ed4c                HAL_TIM_IC_CaptureCallback
 .text.RemoteControllerTask
                0x0800ee08      0x1d4 Src\remotecontrol.o
                0x0800ee08                RemoteControllerTask
 .text.StarterUartRxCallback
                0x0800efdc       0x3c Src\starter.o
                0x0800efdc                StarterUartRxCallback
 .text.StarterEXTICallback
                0x0800f018       0x7c Src\starter.o
                0x0800f018                StarterEXTICallback
 .text.StarterInit
                0x0800f094        0xe Src\starter.o
                0x0800f094                StarterInit
 *fill*         0x0800f0a2        0x6 
 .text.StateMachineTask
                0x0800f0a8      0xad0 Src\statemachine.o
                0x0800f0a8                StateMachineTask
 .text.HAL_MspInit
                0x0800fb78       0x62 Src\stm32f4xx_hal_msp.o
                0x0800fb78                HAL_MspInit
 *fill*         0x0800fbda        0x2 
 .text.HAL_ADC_MspInit
                0x0800fbdc      0x294 Src\stm32f4xx_hal_msp.o
                0x0800fbdc                HAL_ADC_MspInit
 .text.HAL_I2C_MspInit
                0x0800fe70      0x178 Src\stm32f4xx_hal_msp.o
                0x0800fe70                HAL_I2C_MspInit
 .text.HAL_SPI_MspInit
                0x0800ffe8      0x28c Src\stm32f4xx_hal_msp.o
                0x0800ffe8                HAL_SPI_MspInit
 .text.HAL_TIM_Base_MspInit
                0x08010274      0x108 Src\stm32f4xx_hal_msp.o
                0x08010274                HAL_TIM_Base_MspInit
 .text.HAL_TIM_Encoder_MspInit
                0x0801037c       0x60 Src\stm32f4xx_hal_msp.o
                0x0801037c                HAL_TIM_Encoder_MspInit
 .text.HAL_TIM_PWM_MspInit
                0x080103dc      0x154 Src\stm32f4xx_hal_msp.o
                0x080103dc                HAL_TIM_PWM_MspInit
 .text.HAL_TIM_IC_MspInit
                0x08010530       0x74 Src\stm32f4xx_hal_msp.o
                0x08010530                HAL_TIM_IC_MspInit
 .text.HAL_TIM_MspPostInit
                0x080105a4       0x9c Src\stm32f4xx_hal_msp.o
                0x080105a4                HAL_TIM_MspPostInit
 .text.HAL_UART_MspInit
                0x08010640      0x20c Src\stm32f4xx_hal_msp.o
                0x08010640                HAL_UART_MspInit
 .text.HAL_InitTick
                0x0801084c       0xb4 Src\stm32f4xx_hal_timebase_TIM.o
                0x0801084c                HAL_InitTick
 .text.SysTick_Handler
                0x08010900        0xc Src\stm32f4xx_it.o
                0x08010900                SysTick_Handler
 .text.EXTI2_IRQHandler
                0x0801090c        0xe Src\stm32f4xx_it.o
                0x0801090c                EXTI2_IRQHandler
 *fill*         0x0801091a        0x2 
 .text.DMA1_Stream0_IRQHandler
                0x0801091c       0x14 Src\stm32f4xx_it.o
                0x0801091c                DMA1_Stream0_IRQHandler
 .text.DMA1_Stream2_IRQHandler
                0x08010930       0x14 Src\stm32f4xx_it.o
                0x08010930                DMA1_Stream2_IRQHandler
 .text.DMA1_Stream3_IRQHandler
                0x08010944       0x14 Src\stm32f4xx_it.o
                0x08010944                DMA1_Stream3_IRQHandler
 .text.DMA1_Stream4_IRQHandler
                0x08010958       0x14 Src\stm32f4xx_it.o
                0x08010958                DMA1_Stream4_IRQHandler
 .text.DMA1_Stream5_IRQHandler
                0x0801096c       0x14 Src\stm32f4xx_it.o
                0x0801096c                DMA1_Stream5_IRQHandler
 .text.DMA1_Stream6_IRQHandler
                0x08010980       0x14 Src\stm32f4xx_it.o
                0x08010980                DMA1_Stream6_IRQHandler
 .text.ADC_IRQHandler
                0x08010994       0x28 Src\stm32f4xx_it.o
                0x08010994                ADC_IRQHandler
 .text.I2C1_EV_IRQHandler
                0x080109bc       0x14 Src\stm32f4xx_it.o
                0x080109bc                I2C1_EV_IRQHandler
 .text.I2C1_ER_IRQHandler
                0x080109d0       0x14 Src\stm32f4xx_it.o
                0x080109d0                I2C1_ER_IRQHandler
 .text.SPI2_IRQHandler
                0x080109e4       0x14 Src\stm32f4xx_it.o
                0x080109e4                SPI2_IRQHandler
 .text.USART1_IRQHandler
                0x080109f8       0x14 Src\stm32f4xx_it.o
                0x080109f8                USART1_IRQHandler
 .text.USART2_IRQHandler
                0x08010a0c       0x14 Src\stm32f4xx_it.o
                0x08010a0c                USART2_IRQHandler
 .text.EXTI15_10_IRQHandler
                0x08010a20       0x18 Src\stm32f4xx_it.o
                0x08010a20                EXTI15_10_IRQHandler
 .text.TIM8_BRK_TIM12_IRQHandler
                0x08010a38       0x14 Src\stm32f4xx_it.o
                0x08010a38                TIM8_BRK_TIM12_IRQHandler
 .text.TIM8_TRG_COM_TIM14_IRQHandler
                0x08010a4c       0x14 Src\stm32f4xx_it.o
                0x08010a4c                TIM8_TRG_COM_TIM14_IRQHandler
 .text.DMA1_Stream7_IRQHandler
                0x08010a60       0x14 Src\stm32f4xx_it.o
                0x08010a60                DMA1_Stream7_IRQHandler
 .text.SPI3_IRQHandler
                0x08010a74       0x14 Src\stm32f4xx_it.o
                0x08010a74                SPI3_IRQHandler
 .text.UART4_IRQHandler
                0x08010a88       0x14 Src\stm32f4xx_it.o
                0x08010a88                UART4_IRQHandler
 .text.DMA2_Stream0_IRQHandler
                0x08010a9c       0x14 Src\stm32f4xx_it.o
                0x08010a9c                DMA2_Stream0_IRQHandler
 .text.DMA2_Stream1_IRQHandler
                0x08010ab0       0x14 Src\stm32f4xx_it.o
                0x08010ab0                DMA2_Stream1_IRQHandler
 .text.DMA2_Stream2_IRQHandler
                0x08010ac4       0x14 Src\stm32f4xx_it.o
                0x08010ac4                DMA2_Stream2_IRQHandler
 .text.DMA2_Stream3_IRQHandler
                0x08010ad8       0x14 Src\stm32f4xx_it.o
                0x08010ad8                DMA2_Stream3_IRQHandler
 .text.DMA2_Stream5_IRQHandler
                0x08010aec       0x14 Src\stm32f4xx_it.o
                0x08010aec                DMA2_Stream5_IRQHandler
 .text.DMA2_Stream7_IRQHandler
                0x08010b00       0x14 Src\stm32f4xx_it.o
                0x08010b00                DMA2_Stream7_IRQHandler
 .text.SystemInit
                0x08010b14       0x6c Src\system_stm32f4xx.o
                0x08010b14                SystemInit
 .text.Reset_Handler
                0x08010b80       0x50 startup\startup_stm32f446xx.o
                0x08010b80                Reset_Handler
 .text.Default_Handler
                0x08010bd0        0x2 startup\startup_stm32f446xx.o
                0x08010bd0                RTC_Alarm_IRQHandler
                0x08010bd0                TIM8_CC_IRQHandler
                0x08010bd0                DebugMon_Handler
                0x08010bd0                SPI4_IRQHandler
                0x08010bd0                TIM1_CC_IRQHandler
                0x08010bd0                HardFault_Handler
                0x08010bd0                PVD_IRQHandler
                0x08010bd0                SDIO_IRQHandler
                0x08010bd0                TAMP_STAMP_IRQHandler
                0x08010bd0                NMI_Handler
                0x08010bd0                CAN2_RX1_IRQHandler
                0x08010bd0                EXTI3_IRQHandler
                0x08010bd0                TIM1_UP_TIM10_IRQHandler
                0x08010bd0                TIM8_UP_TIM13_IRQHandler
                0x08010bd0                I2C3_ER_IRQHandler
                0x08010bd0                FMPI2C1_Event_IRQHandler
                0x08010bd0                EXTI0_IRQHandler
                0x08010bd0                I2C2_EV_IRQHandler
                0x08010bd0                CAN1_RX0_IRQHandler
                0x08010bd0                FPU_IRQHandler
                0x08010bd0                OTG_HS_WKUP_IRQHandler
                0x08010bd0                UsageFault_Handler
                0x08010bd0                CAN2_SCE_IRQHandler
                0x08010bd0                SPI1_IRQHandler
                0x08010bd0                TIM6_DAC_IRQHandler
                0x08010bd0                TIM1_BRK_TIM9_IRQHandler
                0x08010bd0                DCMI_IRQHandler
                0x08010bd0                CAN2_RX0_IRQHandler
                0x08010bd0                SAI2_IRQHandler
                0x08010bd0                USART6_IRQHandler
                0x08010bd0                USART3_IRQHandler
                0x08010bd0                CAN1_RX1_IRQHandler
                0x08010bd0                UART5_IRQHandler
                0x08010bd0                TIM4_IRQHandler
                0x08010bd0                QUADSPI_IRQHandler
                0x08010bd0                DMA1_Stream1_IRQHandler
                0x08010bd0                TIM3_IRQHandler
                0x08010bd0                RCC_IRQHandler
                0x08010bd0                Default_Handler
                0x08010bd0                CEC_IRQHandler
                0x08010bd0                TIM7_IRQHandler
                0x08010bd0                CAN2_TX_IRQHandler
                0x08010bd0                TIM5_IRQHandler
                0x08010bd0                I2C3_EV_IRQHandler
                0x08010bd0                EXTI9_5_IRQHandler
                0x08010bd0                RTC_WKUP_IRQHandler
                0x08010bd0                SPDIF_RX_IRQHandler
                0x08010bd0                OTG_HS_EP1_IN_IRQHandler
                0x08010bd0                MemManage_Handler
                0x08010bd0                CAN1_TX_IRQHandler
                0x08010bd0                EXTI4_IRQHandler
                0x08010bd0                OTG_HS_EP1_OUT_IRQHandler
                0x08010bd0                WWDG_IRQHandler
                0x08010bd0                TIM2_IRQHandler
                0x08010bd0                OTG_FS_WKUP_IRQHandler
                0x08010bd0                TIM1_TRG_COM_TIM11_IRQHandler
                0x08010bd0                OTG_HS_IRQHandler
                0x08010bd0                EXTI1_IRQHandler
                0x08010bd0                I2C2_ER_IRQHandler
                0x08010bd0                CAN1_SCE_IRQHandler
                0x08010bd0                FLASH_IRQHandler
                0x08010bd0                DMA2_Stream4_IRQHandler
                0x08010bd0                BusFault_Handler
                0x08010bd0                OTG_FS_IRQHandler
                0x08010bd0                FMC_IRQHandler
                0x08010bd0                DMA2_Stream6_IRQHandler
                0x08010bd0                SAI1_IRQHandler
                0x08010bd0                FMPI2C1_Error_IRQHandler
 *fill*         0x08010bd2        0x2 
 .text.__libc_init_array
                0x08010bd4       0x48 c:/program files (x86)/atollic/truestudio for arm 8.1.0/armtools/bin/../lib/gcc/arm-atollic-eabi/6.3.1/../../../../arm-atollic-eabi/lib/armv7e-m/fpu\libc_nano.a(lib_a-init.o)
                0x08010bd4                __libc_init_array
 .text.memcpy   0x08010c1c       0x16 c:/program files (x86)/atollic/truestudio for arm 8.1.0/armtools/bin/../lib/gcc/arm-atollic-eabi/6.3.1/../../../../arm-atollic-eabi/lib/armv7e-m/fpu\libc_nano.a(lib_a-memcpy-stub.o)
                0x08010c1c                memcpy
 .text.strncmp  0x08010c32       0x24 c:/program files (x86)/atollic/truestudio for arm 8.1.0/armtools/bin/../lib/gcc/arm-atollic-eabi/6.3.1/../../../../arm-atollic-eabi/lib/armv7e-m/fpu\libc_nano.a(lib_a-strncmp.o)
                0x08010c32                strncmp
 *fill*         0x08010c56        0x2 
 .text.exp      0x08010c58       0xf8 c:/program files (x86)/atollic/truestudio for arm 8.1.0/armtools/bin/../lib/gcc/arm-atollic-eabi/6.3.1/../../../../arm-atollic-eabi/lib/armv7e-m/fpu\libm.a(lib_a-w_exp.o)
                0x08010c58                exp
 .text.__ieee754_exp
                0x08010d50      0x2e4 c:/program files (x86)/atollic/truestudio for arm 8.1.0/armtools/bin/../lib/gcc/arm-atollic-eabi/6.3.1/../../../../arm-atollic-eabi/lib/armv7e-m/fpu\libm.a(lib_a-e_exp.o)
                0x08010d50                __ieee754_exp
 .text.finite   0x08011034       0x10 c:/program files (x86)/atollic/truestudio for arm 8.1.0/armtools/bin/../lib/gcc/arm-atollic-eabi/6.3.1/../../../../arm-atollic-eabi/lib/armv7e-m/fpu\libm.a(lib_a-s_finite.o)
                0x08011034                finite
 .text.matherr  0x08011044        0x4 c:/program files (x86)/atollic/truestudio for arm 8.1.0/armtools/bin/../lib/gcc/arm-atollic-eabi/6.3.1/../../../../arm-atollic-eabi/lib/armv7e-m/fpu\libm.a(lib_a-s_matherr.o)
                0x08011044                matherr
 .text.__errno  0x08011048        0xc c:/program files (x86)/atollic/truestudio for arm 8.1.0/armtools/bin/../lib/gcc/arm-atollic-eabi/6.3.1/../../../../arm-atollic-eabi/lib/armv7e-m/fpu\libc_nano.a(lib_a-errno.o)
                0x08011048                __errno
 *(.glue_7)
 .glue_7        0x08011054        0x0 linker stubs
 *(.glue_7t)
 .glue_7t       0x08011054        0x0 linker stubs
 *(.eh_frame)
 .eh_frame      0x08011054        0x0 c:/program files (x86)/atollic/truestudio for arm 8.1.0/armtools/bin/../lib/gcc/arm-atollic-eabi/6.3.1/armv7e-m/fpu/crtbegin.o
 *(.init)
 .init          0x08011054        0x4 c:/program files (x86)/atollic/truestudio for arm 8.1.0/armtools/bin/../lib/gcc/arm-atollic-eabi/6.3.1/armv7e-m/fpu/crti.o
                0x08011054                _init
 .init          0x08011058        0x8 c:/program files (x86)/atollic/truestudio for arm 8.1.0/armtools/bin/../lib/gcc/arm-atollic-eabi/6.3.1/armv7e-m/fpu/crtn.o
 *(.fini)
 .fini          0x08011060        0x4 c:/program files (x86)/atollic/truestudio for arm 8.1.0/armtools/bin/../lib/gcc/arm-atollic-eabi/6.3.1/armv7e-m/fpu/crti.o
                0x08011060                _fini
 .fini          0x08011064        0x8 c:/program files (x86)/atollic/truestudio for arm 8.1.0/armtools/bin/../lib/gcc/arm-atollic-eabi/6.3.1/armv7e-m/fpu/crtn.o
                0x0801106c                . = ALIGN (0x4)
                0x0801106c                _etext = .

.vfp11_veneer   0x0801106c        0x0
 .vfp11_veneer  0x0801106c        0x0 linker stubs

.v4_bx          0x0801106c        0x0
 .v4_bx         0x0801106c        0x0 linker stubs

.iplt           0x0801106c        0x0
 .iplt          0x0801106c        0x0 c:/program files (x86)/atollic/truestudio for arm 8.1.0/armtools/bin/../lib/gcc/arm-atollic-eabi/6.3.1/armv7e-m/fpu/crtbegin.o

.rodata         0x08011070      0x4a8
                0x08011070                . = ALIGN (0x4)
 *(.rodata)
 .rodata        0x08011070        0x5 Middlewares\Third_Party\FreeRTOS\Source\tasks.o
 *fill*         0x08011075        0x3 
 .rodata        0x08011078        0xd Middlewares\Third_Party\FreeRTOS\Source\timers.o
 *fill*         0x08011085        0x3 
 .rodata        0x08011088       0xe0 Src\adc.o
 .rodata        0x08011168       0x36 Src\bluetooth.o
 *fill*         0x0801119e        0x2 
 .rodata        0x080111a0      0x302 Src\main.o
 *fill*         0x080114a2        0x2 
 .rodata        0x080114a4       0x1b Src\stm32f4xx_hal_msp.o
 *(.rodata*)
 *fill*         0x080114bf        0x1 
 .rodata.flagBitshiftOffset.9348
                0x080114c0        0x8 Drivers\STM32F4xx_HAL_Driver\Src\stm32f4xx_hal_dma.o
 .rodata.AHBPrescTable
                0x080114c8       0x10 Src\system_stm32f4xx.o
                0x080114c8                AHBPrescTable
 .rodata.APBPrescTable
                0x080114d8        0x8 Src\system_stm32f4xx.o
                0x080114d8                APBPrescTable
 .rodata.exp.str1.1
                0x080114e0        0x4 c:/program files (x86)/atollic/truestudio for arm 8.1.0/armtools/bin/../lib/gcc/arm-atollic-eabi/6.3.1/../../../../arm-atollic-eabi/lib/armv7e-m/fpu\libm.a(lib_a-w_exp.o)
 *fill*         0x080114e4        0x4 
 .rodata.halF   0x080114e8       0x10 c:/program files (x86)/atollic/truestudio for arm 8.1.0/armtools/bin/../lib/gcc/arm-atollic-eabi/6.3.1/../../../../arm-atollic-eabi/lib/armv7e-m/fpu\libm.a(lib_a-e_exp.o)
 .rodata.ln2HI  0x080114f8       0x10 c:/program files (x86)/atollic/truestudio for arm 8.1.0/armtools/bin/../lib/gcc/arm-atollic-eabi/6.3.1/../../../../arm-atollic-eabi/lib/armv7e-m/fpu\libm.a(lib_a-e_exp.o)
 .rodata.ln2LO  0x08011508       0x10 c:/program files (x86)/atollic/truestudio for arm 8.1.0/armtools/bin/../lib/gcc/arm-atollic-eabi/6.3.1/../../../../arm-atollic-eabi/lib/armv7e-m/fpu\libm.a(lib_a-e_exp.o)
                0x08011518                . = ALIGN (0x4)

.ARM.extab
 *(.ARM.extab* .gnu.linkonce.armextab.*)

.ARM            0x08011518        0x8
                0x08011518                __exidx_start = .
 *(.ARM.exidx*)
 .ARM.exidx     0x08011518        0x8 c:/program files (x86)/atollic/truestudio for arm 8.1.0/armtools/bin/../lib/gcc/arm-atollic-eabi/6.3.1/armv7e-m/fpu\libgcc.a(_udivmoddi4.o)
                0x08011520                __exidx_end = .

.rel.dyn        0x08011520        0x0
 .rel.iplt      0x08011520        0x0 c:/program files (x86)/atollic/truestudio for arm 8.1.0/armtools/bin/../lib/gcc/arm-atollic-eabi/6.3.1/armv7e-m/fpu/crtbegin.o

.preinit_array  0x08011520        0x0
                0x08011520                PROVIDE (__preinit_array_start, .)
 *(.preinit_array*)
                0x08011520                PROVIDE (__preinit_array_end, .)

.init_array     0x08011520        0x4
                0x08011520                PROVIDE (__init_array_start, .)
 *(SORT(.init_array.*))
 *(.init_array*)
 .init_array    0x08011520        0x4 c:/program files (x86)/atollic/truestudio for arm 8.1.0/armtools/bin/../lib/gcc/arm-atollic-eabi/6.3.1/armv7e-m/fpu/crtbegin.o
                0x08011524                PROVIDE (__init_array_end, .)

.fini_array     0x08011524        0x4
                [!provide]                PROVIDE (__fini_array_start, .)
 *(SORT(.fini_array.*))
 *(.fini_array*)
 .fini_array    0x08011524        0x4 c:/program files (x86)/atollic/truestudio for arm 8.1.0/armtools/bin/../lib/gcc/arm-atollic-eabi/6.3.1/armv7e-m/fpu/crtbegin.o
                [!provide]                PROVIDE (__fini_array_end, .)
                0x08011528                _sidata = LOADADDR (.data)

.data           0x20000000       0xa4 load address 0x08011528
                0x20000000                . = ALIGN (0x4)
                0x20000000                _sdata = .
 *(.data)
 *(.data*)
 .data.uxCriticalNesting
                0x20000000        0x4 Middlewares\Third_Party\FreeRTOS\Source\portable\GCC\ARM_CM4F\port.o
 .data.PreviousDistancesLeft.10531
                0x20000004        0xc Src\adc.o
 .data.PreviousDistancesRight.10532
                0x20000010        0xc Src\adc.o
 .data.PreviousDistancesFrontShort.10533
                0x2000001c        0xc Src\adc.o
 .data.PreviousDistancesFrontLong.10534
                0x20000028        0xc Src\adc.o
 .data.IT_state
                0x20000034        0x1 Src\ir.o
                0x20000034                IT_state
 *fill*         0x20000035        0x3 
 .data.SystemCoreClock
                0x20000038        0x4 Src\system_stm32f4xx.o
                0x20000038                SystemCoreClock
 .data.__fdlib_version
                0x2000003c        0x1 c:/program files (x86)/atollic/truestudio for arm 8.1.0/armtools/bin/../lib/gcc/arm-atollic-eabi/6.3.1/../../../../arm-atollic-eabi/lib/armv7e-m/fpu\libm.a(lib_a-s_lib_ver.o)
                0x2000003c                __fdlib_version
 *fill*         0x2000003d        0x3 
 .data._impure_ptr
                0x20000040        0x4 c:/program files (x86)/atollic/truestudio for arm 8.1.0/armtools/bin/../lib/gcc/arm-atollic-eabi/6.3.1/../../../../arm-atollic-eabi/lib/armv7e-m/fpu\libc_nano.a(lib_a-impure.o)
                0x20000040                _impure_ptr
 .data.impure_data
                0x20000044       0x60 c:/program files (x86)/atollic/truestudio for arm 8.1.0/armtools/bin/../lib/gcc/arm-atollic-eabi/6.3.1/../../../../arm-atollic-eabi/lib/armv7e-m/fpu\libc_nano.a(lib_a-impure.o)
                0x200000a4                . = ALIGN (0x4)
                0x200000a4                _edata = .

.igot.plt       0x200000a4        0x0 load address 0x080115cc
 .igot.plt      0x200000a4        0x0 c:/program files (x86)/atollic/truestudio for arm 8.1.0/armtools/bin/../lib/gcc/arm-atollic-eabi/6.3.1/armv7e-m/fpu/crtbegin.o
                0x200000a4                . = ALIGN (0x4)

.bss            0x200000a8    0x19f48 load address 0x080115cc
                0x200000a8                _sbss = .
                0x200000a8                __bss_start__ = _sbss
 *(.bss)
 .bss           0x200000a8       0x1c c:/program files (x86)/atollic/truestudio for arm 8.1.0/armtools/bin/../lib/gcc/arm-atollic-eabi/6.3.1/armv7e-m/fpu/crtbegin.o
 *(.bss*)
 .bss.ucMaxSysCallPriority
                0x200000c4        0x1 Middlewares\Third_Party\FreeRTOS\Source\portable\GCC\ARM_CM4F\port.o
 *fill*         0x200000c5        0x3 
 .bss.ulMaxPRIGROUPValue
                0x200000c8        0x4 Middlewares\Third_Party\FreeRTOS\Source\portable\GCC\ARM_CM4F\port.o
 .bss.ucHeap    0x200000cc    0x186a0 Middlewares\Third_Party\FreeRTOS\Source\portable\MemMang\heap_4.o
 .bss.xStart    0x2001876c        0x8 Middlewares\Third_Party\FreeRTOS\Source\portable\MemMang\heap_4.o
 .bss.pxEnd     0x20018774        0x4 Middlewares\Third_Party\FreeRTOS\Source\portable\MemMang\heap_4.o
 .bss.xFreeBytesRemaining
                0x20018778        0x4 Middlewares\Third_Party\FreeRTOS\Source\portable\MemMang\heap_4.o
 .bss.xMinimumEverFreeBytesRemaining
                0x2001877c        0x4 Middlewares\Third_Party\FreeRTOS\Source\portable\MemMang\heap_4.o
 .bss.xBlockAllocatedBit
                0x20018780        0x4 Middlewares\Third_Party\FreeRTOS\Source\portable\MemMang\heap_4.o
 .bss.pxCurrentTCB
                0x20018784        0x4 Middlewares\Third_Party\FreeRTOS\Source\tasks.o
                0x20018784                pxCurrentTCB
 .bss.pxReadyTasksLists
                0x20018788       0x8c Middlewares\Third_Party\FreeRTOS\Source\tasks.o
 .bss.xDelayedTaskList1
                0x20018814       0x14 Middlewares\Third_Party\FreeRTOS\Source\tasks.o
 .bss.xDelayedTaskList2
                0x20018828       0x14 Middlewares\Third_Party\FreeRTOS\Source\tasks.o
 .bss.pxDelayedTaskList
                0x2001883c        0x4 Middlewares\Third_Party\FreeRTOS\Source\tasks.o
 .bss.pxOverflowDelayedTaskList
                0x20018840        0x4 Middlewares\Third_Party\FreeRTOS\Source\tasks.o
 .bss.xPendingReadyList
                0x20018844       0x14 Middlewares\Third_Party\FreeRTOS\Source\tasks.o
 .bss.xTasksWaitingTermination
                0x20018858       0x14 Middlewares\Third_Party\FreeRTOS\Source\tasks.o
 .bss.uxDeletedTasksWaitingCleanUp
                0x2001886c        0x4 Middlewares\Third_Party\FreeRTOS\Source\tasks.o
 .bss.xSuspendedTaskList
                0x20018870       0x14 Middlewares\Third_Party\FreeRTOS\Source\tasks.o
 .bss.uxCurrentNumberOfTasks
                0x20018884        0x4 Middlewares\Third_Party\FreeRTOS\Source\tasks.o
 .bss.xTickCount
                0x20018888        0x4 Middlewares\Third_Party\FreeRTOS\Source\tasks.o
 .bss.uxTopReadyPriority
                0x2001888c        0x4 Middlewares\Third_Party\FreeRTOS\Source\tasks.o
 .bss.xSchedulerRunning
                0x20018890        0x4 Middlewares\Third_Party\FreeRTOS\Source\tasks.o
 .bss.uxPendedTicks
                0x20018894        0x4 Middlewares\Third_Party\FreeRTOS\Source\tasks.o
 .bss.xYieldPending
                0x20018898        0x4 Middlewares\Third_Party\FreeRTOS\Source\tasks.o
 .bss.xNumOfOverflows
                0x2001889c        0x4 Middlewares\Third_Party\FreeRTOS\Source\tasks.o
 .bss.uxTaskNumber
                0x200188a0        0x4 Middlewares\Third_Party\FreeRTOS\Source\tasks.o
 .bss.xNextTaskUnblockTime
                0x200188a4        0x4 Middlewares\Third_Party\FreeRTOS\Source\tasks.o
 .bss.xIdleTaskHandle
                0x200188a8        0x4 Middlewares\Third_Party\FreeRTOS\Source\tasks.o
 .bss.uxSchedulerSuspended
                0x200188ac        0x4 Middlewares\Third_Party\FreeRTOS\Source\tasks.o
 .bss.xActiveTimerList1
                0x200188b0       0x14 Middlewares\Third_Party\FreeRTOS\Source\timers.o
 .bss.xActiveTimerList2
                0x200188c4       0x14 Middlewares\Third_Party\FreeRTOS\Source\timers.o
 .bss.pxCurrentTimerList
                0x200188d8        0x4 Middlewares\Third_Party\FreeRTOS\Source\timers.o
 .bss.pxOverflowTimerList
                0x200188dc        0x4 Middlewares\Third_Party\FreeRTOS\Source\timers.o
 .bss.xTimerQueue
                0x200188e0        0x4 Middlewares\Third_Party\FreeRTOS\Source\timers.o
 .bss.xTimerTaskHandle
                0x200188e4        0x4 Middlewares\Third_Party\FreeRTOS\Source\timers.o
 .bss.xLastTime.6518
                0x200188e8        0x4 Middlewares\Third_Party\FreeRTOS\Source\timers.o
 .bss.DistanceLeftAvg
                0x200188ec        0x4 Src\adc.o
                0x200188ec                DistanceLeftAvg
 .bss.DistanceRightAvg
                0x200188f0        0x4 Src\adc.o
                0x200188f0                DistanceRightAvg
 .bss.DistanceFrontShortAvg
                0x200188f4        0x4 Src\adc.o
                0x200188f4                DistanceFrontShortAvg
 .bss.DistanceFrontLongAvg
                0x200188f8        0x4 Src\adc.o
                0x200188f8                DistanceFrontLongAvg
 .bss.index.10535
                0x200188fc        0x4 Src\adc.o
 .bss.hmi_rx_index
                0x20018900        0x2 Src\hmi.o
                0x20018900                hmi_rx_index
 .bss.pulse_T1  0x20018902        0x2 Src\ir.o
                0x20018902                pulse_T1
 .bss.pulse_T2  0x20018904        0x2 Src\ir.o
                0x20018904                pulse_T2
 .bss.pulselength
                0x20018906        0x2 Src\ir.o
                0x20018906                pulselength
 .bss.indexx    0x20018908        0x1 Src\ir.o
                0x20018908                indexx
 *fill*         0x20018909        0x3 
 .bss.LineNumChg
                0x2001890c        0x4 Src\line_sensor.o
                0x2001890c                LineNumChg
 .bss.LineNumMax
                0x20018910        0x4 Src\line_sensor.o
                0x20018910                LineNumMax
 .bss.Num0Lines
                0x20018914        0x4 Src\line_sensor.o
                0x20018914                Num0Lines
 .bss.Num1Lines
                0x20018918        0x4 Src\line_sensor.o
                0x20018918                Num1Lines
 .bss.Num2Lines
                0x2001891c        0x4 Src\line_sensor.o
                0x2001891c                Num2Lines
 .bss.Num3Lines
                0x20018920        0x4 Src\line_sensor.o
                0x20018920                Num3Lines
 .bss.num_exti_int.10072
                0x20018924        0x4 Src\starter.o
 *(COMMON)
 COMMON         0x20018928        0x4 Drivers\STM32F4xx_HAL_Driver\Src\stm32f4xx_hal.o
                0x20018928                uwTick
 COMMON         0x2001892c       0x40 Middlewares\Third_Party\FreeRTOS\Source\queue.o
                0x2001892c                xQueueRegistry
 *fill*         0x2001896c        0x4 
 COMMON         0x20018970      0x734 Src\adc.o
                0x20018970                SELFTEST
                0x20018974                KpWeight
                0x20018978                StarterReady
                0x2001897c                Speed
                0x20018980                KdGyors
                0x20018984                LineDataWait
                0x20018985                ActiveInfraFront
                0x20018988                DistanceFrontLongRaw
                0x2001898c                Ki
                0x20018990                D5percent
                0x20018994                LineNumBack
                0x20018995                GyorsasagiState
                0x20018998                AngularX
                0x2001899c                LineAngle
                0x200189a0                KdeltaWeight
                0x200189a4                DebugFirstRun
                0x200189a8                LinePos_controller
                0x200189ac                DistanceFront
                0x200189b0                SpeedSPGyors
                0x200189b4                D5Add
                0x200189b8                bt_buffer_rx
                0x20018a38                LinearZ
                0x20018a3c                LinearX
                0x20018a40                BT_CONNECTED
                0x20018a44                KonvojDir
                0x20018a48                TclMotor
                0x20018a4c                RightDistances
                0x20018a54                LinearY
                0x20018a58                Uthossz
                0x20018a5c                StarterBegin
                0x20018a5d                KorforgalomData
                0x20018a5e                bt_rx
                0x20018a5f                Mode
                0x20018a60                LeftDistances
                0x20018a68                IR_Data
                0x20018a78                SpeedSPKanyar
                0x20018a7c                ActiveInfraBack
                0x20018a80                SpeedSP
                0x20018a84                D5Mul
                0x20018a88                KpGyors
                0x20018a8c                TimeBetweenData
                0x20018a90                kszi
                0x20018a94                Vonalszog_controller
                0x20018a98                LineInfra
                0x20018b18                AngularZ
                0x20018b1c                CarCounterTimerElapsedFlag
                0x20018b20                DroneDetected
                0x20018b24                line_buffer_rx
                0x20018ba4                DistanceLeftRaw
                0x20018ba8                UgyessegiState
                0x20018bb0                Timestamp
                0x20018bb8                SpeedSPFek
                0x20018bbc                MovAvgFrontEnabled
                0x20018bc0                KdKanyar
                0x20018bc4                DistanceRight
                0x20018bc8                KpKanyar
                0x20018bcc                BatteryLogic
                0x20018bd0                DebugState
                0x20018bd4                DistanceFrontShortRaw
                0x20018bd8                LinePositionBack
                0x20018bdc                Kd
                0x20018be0                BatteryMotor
                0x20018be4                CalibRequestState
                0x20018be5                LineNumFront
                0x20018be8                LinePositionFront
                0x20018bec                DistanceLeft
                0x20018bf0                temp_reverse
                0x20018bf8                LineDataReady
                0x20018bfc                Kp
                0x20018c00                AngularY
                0x20018c04                rx_pointer
                0x20018c08                bt_buffer_tx
                0x20019008                Running
                0x2001900c                UthosszTarget
                0x20019010                line_buffer_tx
                0x20019090                DistanceRightRaw
                0x20019094                MotorCurrent
                0x20019098                ServoPos
                0x2001909c                DebugMode
                0x200190a0                OutputDivisor
 COMMON         0x200190a4        0x4 Src\bluetooth.o
                0x200190a4                BtUartHandle
 COMMON         0x200190a8      0x484 Src\hmi.o
                0x200190a8                hmi_buffer_rx
                0x20019128                RX_buf
                0x2001912c                hmi_buffer_tx
 COMMON         0x2001952c       0xd9 Src\ir.o
                0x2001952c                RC5_bitstream
                0x2001953c                tempTimes
                0x20019604                pulsetype
 *fill*         0x20019605        0x3 
 COMMON         0x20019608       0x2c Src\line_sensor.o
                0x20019608                sensed_linetype
                0x20019609                LineNumFront_Prev
                0x2001960c                LineSPIHandle
                0x20019610                contaigous_regions_back_prev
                0x20019611                v
                0x20019612                contaigous_regions_back
                0x20019614                LineNumArray
                0x20019620                ActiveInfraNumArray
 COMMON         0x20019634      0x960 Src\main.o
                0x20019634                Semaphore_ADC_motor_curr
                0x20019638                hdma_tim1_ch1
                0x20019698                defaultTaskHandle
                0x2001969c                hspi2
                0x200196f4                LineDataTaskHandle
                0x200196f8                Semaphore_ADC_batteries
                0x200196fc                StateMachineTaskHandle
                0x20019700                hadc2
                0x20019748                hdma_i2c1_tx
                0x200197a8                SteeringStateSpaceControllerHandle
                0x200197ac                SendBTTaskHandle
                0x200197b0                ControllerTaskHandle
                0x200197b4                hi2c1
                0x20019808                htim10
                0x20019844                hdma_spi2_rx
                0x200198a4                hdma_adc3
                0x20019904                InitTaskHandle
                0x20019908                Eventgroup_Triggers
                0x2001990c                htim3
                0x20019948                HMITaskHandle
                0x2001994c                hspi3
                0x200199a4                Semaphore_MEMS_ready
                0x200199a8                hdma_spi3_tx
                0x20019a08                Semaphore_ADC_dist_sensors
                0x20019a0c                hdma_usart1_tx
                0x20019a6c                hadc1
                0x20019ab4                DetectTaskHandle
                0x20019ab8                hadc3
                0x20019b00                hdma_usart1_rx
                0x20019b60                Semaphore_linesensor_ready
                0x20019b64                RollAngleControllerTaskHandle
                0x20019b68                huart1
                0x20019ba8                xTimers
                0x20019bac                UthosszTaskHandle
                0x20019bb0                ReadDistanceSensorsTaskHandle
                0x20019bb4                hdma_adc1
                0x20019c14                hdma_tim3_ch1_trig
                0x20019c74                hdma_tim3_ch2
                0x20019cd4                htim1
                0x20019d10                RemotecontrolTaskHandle
                0x20019d14                hdma_i2c1_rx
                0x20019d74                ReadMotorCurrentTaskHandle
                0x20019d78                SpeedControllerTaskHandle
                0x20019d7c                huart4
                0x20019dbc                htim2
                0x20019df8                huart2
                0x20019e38                LineDetectorTaskHandle
                0x20019e3c                Semaphore_Uthossz_Achieved
                0x20019e40                ServoSetterTaskHandle
                0x20019e44                hdma_adc2
                0x20019ea4                htim12
                0x20019ee0                Eventgroup_inputCaptures
                0x20019ee4                CarTrackerTaskHandle
                0x20019ee8                InfraReceiveTaskHandle
                0x20019eec                Semaphore_SPI_vonal_buffer
                0x20019ef0                htim7