Archive member included to satisfy reference by file (symbol)

c:/program files (x86)/atollic/truestudio for arm 8.1.0/armtools/bin/../lib/gcc/arm-atollic-eabi/6.3.1/../../../../arm-atollic-eabi/lib/armv7e-m/fpu\libc_nano.a(lib_a-init.o)
                              startup\startup_stm32f446xx.o (__libc_init_array)
c:/program files (x86)/atollic/truestudio for arm 8.1.0/armtools/bin/../lib/gcc/arm-atollic-eabi/6.3.1/../../../../arm-atollic-eabi/lib/armv7e-m/fpu\libc_nano.a(lib_a-memcpy-stub.o)
                              Middlewares\Third_Party\FreeRTOS\Source\queue.o (memcpy)
c:/program files (x86)/atollic/truestudio for arm 8.1.0/armtools/bin/../lib/gcc/arm-atollic-eabi/6.3.1/../../../../arm-atollic-eabi/lib/armv7e-m/fpu\libc_nano.a(lib_a-memset.o)
                              Middlewares\Third_Party\FreeRTOS\Source\CMSIS_RTOS\cmsis_os.o (memset)
c:/program files (x86)/atollic/truestudio for arm 8.1.0/armtools/bin/../lib/gcc/arm-atollic-eabi/6.3.1/../../../../arm-atollic-eabi/lib/armv7e-m/fpu\libc_nano.a(lib_a-strncmp.o)
                              Src\bluetooth.o (strncmp)
c:/program files (x86)/atollic/truestudio for arm 8.1.0/armtools/bin/../lib/gcc/arm-atollic-eabi/6.3.1/../../../../arm-atollic-eabi/lib/armv7e-m/fpu\libm.a(lib_a-s_sin.o)
                              Src\mpu6050.o (sin)
c:/program files (x86)/atollic/truestudio for arm 8.1.0/armtools/bin/../lib/gcc/arm-atollic-eabi/6.3.1/../../../../arm-atollic-eabi/lib/armv7e-m/fpu\libm.a(lib_a-w_asin.o)
                              Src\mpu6050.o (asin)
c:/program files (x86)/atollic/truestudio for arm 8.1.0/armtools/bin/../lib/gcc/arm-atollic-eabi/6.3.1/../../../../arm-atollic-eabi/lib/armv7e-m/fpu\libm.a(lib_a-w_exp.o)
                              Src\controller.o (exp)
c:/program files (x86)/atollic/truestudio for arm 8.1.0/armtools/bin/../lib/gcc/arm-atollic-eabi/6.3.1/../../../../arm-atollic-eabi/lib/armv7e-m/fpu\libm.a(lib_a-w_sqrt.o)
                              Src\mpu6050.o (sqrt)
c:/program files (x86)/atollic/truestudio for arm 8.1.0/armtools/bin/../lib/gcc/arm-atollic-eabi/6.3.1/../../../../arm-atollic-eabi/lib/armv7e-m/fpu\libm.a(lib_a-e_asin.o)
                              c:/program files (x86)/atollic/truestudio for arm 8.1.0/armtools/bin/../lib/gcc/arm-atollic-eabi/6.3.1/../../../../arm-atollic-eabi/lib/armv7e-m/fpu\libm.a(lib_a-w_asin.o) (__ieee754_asin)
c:/program files (x86)/atollic/truestudio for arm 8.1.0/armtools/bin/../lib/gcc/arm-atollic-eabi/6.3.1/../../../../arm-atollic-eabi/lib/armv7e-m/fpu\libm.a(lib_a-e_exp.o)
                              c:/program files (x86)/atollic/truestudio for arm 8.1.0/armtools/bin/../lib/gcc/arm-atollic-eabi/6.3.1/../../../../arm-atollic-eabi/lib/armv7e-m/fpu\libm.a(lib_a-w_exp.o) (__ieee754_exp)
c:/program files (x86)/atollic/truestudio for arm 8.1.0/armtools/bin/../lib/gcc/arm-atollic-eabi/6.3.1/../../../../arm-atollic-eabi/lib/armv7e-m/fpu\libm.a(lib_a-e_rem_pio2.o)
                              c:/program files (x86)/atollic/truestudio for arm 8.1.0/armtools/bin/../lib/gcc/arm-atollic-eabi/6.3.1/../../../../arm-atollic-eabi/lib/armv7e-m/fpu\libm.a(lib_a-s_sin.o) (__ieee754_rem_pio2)
c:/program files (x86)/atollic/truestudio for arm 8.1.0/armtools/bin/../lib/gcc/arm-atollic-eabi/6.3.1/../../../../arm-atollic-eabi/lib/armv7e-m/fpu\libm.a(lib_a-e_sqrt.o)
                              c:/program files (x86)/atollic/truestudio for arm 8.1.0/armtools/bin/../lib/gcc/arm-atollic-eabi/6.3.1/../../../../arm-atollic-eabi/lib/armv7e-m/fpu\libm.a(lib_a-w_sqrt.o) (__ieee754_sqrt)
c:/program files (x86)/atollic/truestudio for arm 8.1.0/armtools/bin/../lib/gcc/arm-atollic-eabi/6.3.1/../../../../arm-atollic-eabi/lib/armv7e-m/fpu\libm.a(lib_a-k_cos.o)
                              c:/program files (x86)/atollic/truestudio for arm 8.1.0/armtools/bin/../lib/gcc/arm-atollic-eabi/6.3.1/../../../../arm-atollic-eabi/lib/armv7e-m/fpu\libm.a(lib_a-s_sin.o) (__kernel_cos)
c:/program files (x86)/atollic/truestudio for arm 8.1.0/armtools/bin/../lib/gcc/arm-atollic-eabi/6.3.1/../../../../arm-atollic-eabi/lib/armv7e-m/fpu\libm.a(lib_a-k_rem_pio2.o)
                              c:/program files (x86)/atollic/truestudio for arm 8.1.0/armtools/bin/../lib/gcc/arm-atollic-eabi/6.3.1/../../../../arm-atollic-eabi/lib/armv7e-m/fpu\libm.a(lib_a-e_rem_pio2.o) (__kernel_rem_pio2)
c:/program files (x86)/atollic/truestudio for arm 8.1.0/armtools/bin/../lib/gcc/arm-atollic-eabi/6.3.1/../../../../arm-atollic-eabi/lib/armv7e-m/fpu\libm.a(lib_a-k_sin.o)
                              c:/program files (x86)/atollic/truestudio for arm 8.1.0/armtools/bin/../lib/gcc/arm-atollic-eabi/6.3.1/../../../../arm-atollic-eabi/lib/armv7e-m/fpu\libm.a(lib_a-s_sin.o) (__kernel_sin)
c:/program files (x86)/atollic/truestudio for arm 8.1.0/armtools/bin/../lib/gcc/arm-atollic-eabi/6.3.1/../../../../arm-atollic-eabi/lib/armv7e-m/fpu\libm.a(lib_a-s_fabs.o)
[...]
Memory Configuration

Name             Origin             Length             Attributes
RAM              0x20000000         0x00020000         xrw
FLASH            0x08000000         0x00080000         xr
*default*        0x00000000         0xffffffff

Linker script and memory map

LOAD c:/program files (x86)/atollic/truestudio for arm 8.1.0/armtools/bin/../lib/gcc/arm-atollic-eabi/6.3.1/armv7e-m/fpu/crti.o
LOAD c:/program files (x86)/atollic/truestudio for arm 8.1.0/armtools/bin/../lib/gcc/arm-atollic-eabi/6.3.1/armv7e-m/fpu/crtbegin.o
LOAD Drivers\STM32F4xx_HAL_Driver\Src\stm32f4xx_hal.o
LOAD Drivers\STM32F4xx_HAL_Driver\Src\stm32f4xx_hal_adc.o
LOAD Drivers\STM32F4xx_HAL_Driver\Src\stm32f4xx_hal_adc_ex.o
LOAD Drivers\STM32F4xx_HAL_Driver\Src\stm32f4xx_hal_cortex.o
LOAD Drivers\STM32F4xx_HAL_Driver\Src\stm32f4xx_hal_dma.o
LOAD Drivers\STM32F4xx_HAL_Driver\Src\stm32f4xx_hal_dma_ex.o
LOAD Drivers\STM32F4xx_HAL_Driver\Src\stm32f4xx_hal_flash.o
LOAD Drivers\STM32F4xx_HAL_Driver\Src\stm32f4xx_hal_flash_ex.o
LOAD Drivers\STM32F4xx_HAL_Driver\Src\stm32f4xx_hal_flash_ramfunc.o
LOAD Drivers\STM32F4xx_HAL_Driver\Src\stm32f4xx_hal_gpio.o
LOAD Drivers\STM32F4xx_HAL_Driver\Src\stm32f4xx_hal_i2c.o
LOAD Drivers\STM32F4xx_HAL_Driver\Src\stm32f4xx_hal_i2c_ex.o
LOAD Drivers\STM32F4xx_HAL_Driver\Src\stm32f4xx_hal_pwr.o
LOAD Drivers\STM32F4xx_HAL_Driver\Src\stm32f4xx_hal_pwr_ex.o
LOAD Drivers\STM32F4xx_HAL_Driver\Src\stm32f4xx_hal_rcc.o
LOAD Drivers\STM32F4xx_HAL_Driver\Src\stm32f4xx_hal_rcc_ex.o
LOAD Drivers\STM32F4xx_HAL_Driver\Src\stm32f4xx_hal_spi.o
LOAD Drivers\STM32F4xx_HAL_Driver\Src\stm32f4xx_hal_tim.o
LOAD Drivers\STM32F4xx_HAL_Driver\Src\stm32f4xx_hal_tim_ex.o
LOAD Drivers\STM32F4xx_HAL_Driver\Src\stm32f4xx_hal_uart.o
LOAD Middlewares\Third_Party\FreeRTOS\Source\CMSIS_RTOS\cmsis_os.o
LOAD Middlewares\Third_Party\FreeRTOS\Source\croutine.o
LOAD Middlewares\Third_Party\FreeRTOS\Source\event_groups.o
LOAD Middlewares\Third_Party\FreeRTOS\Source\list.o
LOAD Middlewares\Third_Party\FreeRTOS\Source\portable\GCC\ARM_CM4F\port.o
LOAD Middlewares\Third_Party\FreeRTOS\Source\portable\MemMang\heap_4.o
LOAD Middlewares\Third_Party\FreeRTOS\Source\queue.o
LOAD Middlewares\Third_Party\FreeRTOS\Source\tasks.o
LOAD Middlewares\Third_Party\FreeRTOS\Source\timers.o
LOAD Src\adc.o
LOAD Src\bluetooth.o
LOAD Src\controller.o
LOAD Src\freertos.o
LOAD Src\hmi.o
LOAD Src\ir.o
LOAD Src\line_sensor.o
LOAD Src\main.o
LOAD Src\mems.o
LOAD Src\mpu6050.o
LOAD Src\register_map.o
LOAD Src\remotecontrol.o
LOAD Src\starter.o
LOAD Src\statemachine.o
LOAD Src\stm32f4xx_hal_msp.o
LOAD Src\stm32f4xx_hal_timebase_TIM.o
LOAD Src\stm32f4xx_it.o
LOAD Src\system_stm32f4xx.o
LOAD startup\startup_stm32f446xx.o
                0x00000080                malloc_getpagesize_P = 0x80
START GROUP
LOAD c:/program files (x86)/atollic/truestudio for arm 8.1.0/armtools/bin/../lib/gcc/arm-atollic-eabi/6.3.1/../../../../arm-atollic-eabi/lib/armv7e-m/fpu\libc_nano.a
LOAD c:/program files (x86)/atollic/truestudio for arm 8.1.0/armtools/bin/../lib/gcc/arm-atollic-eabi/6.3.1/../../../../arm-atollic-eabi/lib/armv7e-m/fpu\libm.a
END GROUP
START GROUP
LOAD c:/program files (x86)/atollic/truestudio for arm 8.1.0/armtools/bin/../lib/gcc/arm-atollic-eabi/6.3.1/armv7e-m/fpu\libgcc.a
LOAD c:/program files (x86)/atollic/truestudio for arm 8.1.0/armtools/bin/../lib/gcc/arm-atollic-eabi/6.3.1/../../../../arm-atollic-eabi/lib/armv7e-m/fpu\libc_nano.a
END GROUP
START GROUP
LOAD c:/program files (x86)/atollic/truestudio for arm 8.1.0/armtools/bin/../lib/gcc/arm-atollic-eabi/6.3.1/armv7e-m/fpu\libgcc.a
LOAD c:/program files (x86)/atollic/truestudio for arm 8.1.0/armtools/bin/../lib/gcc/arm-atollic-eabi/6.3.1/../../../../arm-atollic-eabi/lib/armv7e-m/fpu\libc_nano.a
LOAD c:/program files (x86)/atollic/truestudio for arm 8.1.0/armtools/bin/../lib/gcc/arm-atollic-eabi/6.3.1/../../../../arm-atollic-eabi/lib/armv7e-m/fpu\libnosys.a
END GROUP
START GROUP
LOAD c:/program files (x86)/atollic/truestudio for arm 8.1.0/armtools/bin/../lib/gcc/arm-atollic-eabi/6.3.1/armv7e-m/fpu\libgcc.a
LOAD c:/program files (x86)/atollic/truestudio for arm 8.1.0/armtools/bin/../lib/gcc/arm-atollic-eabi/6.3.1/../../../../arm-atollic-eabi/lib/armv7e-m/fpu\libc_nano.a
LOAD c:/program files (x86)/atollic/truestudio for arm 8.1.0/armtools/bin/../lib/gcc/arm-atollic-eabi/6.3.1/../../../../arm-atollic-eabi/lib/armv7e-m/fpu\libnosys.a
END GROUP
LOAD c:/program files (x86)/atollic/truestudio for arm 8.1.0/armtools/bin/../lib/gcc/arm-atollic-eabi/6.3.1/armv7e-m/fpu/crtend.o
LOAD c:/program files (x86)/atollic/truestudio for arm 8.1.0/armtools/bin/../lib/gcc/arm-atollic-eabi/6.3.1/armv7e-m/fpu/crtn.o
                0x20020000                _estack = 0x20020000
                0x00000200                _Min_Heap_Size = 0x200
                0x00000400                _Min_Stack_Size = 0x400

.isr_vector     0x08000000      0x1c4
                0x08000000                . = ALIGN (0x4)
 *(.isr_vector)
 .isr_vector    0x08000000      0x1c4 startup\startup_stm32f446xx.o
                0x08000000                g_pfnVectors
                0x080001c4                . = ALIGN (0x4)

.text           0x080001d0    0x137a4
                0x080001d0                . = ALIGN (0x4)
 *(.text)
 .text          0x080001d0       0x40 c:/program files (x86)/atollic/truestudio for arm 8.1.0/armtools/bin/../lib/gcc/arm-atollic-eabi/6.3.1/armv7e-m/fpu/crtbegin.o
 .text          0x08000210      0x370 c:/program files (x86)/atollic/truestudio for arm 8.1.0/armtools/bin/../lib/gcc/arm-atollic-eabi/6.3.1/armv7e-m/fpu\libgcc.a(_arm_addsubdf3.o)
                0x08000210                __aeabi_drsub
                0x08000218                __aeabi_dsub
                0x08000218                __subdf3
                0x0800021c                __aeabi_dadd
                0x0800021c                __adddf3
                0x08000494                __floatunsidf
                0x08000494                __aeabi_ui2d
                0x080004b4                __floatsidf
                0x080004b4                __aeabi_i2d
                0x080004d8                __aeabi_f2d
                0x080004d8                __extendsfdf2
                0x08000514                __floatundidf
                0x08000514                __aeabi_ul2d
                0x08000524                __floatdidf
                0x08000524                __aeabi_l2d
 .text          0x08000580      0x424 c:/program files (x86)/atollic/truestudio for arm 8.1.0/armtools/bin/../lib/gcc/arm-atollic-eabi/6.3.1/armv7e-m/fpu\libgcc.a(_arm_muldivdf3.o)
                0x08000580                __aeabi_dmul
                0x08000580                __muldf3
                0x080007d4                __divdf3
                0x080007d4                __aeabi_ddiv
 .text          0x080009a4      0x110 c:/program files (x86)/atollic/truestudio for arm 8.1.0/armtools/bin/../lib/gcc/arm-atollic-eabi/6.3.1/armv7e-m/fpu\libgcc.a(_arm_cmpdf2.o)
                0x080009a4                __gtdf2
                0x080009a4                __gedf2
                0x080009ac                __ltdf2
                0x080009ac                __ledf2
                0x080009b4                __nedf2
                0x080009b4                __eqdf2
                0x080009b4                __cmpdf2
                0x08000a30                __aeabi_cdrcmple
                0x08000a40                __aeabi_cdcmpeq
                0x08000a40                __aeabi_cdcmple
                0x08000a50                __aeabi_dcmpeq
                0x08000a64                __aeabi_dcmplt
                0x08000a78                __aeabi_dcmple
                0x08000a8c                __aeabi_dcmpge
                0x08000aa0                __aeabi_dcmpgt
 .text          0x08000ab4       0x2c c:/program files (x86)/atollic/truestudio for arm 8.1.0/armtools/bin/../lib/gcc/arm-atollic-eabi/6.3.1/armv7e-m/fpu\libgcc.a(_arm_unorddf2.o)
                0x08000ab4                __unorddf2
                0x08000ab4                __aeabi_dcmpun
 .text          0x08000ae0       0x50 c:/program files (x86)/atollic/truestudio for arm 8.1.0/armtools/bin/../lib/gcc/arm-atollic-eabi/6.3.1/armv7e-m/fpu\libgcc.a(_arm_fixdfsi.o)
                0x08000ae0                __aeabi_d2iz
                0x08000ae0                __fixdfsi
 .text          0x08000b30       0xa0 c:/program files (x86)/atollic/truestudio for arm 8.1.0/armtools/bin/../lib/gcc/arm-atollic-eabi/6.3.1/armv7e-m/fpu\libgcc.a(_arm_truncdfsf2.o)
                0x08000b30                __truncdfsf2
                0x08000b30                __aeabi_d2f
 .text          0x08000bd0       0x30 c:/program files (x86)/atollic/truestudio for arm 8.1.0/armtools/bin/../lib/gcc/arm-atollic-eabi/6.3.1/armv7e-m/fpu\libgcc.a(_aeabi_uldivmod.o)
                0x08000bd0                __aeabi_uldivmod
 .text          0x08000c00      0x2dc c:/program files (x86)/atollic/truestudio for arm 8.1.0/armtools/bin/../lib/gcc/arm-atollic-eabi/6.3.1/armv7e-m/fpu\libgcc.a(_udivmoddi4.o)
                0x08000c00                __udivmoddi4
 .text          0x08000edc        0x4 c:/program files (x86)/atollic/truestudio for arm 8.1.0/armtools/bin/../lib/gcc/arm-atollic-eabi/6.3.1/armv7e-m/fpu\libgcc.a(_dvmd_tls.o)
                0x08000edc                __aeabi_idiv0
                0x08000edc                __aeabi_ldiv0
 *(.text*)
 .text.HAL_Init
                0x08000ee0       0x44 Drivers\STM32F4xx_HAL_Driver\Src\stm32f4xx_hal.o
                0x08000ee0                HAL_Init
 .text.HAL_IncTick
                0x08000f24       0x1c Drivers\STM32F4xx_HAL_Driver\Src\stm32f4xx_hal.o
                0x08000f24                HAL_IncTick
 .text.HAL_GetTick
                0x08000f40       0x18 Drivers\STM32F4xx_HAL_Driver\Src\stm32f4xx_hal.o
                0x08000f40                HAL_GetTick
 .text.HAL_Delay
                0x08000f58       0x3a Drivers\STM32F4xx_HAL_Driver\Src\stm32f4xx_hal.o
                0x08000f58                HAL_Delay
 .text.HAL_ADC_Init
                0x08000f92       0x86 Drivers\STM32F4xx_HAL_Driver\Src\stm32f4xx_hal_adc.o
                0x08000f92                HAL_ADC_Init
 .text.HAL_ADC_IRQHandler
                0x08001018      0x282 Drivers\STM32F4xx_HAL_Driver\Src\stm32f4xx_hal_adc.o
                0x08001018                HAL_ADC_IRQHandler
 *fill*         0x0800129a        0x2 
 .text.HAL_ADC_Start_DMA
                0x0800129c      0x1a4 Drivers\STM32F4xx_HAL_Driver\Src\stm32f4xx_hal_adc.o
                0x0800129c                HAL_ADC_Start_DMA
 .text.HAL_ADC_ConvHalfCpltCallback
                0x08001440       0x14 Drivers\STM32F4xx_HAL_Driver\Src\stm32f4xx_hal_adc.o
                0x08001440                HAL_ADC_ConvHalfCpltCallback
 .text.HAL_ADC_LevelOutOfWindowCallback
                0x08001454       0x14 Drivers\STM32F4xx_HAL_Driver\Src\stm32f4xx_hal_adc.o
                0x08001454                HAL_ADC_LevelOutOfWindowCallback
 .text.HAL_ADC_ErrorCallback
                0x08001468       0x14 Drivers\STM32F4xx_HAL_Driver\Src\stm32f4xx_hal_adc.o
                0x08001468                HAL_ADC_ErrorCallback
 .text.HAL_ADC_ConfigChannel
                0x0800147c      0x250 Drivers\STM32F4xx_HAL_Driver\Src\stm32f4xx_hal_adc.o
                0x0800147c                HAL_ADC_ConfigChannel
 .text.ADC_Init
                0x080016cc      0x1f4 Drivers\STM32F4xx_HAL_Driver\Src\stm32f4xx_hal_adc.o
 .text.ADC_DMAConvCplt
                0x080018c0       0xa6 Drivers\STM32F4xx_HAL_Driver\Src\stm32f4xx_hal_adc.o
 .text.ADC_DMAHalfConvCplt
                0x08001966       0x1c Drivers\STM32F4xx_HAL_Driver\Src\stm32f4xx_hal_adc.o
 .text.ADC_DMAError
                0x08001982       0x2e Drivers\STM32F4xx_HAL_Driver\Src\stm32f4xx_hal_adc.o
 .text.HAL_ADCEx_InjectedConvCpltCallback
                0x080019b0       0x14 Drivers\STM32F4xx_HAL_Driver\Src\stm32f4xx_hal_adc_ex.o
                0x080019b0                HAL_ADCEx_InjectedConvCpltCallback
 .text.NVIC_SetPriorityGrouping
                0x080019c4       0x48 Drivers\STM32F4xx_HAL_Driver\Src\stm32f4xx_hal_cortex.o
 .text.NVIC_GetPriorityGrouping
                0x08001a0c       0x1c Drivers\STM32F4xx_HAL_Driver\Src\stm32f4xx_hal_cortex.o
 .text.NVIC_EnableIRQ
                0x08001a28       0x34 Drivers\STM32F4xx_HAL_Driver\Src\stm32f4xx_hal_cortex.o
 .text.NVIC_SetPriority
                0x08001a5c       0x54 Drivers\STM32F4xx_HAL_Driver\Src\stm32f4xx_hal_cortex.o
 .text.NVIC_EncodePriority
                0x08001ab0       0x62 Drivers\STM32F4xx_HAL_Driver\Src\stm32f4xx_hal_cortex.o
 *fill*         0x08001b12        0x2 
 .text.SysTick_Config
                0x08001b14       0x44 Drivers\STM32F4xx_HAL_Driver\Src\stm32f4xx_hal_cortex.o
 .text.HAL_NVIC_SetPriorityGrouping
                0x08001b58       0x16 Drivers\STM32F4xx_HAL_Driver\Src\stm32f4xx_hal_cortex.o
                0x08001b58                HAL_NVIC_SetPriorityGrouping
 .text.HAL_NVIC_SetPriority
                0x08001b6e       0x38 Drivers\STM32F4xx_HAL_Driver\Src\stm32f4xx_hal_cortex.o
                0x08001b6e                HAL_NVIC_SetPriority
 .text.HAL_NVIC_EnableIRQ
                0x08001ba6       0x1c Drivers\STM32F4xx_HAL_Driver\Src\stm32f4xx_hal_cortex.o
                0x08001ba6                HAL_NVIC_EnableIRQ
 .text.HAL_SYSTICK_Config
                0x08001bc2       0x18 Drivers\STM32F4xx_HAL_Driver\Src\stm32f4xx_hal_cortex.o
                0x08001bc2                HAL_SYSTICK_Config
 *fill*         0x08001bda        0x2 
 .text.HAL_SYSTICK_CLKSourceConfig
                0x08001bdc       0x38 Drivers\STM32F4xx_HAL_Driver\Src\stm32f4xx_hal_cortex.o
                0x08001bdc                HAL_SYSTICK_CLKSourceConfig
 .text.HAL_DMA_Init
                0x08001c14      0x15c Drivers\STM32F4xx_HAL_Driver\Src\stm32f4xx_hal_dma.o
                0x08001c14                HAL_DMA_Init
 .text.HAL_DMA_Start_IT
                0x08001d70       0xc0 Drivers\STM32F4xx_HAL_Driver\Src\stm32f4xx_hal_dma.o
                0x08001d70                HAL_DMA_Start_IT
 .text.HAL_DMA_Abort_IT
                0x08001e30       0x44 Drivers\STM32F4xx_HAL_Driver\Src\stm32f4xx_hal_dma.o
                0x08001e30                HAL_DMA_Abort_IT
 .text.HAL_DMA_IRQHandler
                0x08001e74      0x314 Drivers\STM32F4xx_HAL_Driver\Src\stm32f4xx_hal_dma.o
                0x08001e74                HAL_DMA_IRQHandler
 .text.DMA_SetConfig
                0x08002188       0x5c Drivers\STM32F4xx_HAL_Driver\Src\stm32f4xx_hal_dma.o
 .text.DMA_CalcBaseAndBitshift
                0x080021e4       0x6c Drivers\STM32F4xx_HAL_Driver\Src\stm32f4xx_hal_dma.o
 .text.DMA_CheckFifoParam
                0x08002250       0xf4 Drivers\STM32F4xx_HAL_Driver\Src\stm32f4xx_hal_dma.o
 .text.HAL_GPIO_Init
                0x08002344      0x324 Drivers\STM32F4xx_HAL_Driver\Src\stm32f4xx_hal_gpio.o
                0x08002344                HAL_GPIO_Init
 .text.HAL_GPIO_ReadPin
                0x08002668       0x30 Drivers\STM32F4xx_HAL_Driver\Src\stm32f4xx_hal_gpio.o
                0x08002668                HAL_GPIO_ReadPin
 .text.HAL_GPIO_WritePin
                0x08002698       0x32 Drivers\STM32F4xx_HAL_Driver\Src\stm32f4xx_hal_gpio.o
                0x08002698                HAL_GPIO_WritePin
 .text.HAL_GPIO_TogglePin
                0x080026ca       0x24 Drivers\STM32F4xx_HAL_Driver\Src\stm32f4xx_hal_gpio.o
                0x080026ca                HAL_GPIO_TogglePin
 *fill*         0x080026ee        0x2 
 .text.HAL_GPIO_EXTI_IRQHandler
                0x080026f0       0x30 Drivers\STM32F4xx_HAL_Driver\Src\stm32f4xx_hal_gpio.o
                0x080026f0                HAL_GPIO_EXTI_IRQHandler
 .text.HAL_I2C_Init
                0x08002720      0x1c0 Drivers\STM32F4xx_HAL_Driver\Src\stm32f4xx_hal_i2c.o
                0x08002720                HAL_I2C_Init
 .text.HAL_I2C_Master_Transmit
                0x080028e0      0x21c Drivers\STM32F4xx_HAL_Driver\Src\stm32f4xx_hal_i2c.o
                0x080028e0                HAL_I2C_Master_Transmit
 .text.HAL_I2C_Master_Receive
                0x08002afc      0x464 Drivers\STM32F4xx_HAL_Driver\Src\stm32f4xx_hal_i2c.o
                0x08002afc                HAL_I2C_Master_Receive
 .text.HAL_I2C_EV_IRQHandler
                0x08002f60      0x208 Drivers\STM32F4xx_HAL_Driver\Src\stm32f4xx_hal_i2c.o
                0x08002f60                HAL_I2C_EV_IRQHandler
 .text.HAL_I2C_ER_IRQHandler
                0x08003168      0x154 Drivers\STM32F4xx_HAL_Driver\Src\stm32f4xx_hal_i2c.o
                0x08003168                HAL_I2C_ER_IRQHandler
 .text.HAL_I2C_SlaveTxCpltCallback
                0x080032bc       0x14 Drivers\STM32F4xx_HAL_Driver\Src\stm32f4xx_hal_i2c.o
                0x080032bc                HAL_I2C_SlaveTxCpltCallback
 .text.HAL_I2C_SlaveRxCpltCallback
                0x080032d0       0x14 Drivers\STM32F4xx_HAL_Driver\Src\stm32f4xx_hal_i2c.o
                0x080032d0                HAL_I2C_SlaveRxCpltCallback
 .text.HAL_I2C_AddrCallback
                0x080032e4       0x1c Drivers\STM32F4xx_HAL_Driver\Src\stm32f4xx_hal_i2c.o
                0x080032e4                HAL_I2C_AddrCallback
 .text.HAL_I2C_ListenCpltCallback
                0x08003300       0x14 Drivers\STM32F4xx_HAL_Driver\Src\stm32f4xx_hal_i2c.o
                0x08003300                HAL_I2C_ListenCpltCallback
 .text.HAL_I2C_MemTxCpltCallback
                0x08003314       0x14 Drivers\STM32F4xx_HAL_Driver\Src\stm32f4xx_hal_i2c.o
                0x08003314                HAL_I2C_MemTxCpltCallback
 .text.HAL_I2C_MemRxCpltCallback
                0x08003328       0x14 Drivers\STM32F4xx_HAL_Driver\Src\stm32f4xx_hal_i2c.o
                0x08003328                HAL_I2C_MemRxCpltCallback
 .text.HAL_I2C_ErrorCallback
                0x0800333c       0x14 Drivers\STM32F4xx_HAL_Driver\Src\stm32f4xx_hal_i2c.o
                0x0800333c                HAL_I2C_ErrorCallback
 .text.HAL_I2C_AbortCpltCallback
                0x08003350       0x14 Drivers\STM32F4xx_HAL_Driver\Src\stm32f4xx_hal_i2c.o
                0x08003350                HAL_I2C_AbortCpltCallback
 .text.I2C_MasterTransmit_TXE
                0x08003364      0x1ea Drivers\STM32F4xx_HAL_Driver\Src\stm32f4xx_hal_i2c.o
 .text.I2C_MasterTransmit_BTF
                0x0800354e       0xea Drivers\STM32F4xx_HAL_Driver\Src\stm32f4xx_hal_i2c.o
 .text.I2C_MasterReceive_RXNE
                0x08003638       0xf4 Drivers\STM32F4xx_HAL_Driver\Src\stm32f4xx_hal_i2c.o
 .text.I2C_MasterReceive_BTF
                0x0800372c      0x19c Drivers\STM32F4xx_HAL_Driver\Src\stm32f4xx_hal_i2c.o
 .text.I2C_Master_SB
                0x080038c8       0xd6 Drivers\STM32F4xx_HAL_Driver\Src\stm32f4xx_hal_i2c.o
 .text.I2C_Master_ADD10
                0x0800399e       0x22 Drivers\STM32F4xx_HAL_Driver\Src\stm32f4xx_hal_i2c.o
 .text.I2C_Master_ADDR
                0x080039c0      0x2c6 Drivers\STM32F4xx_HAL_Driver\Src\stm32f4xx_hal_i2c.o
 .text.I2C_SlaveTransmit_TXE
                0x08003c86       0x7a Drivers\STM32F4xx_HAL_Driver\Src\stm32f4xx_hal_i2c.o
 .text.I2C_SlaveTransmit_BTF
                0x08003d00       0x40 Drivers\STM32F4xx_HAL_Driver\Src\stm32f4xx_hal_i2c.o
 .text.I2C_SlaveReceive_RXNE
                0x08003d40       0x7c Drivers\STM32F4xx_HAL_Driver\Src\stm32f4xx_hal_i2c.o
 .text.I2C_SlaveReceive_BTF
                0x08003dbc       0x42 Drivers\STM32F4xx_HAL_Driver\Src\stm32f4xx_hal_i2c.o
 .text.I2C_Slave_ADDR
                0x08003dfe       0x54 Drivers\STM32F4xx_HAL_Driver\Src\stm32f4xx_hal_i2c.o
 *fill*         0x08003e52        0x2 
 .text.I2C_Slave_STOPF
                0x08003e54      0x18c Drivers\STM32F4xx_HAL_Driver\Src\stm32f4xx_hal_i2c.o
 .text.I2C_Slave_AF
                0x08003fe0       0xe4 Drivers\STM32F4xx_HAL_Driver\Src\stm32f4xx_hal_i2c.o
 .text.I2C_ITError
                0x080040c4      0x208 Drivers\STM32F4xx_HAL_Driver\Src\stm32f4xx_hal_i2c.o
 .text.I2C_MasterRequestWrite
                0x080042cc      0x104 Drivers\STM32F4xx_HAL_Driver\Src\stm32f4xx_hal_i2c.o
 .text.I2C_MasterRequestRead
                0x080043d0      0x190 Drivers\STM32F4xx_HAL_Driver\Src\stm32f4xx_hal_i2c.o
 .text.I2C_DMAAbort
                0x08004560       0x9c Drivers\STM32F4xx_HAL_Driver\Src\stm32f4xx_hal_i2c.o
 .text.I2C_WaitOnFlagUntilTimeout
                0x080045fc       0xa2 Drivers\STM32F4xx_HAL_Driver\Src\stm32f4xx_hal_i2c.o
 .text.I2C_WaitOnMasterAddressFlagUntilTimeout
                0x0800469e       0xdc Drivers\STM32F4xx_HAL_Driver\Src\stm32f4xx_hal_i2c.o
 .text.I2C_WaitOnTXEFlagUntilTimeout
                0x0800477a       0x7a Drivers\STM32F4xx_HAL_Driver\Src\stm32f4xx_hal_i2c.o
 .text.I2C_WaitOnBTFFlagUntilTimeout
                0x080047f4       0x7a Drivers\STM32F4xx_HAL_Driver\Src\stm32f4xx_hal_i2c.o
 .text.I2C_WaitOnRXNEFlagUntilTimeout
                0x0800486e       0x94 Drivers\STM32F4xx_HAL_Driver\Src\stm32f4xx_hal_i2c.o
 .text.I2C_IsAcknowledgeFailed
                0x08004902       0x50 Drivers\STM32F4xx_HAL_Driver\Src\stm32f4xx_hal_i2c.o
 *fill*         0x08004952        0x2 
 .text.HAL_PWREx_EnableOverDrive
                0x08004954       0xa0 Drivers\STM32F4xx_HAL_Driver\Src\stm32f4xx_hal_pwr_ex.o
                0x08004954                HAL_PWREx_EnableOverDrive
 .text.HAL_RCC_ClockConfig
                0x080049f4      0x1c4 Drivers\STM32F4xx_HAL_Driver\Src\stm32f4xx_hal_rcc.o
                0x080049f4                HAL_RCC_ClockConfig
 .text.HAL_RCC_GetHCLKFreq
                0x08004bb8       0x18 Drivers\STM32F4xx_HAL_Driver\Src\stm32f4xx_hal_rcc.o
                0x08004bb8                HAL_RCC_GetHCLKFreq
 .text.HAL_RCC_GetPCLK1Freq
                0x08004bd0       0x28 Drivers\STM32F4xx_HAL_Driver\Src\stm32f4xx_hal_rcc.o
                0x08004bd0                HAL_RCC_GetPCLK1Freq
 .text.HAL_RCC_GetPCLK2Freq
                0x08004bf8       0x28 Drivers\STM32F4xx_HAL_Driver\Src\stm32f4xx_hal_rcc.o
                0x08004bf8                HAL_RCC_GetPCLK2Freq
 .text.HAL_RCC_GetClockConfig
                0x08004c20       0x64 Drivers\STM32F4xx_HAL_Driver\Src\stm32f4xx_hal_rcc.o
                0x08004c20                HAL_RCC_GetClockConfig
 .text.HAL_RCC_GetSysClockFreq
                0x08004c84      0x36c Drivers\STM32F4xx_HAL_Driver\Src\stm32f4xx_hal_rcc_ex.o
                0x08004c84                HAL_RCC_GetSysClockFreq
 .text.HAL_RCC_OscConfig
                0x08004ff0      0x480 Drivers\STM32F4xx_HAL_Driver\Src\stm32f4xx_hal_rcc_ex.o
                0x08004ff0                HAL_RCC_OscConfig
 .text.HAL_SPI_Init
                0x08005470       0xc6 Drivers\STM32F4xx_HAL_Driver\Src\stm32f4xx_hal_spi.o
                0x08005470                HAL_SPI_Init
 *fill*         0x08005536        0x2 
 .text.HAL_SPI_TransmitReceive_DMA
                0x08005538      0x1d0 Drivers\STM32F4xx_HAL_Driver\Src\stm32f4xx_hal_spi.o
                0x08005538                HAL_SPI_TransmitReceive_DMA
 .text.HAL_SPI_IRQHandler
                0x08005708      0x1b0 Drivers\STM32F4xx_HAL_Driver\Src\stm32f4xx_hal_spi.o
                0x08005708                HAL_SPI_IRQHandler
 .text.HAL_SPI_RxCpltCallback
                0x080058b8       0x14 Drivers\STM32F4xx_HAL_Driver\Src\stm32f4xx_hal_spi.o
                0x080058b8                HAL_SPI_RxCpltCallback
 .text.HAL_SPI_RxHalfCpltCallback
                0x080058cc       0x14 Drivers\STM32F4xx_HAL_Driver\Src\stm32f4xx_hal_spi.o
                0x080058cc                HAL_SPI_RxHalfCpltCallback
 .text.HAL_SPI_TxRxHalfCpltCallback
                0x080058e0       0x14 Drivers\STM32F4xx_HAL_Driver\Src\stm32f4xx_hal_spi.o
                0x080058e0                HAL_SPI_TxRxHalfCpltCallback
 .text.HAL_SPI_ErrorCallback
                0x080058f4       0x14 Drivers\STM32F4xx_HAL_Driver\Src\stm32f4xx_hal_spi.o
                0x080058f4                HAL_SPI_ErrorCallback
 .text.SPI_DMAReceiveCplt
                0x08005908       0x84 Drivers\STM32F4xx_HAL_Driver\Src\stm32f4xx_hal_spi.o
 .text.SPI_DMATransmitReceiveCplt
                0x0800598c       0x82 Drivers\STM32F4xx_HAL_Driver\Src\stm32f4xx_hal_spi.o
 .text.SPI_DMAHalfReceiveCplt
                0x08005a0e       0x1c Drivers\STM32F4xx_HAL_Driver\Src\stm32f4xx_hal_spi.o
 .text.SPI_DMAHalfTransmitReceiveCplt
                0x08005a2a       0x1c Drivers\STM32F4xx_HAL_Driver\Src\stm32f4xx_hal_spi.o
 .text.SPI_DMAError
                0x08005a46       0x40 Drivers\STM32F4xx_HAL_Driver\Src\stm32f4xx_hal_spi.o
 .text.SPI_DMAAbortOnError
                0x08005a86       0x28 Drivers\STM32F4xx_HAL_Driver\Src\stm32f4xx_hal_spi.o
 .text.SPI_WaitFlagStateUntilTimeout
                0x08005aae       0xd2 Drivers\STM32F4xx_HAL_Driver\Src\stm32f4xx_hal_spi.o
 .text.SPI_CheckFlag_BSY
                0x08005b80       0x3c Drivers\STM32F4xx_HAL_Driver\Src\stm32f4xx_hal_spi.o
 .text.HAL_TIM_Base_Init
                0x08005bbc       0x56 Drivers\STM32F4xx_HAL_Driver\Src\stm32f4xx_hal_tim.o
                0x08005bbc                HAL_TIM_Base_Init
 .text.HAL_TIM_Base_Start_IT
                0x08005c12       0x36 Drivers\STM32F4xx_HAL_Driver\Src\stm32f4xx_hal_tim.o
                0x08005c12                HAL_TIM_Base_Start_IT
 .text.HAL_TIM_PWM_Init
                0x08005c48       0x56 Drivers\STM32F4xx_HAL_Driver\Src\stm32f4xx_hal_tim.o
                0x08005c48                HAL_TIM_PWM_Init
 *fill*         0x08005c9e        0x2 
 .text.HAL_TIM_PWM_Start
                0x08005ca0       0x68 Drivers\STM32F4xx_HAL_Driver\Src\stm32f4xx_hal_tim.o
                0x08005ca0                HAL_TIM_PWM_Start
 .text.HAL_TIM_IC_Init
                0x08005d08       0x56 Drivers\STM32F4xx_HAL_Driver\Src\stm32f4xx_hal_tim.o
                0x08005d08                HAL_TIM_IC_Init
 .text.HAL_TIM_IC_Start
                0x08005d5e       0x32 Drivers\STM32F4xx_HAL_Driver\Src\stm32f4xx_hal_tim.o
                0x08005d5e                HAL_TIM_IC_Start
 .text.HAL_TIM_IC_Start_IT
                0x08005d90       0xc0 Drivers\STM32F4xx_HAL_Driver\Src\stm32f4xx_hal_tim.o
                0x08005d90                HAL_TIM_IC_Start_IT
 .text.HAL_TIM_Encoder_Init
                0x08005e50      0x12c Drivers\STM32F4xx_HAL_Driver\Src\stm32f4xx_hal_tim.o
                0x08005e50                HAL_TIM_Encoder_Init
 .text.HAL_TIM_Encoder_Start_IT
                0x08005f7c       0xae Drivers\STM32F4xx_HAL_Driver\Src\stm32f4xx_hal_tim.o
                0x08005f7c                HAL_TIM_Encoder_Start_IT
 .text.HAL_TIM_IRQHandler
                0x0800602a      0x210 Drivers\STM32F4xx_HAL_Driver\Src\stm32f4xx_hal_tim.o
                0x0800602a                HAL_TIM_IRQHandler
 .text.HAL_TIM_IC_ConfigChannel
                0x0800623a      0x138 Drivers\STM32F4xx_HAL_Driver\Src\stm32f4xx_hal_tim.o
                0x0800623a                HAL_TIM_IC_ConfigChannel
 *fill*         0x08006372        0x2 
 .text.HAL_TIM_PWM_ConfigChannel
                0x08006374      0x18c Drivers\STM32F4xx_HAL_Driver\Src\stm32f4xx_hal_tim.o
                0x08006374                HAL_TIM_PWM_ConfigChannel
 .text.HAL_TIM_ConfigClockSource
                0x08006500      0x1b6 Drivers\STM32F4xx_HAL_Driver\Src\stm32f4xx_hal_tim.o
                0x08006500                HAL_TIM_ConfigClockSource
 .text.HAL_TIM_SlaveConfigSynchronization
                0x080066b6       0x6a Drivers\STM32F4xx_HAL_Driver\Src\stm32f4xx_hal_tim.o
                0x080066b6                HAL_TIM_SlaveConfigSynchronization
 .text.HAL_TIM_ReadCapturedValue
                0x08006720       0xa4 Drivers\STM32F4xx_HAL_Driver\Src\stm32f4xx_hal_tim.o
                0x08006720                HAL_TIM_ReadCapturedValue
 .text.HAL_TIM_OC_DelayElapsedCallback
                0x080067c4       0x14 Drivers\STM32F4xx_HAL_Driver\Src\stm32f4xx_hal_tim.o
                0x080067c4                HAL_TIM_OC_DelayElapsedCallback
 .text.HAL_TIM_PWM_PulseFinishedCallback
                0x080067d8       0x14 Drivers\STM32F4xx_HAL_Driver\Src\stm32f4xx_hal_tim.o
                0x080067d8                HAL_TIM_PWM_PulseFinishedCallback
 .text.HAL_TIM_TriggerCallback
                0x080067ec       0x14 Drivers\STM32F4xx_HAL_Driver\Src\stm32f4xx_hal_tim.o
                0x080067ec                HAL_TIM_TriggerCallback
 .text.TIM_Base_SetConfig
                0x08006800      0x154 Drivers\STM32F4xx_HAL_Driver\Src\stm32f4xx_hal_tim.o
                0x08006800                TIM_Base_SetConfig
 .text.TIM_TI1_SetConfig
                0x08006954       0xf8 Drivers\STM32F4xx_HAL_Driver\Src\stm32f4xx_hal_tim.o
                0x08006954                TIM_TI1_SetConfig
 .text.TIM_OC2_SetConfig
                0x08006a4c       0xf0 Drivers\STM32F4xx_HAL_Driver\Src\stm32f4xx_hal_tim.o
                0x08006a4c                TIM_OC2_SetConfig
 .text.TIM_CCxChannelCmd
                0x08006b3c       0x46 Drivers\STM32F4xx_HAL_Driver\Src\stm32f4xx_hal_tim.o
                0x08006b3c                TIM_CCxChannelCmd
 *fill*         0x08006b82        0x2 
 .text.TIM_OC1_SetConfig
                0x08006b84       0xe8 Drivers\STM32F4xx_HAL_Driver\Src\stm32f4xx_hal_tim.o
 .text.TIM_OC3_SetConfig
                0x08006c6c       0xf0 Drivers\STM32F4xx_HAL_Driver\Src\stm32f4xx_hal_tim.o
 .text.TIM_OC4_SetConfig
                0x08006d5c       0xc0 Drivers\STM32F4xx_HAL_Driver\Src\stm32f4xx_hal_tim.o
 .text.TIM_SlaveTimer_SetConfig
                0x08006e1c      0x116 Drivers\STM32F4xx_HAL_Driver\Src\stm32f4xx_hal_tim.o
 .text.TIM_TI1_ConfigInputStage
                0x08006f32       0x66 Drivers\STM32F4xx_HAL_Driver\Src\stm32f4xx_hal_tim.o
 .text.TIM_TI2_SetConfig
                0x08006f98       0x82 Drivers\STM32F4xx_HAL_Driver\Src\stm32f4xx_hal_tim.o
 .text.TIM_TI2_ConfigInputStage
                0x0800701a       0x68 Drivers\STM32F4xx_HAL_Driver\Src\stm32f4xx_hal_tim.o
 .text.TIM_TI3_SetConfig
                0x08007082       0x80 Drivers\STM32F4xx_HAL_Driver\Src\stm32f4xx_hal_tim.o
 .text.TIM_TI4_SetConfig
                0x08007102       0x82 Drivers\STM32F4xx_HAL_Driver\Src\stm32f4xx_hal_tim.o
 .text.TIM_ITRx_SetConfig
                0x08007184       0x40 Drivers\STM32F4xx_HAL_Driver\Src\stm32f4xx_hal_tim.o
 .text.TIM_ETR_SetConfig
                0x080071c4       0x44 Drivers\STM32F4xx_HAL_Driver\Src\stm32f4xx_hal_tim.o
 .text.HAL_TIMEx_MasterConfigSynchronization
                0x08007208       0x8a Drivers\STM32F4xx_HAL_Driver\Src\stm32f4xx_hal_tim_ex.o
                0x08007208                HAL_TIMEx_MasterConfigSynchronization
 .text.HAL_TIMEx_ConfigBreakDeadTime
                0x08007292       0xb2 Drivers\STM32F4xx_HAL_Driver\Src\stm32f4xx_hal_tim_ex.o
                0x08007292                HAL_TIMEx_ConfigBreakDeadTime
 .text.HAL_TIMEx_CommutationCallback
                0x08007344       0x14 Drivers\STM32F4xx_HAL_Driver\Src\stm32f4xx_hal_tim_ex.o
                0x08007344                HAL_TIMEx_CommutationCallback
 .text.HAL_TIMEx_BreakCallback
                0x08007358       0x14 Drivers\STM32F4xx_HAL_Driver\Src\stm32f4xx_hal_tim_ex.o
                0x08007358                HAL_TIMEx_BreakCallback
 .text.HAL_UART_Init
                0x0800736c       0x9a Drivers\STM32F4xx_HAL_Driver\Src\stm32f4xx_hal_uart.o
                0x0800736c                HAL_UART_Init
 .text.HAL_UART_Receive_IT
                0x08007406       0x9a Drivers\STM32F4xx_HAL_Driver\Src\stm32f4xx_hal_uart.o
                0x08007406                HAL_UART_Receive_IT
 .text.HAL_UART_Transmit_DMA
                0x080074a0       0xd8 Drivers\STM32F4xx_HAL_Driver\Src\stm32f4xx_hal_uart.o
                0x080074a0                HAL_UART_Transmit_DMA
 .text.HAL_UART_Receive_DMA
                0x08007578      0x100 Drivers\STM32F4xx_HAL_Driver\Src\stm32f4xx_hal_uart.o
                0x08007578                HAL_UART_Receive_DMA
 .text.HAL_UART_IRQHandler
                0x08007678      0x1f8 Drivers\STM32F4xx_HAL_Driver\Src\stm32f4xx_hal_uart.o
                0x08007678                HAL_UART_IRQHandler
 .text.HAL_UART_TxCpltCallback
                0x08007870       0x14 Drivers\STM32F4xx_HAL_Driver\Src\stm32f4xx_hal_uart.o
                0x08007870                HAL_UART_TxCpltCallback
 .text.HAL_UART_TxHalfCpltCallback
                0x08007884       0x14 Drivers\STM32F4xx_HAL_Driver\Src\stm32f4xx_hal_uart.o
                0x08007884                HAL_UART_TxHalfCpltCallback
 .text.HAL_UART_RxHalfCpltCallback
                0x08007898       0x14 Drivers\STM32F4xx_HAL_Driver\Src\stm32f4xx_hal_uart.o
                0x08007898                HAL_UART_RxHalfCpltCallback
 .text.HAL_UART_ErrorCallback
                0x080078ac       0x14 Drivers\STM32F4xx_HAL_Driver\Src\stm32f4xx_hal_uart.o
                0x080078ac                HAL_UART_ErrorCallback
 .text.UART_DMATransmitCplt
                0x080078c0       0x52 Drivers\STM32F4xx_HAL_Driver\Src\stm32f4xx_hal_uart.o
 .text.UART_DMATxHalfCplt
                0x08007912       0x1c Drivers\STM32F4xx_HAL_Driver\Src\stm32f4xx_hal_uart.o
 .text.UART_DMAReceiveCplt
                0x0800792e       0x68 Drivers\STM32F4xx_HAL_Driver\Src\stm32f4xx_hal_uart.o
 .text.UART_DMARxHalfCplt
                0x08007996       0x1c Drivers\STM32F4xx_HAL_Driver\Src\stm32f4xx_hal_uart.o
 .text.UART_DMAError
                0x080079b2       0x94 Drivers\STM32F4xx_HAL_Driver\Src\stm32f4xx_hal_uart.o
 .text.UART_EndTxTransfer
                0x08007a46       0x2c Drivers\STM32F4xx_HAL_Driver\Src\stm32f4xx_hal_uart.o
 .text.UART_EndRxTransfer
                0x08007a72       0x3c Drivers\STM32F4xx_HAL_Driver\Src\stm32f4xx_hal_uart.o
 .text.UART_DMAAbortOnError
                0x08007aae       0x28 Drivers\STM32F4xx_HAL_Driver\Src\stm32f4xx_hal_uart.o
 .text.UART_Transmit_IT
                0x08007ad6       0xaa Drivers\STM32F4xx_HAL_Driver\Src\stm32f4xx_hal_uart.o
 .text.UART_EndTransmit_IT
                0x08007b80       0x30 Drivers\STM32F4xx_HAL_Driver\Src\stm32f4xx_hal_uart.o
 .text.UART_Receive_IT
                0x08007bb0       0xf2 Drivers\STM32F4xx_HAL_Driver\Src\stm32f4xx_hal_uart.o
 *fill*         0x08007ca2        0x2 
 .text.UART_SetConfig
                0x08007ca4      0x438 Drivers\STM32F4xx_HAL_Driver\Src\stm32f4xx_hal_uart.o
 .text.makeFreeRtosPriority
                0x080080dc       0x30 Middlewares\Third_Party\FreeRTOS\Source\CMSIS_RTOS\cmsis_os.o
 .text.inHandlerMode
                0x0800810c       0x24 Middlewares\Third_Party\FreeRTOS\Source\CMSIS_RTOS\cmsis_os.o
 .text.osKernelStart
                0x08008130        0xe Middlewares\Third_Party\FreeRTOS\Source\CMSIS_RTOS\cmsis_os.o
                0x08008130                osKernelStart
 .text.osThreadCreate
                0x0800813e       0x4e Middlewares\Third_Party\FreeRTOS\Source\CMSIS_RTOS\cmsis_os.o
                0x0800813e                osThreadCreate
 .text.osThreadTerminate
                0x0800818c       0x18 Middlewares\Third_Party\FreeRTOS\Source\CMSIS_RTOS\cmsis_os.o
                0x0800818c                osThreadTerminate
 .text.osDelay  0x080081a4       0x28 Middlewares\Third_Party\FreeRTOS\Source\CMSIS_RTOS\cmsis_os.o
                0x080081a4                osDelay
 .text.osSystickHandler
                0x080081cc       0x16 Middlewares\Third_Party\FreeRTOS\Source\CMSIS_RTOS\cmsis_os.o
                0x080081cc                osSystickHandler
 .text.osThreadSuspend
                0x080081e2       0x18 Middlewares\Third_Party\FreeRTOS\Source\CMSIS_RTOS\cmsis_os.o
                0x080081e2                osThreadSuspend
 *fill*         0x080081fa        0x2 
 .text.osThreadResume
                0x080081fc       0x44 Middlewares\Third_Party\FreeRTOS\Source\CMSIS_RTOS\cmsis_os.o
                0x080081fc                osThreadResume
 .text.xEventGroupCreate
                0x08008240       0x2e Middlewares\Third_Party\FreeRTOS\Source\event_groups.o
                0x08008240                xEventGroupCreate
 *fill*         0x0800826e        0x2 
 .text.xEventGroupWaitBits
                0x08008270      0x190 Middlewares\Third_Party\FreeRTOS\Source\event_groups.o
                0x08008270                xEventGroupWaitBits
 .text.xEventGroupClearBits
                0x08008400       0x6c Middlewares\Third_Party\FreeRTOS\Source\event_groups.o
                0x08008400                xEventGroupClearBits
 .text.xEventGroupSetBits
                0x0800846c      0x112 Middlewares\Third_Party\FreeRTOS\Source\event_groups.o
                0x0800846c                xEventGroupSetBits
 .text.vEventGroupSetBitsCallback
                0x0800857e       0x1a Middlewares\Third_Party\FreeRTOS\Source\event_groups.o
                0x0800857e                vEventGroupSetBitsCallback
 .text.prvTestWaitCondition
                0x08008598       0x44 Middlewares\Third_Party\FreeRTOS\Source\event_groups.o
 .text.vListInitialise
                0x080085dc       0x40 Middlewares\Third_Party\FreeRTOS\Source\list.o
                0x080085dc                vListInitialise
 .text.vListInitialiseItem
                0x0800861c       0x1a Middlewares\Third_Party\FreeRTOS\Source\list.o
                0x0800861c                vListInitialiseItem
 .text.vListInsertEnd
                0x08008636       0x48 Middlewares\Third_Party\FreeRTOS\Source\list.o
                0x08008636                vListInsertEnd
 .text.vListInsert
                0x0800867e       0x72 Middlewares\Third_Party\FreeRTOS\Source\list.o
                0x0800867e                vListInsert
 .text.uxListRemove
                0x080086f0       0x54 Middlewares\Third_Party\FreeRTOS\Source\list.o
                0x080086f0                uxListRemove
 .text.pxPortInitialiseStack
                0x08008744       0x68 Middlewares\Third_Party\FreeRTOS\Source\portable\GCC\ARM_CM4F\port.o
                0x08008744                pxPortInitialiseStack
 .text.prvTaskExitError
                0x080087ac       0x3c Middlewares\Third_Party\FreeRTOS\Source\portable\GCC\ARM_CM4F\port.o
 *fill*         0x080087e8        0x8 
 .text.SVC_Handler
                0x080087f0       0x28 Middlewares\Third_Party\FreeRTOS\Source\portable\GCC\ARM_CM4F\port.o
                0x080087f0                SVC_Handler
 .text.prvPortStartFirstTask
                0x08008818       0x20 Middlewares\Third_Party\FreeRTOS\Source\portable\GCC\ARM_CM4F\port.o
 .text.xPortStartScheduler
                0x08008838      0x118 Middlewares\Third_Party\FreeRTOS\Source\portable\GCC\ARM_CM4F\port.o
                0x08008838                xPortStartScheduler
 .text.vPortEnterCritical
                0x08008950       0x5c Middlewares\Third_Party\FreeRTOS\Source\portable\GCC\ARM_CM4F\port.o
                0x08008950                vPortEnterCritical
 .text.vPortExitCritical
                0x080089ac       0x50 Middlewares\Third_Party\FreeRTOS\Source\portable\GCC\ARM_CM4F\port.o
                0x080089ac                vPortExitCritical
 *fill*         0x080089fc        0x4 
 .text.PendSV_Handler
                0x08008a00       0x68 Middlewares\Third_Party\FreeRTOS\Source\portable\GCC\ARM_CM4F\port.o
                0x08008a00                PendSV_Handler
 .text.xPortSysTickHandler
                0x08008a68       0x40 Middlewares\Third_Party\FreeRTOS\Source\portable\GCC\ARM_CM4F\port.o
                0x08008a68                xPortSysTickHandler
 .text.vPortSetupTimerInterrupt
                0x08008aa8       0x38 Middlewares\Third_Party\FreeRTOS\Source\portable\GCC\ARM_CM4F\port.o
                0x08008aa8                vPortSetupTimerInterrupt
 .text.vPortEnableVFP
                0x08008ae0       0x14 Middlewares\Third_Party\FreeRTOS\Source\portable\GCC\ARM_CM4F\port.o
 .text.vPortValidateInterruptPriority
                0x08008af4       0x7c Middlewares\Third_Party\FreeRTOS\Source\portable\GCC\ARM_CM4F\port.o
                0x08008af4                vPortValidateInterruptPriority
 .text.pvPortMalloc
                0x08008b70      0x184 Middlewares\Third_Party\FreeRTOS\Source\portable\MemMang\heap_4.o
                0x08008b70                pvPortMalloc
 .text.vPortFree
                0x08008cf4       0xb0 Middlewares\Third_Party\FreeRTOS\Source\portable\MemMang\heap_4.o
                0x08008cf4                vPortFree
 .text.prvHeapInit
                0x08008da4       0xc8 Middlewares\Third_Party\FreeRTOS\Source\portable\MemMang\heap_4.o
 .text.prvInsertBlockIntoFreeList
                0x08008e6c       0xb4 Middlewares\Third_Party\FreeRTOS\Source\portable\MemMang\heap_4.o
 .text.xQueueGenericReset
                0x08008f20       0xd0 Middlewares\Third_Party\FreeRTOS\Source\queue.o
                0x08008f20                xQueueGenericReset
 .text.xQueueGenericCreate
                0x08008ff0       0x72 Middlewares\Third_Party\FreeRTOS\Source\queue.o
                0x08008ff0                xQueueGenericCreate
 .text.prvInitialiseNewQueue
                0x08009062       0x3e Middlewares\Third_Party\FreeRTOS\Source\queue.o
 .text.xQueueGenericSend
                0x080090a0      0x1f4 Middlewares\Third_Party\FreeRTOS\Source\queue.o
                0x080090a0                xQueueGenericSend
 .text.xQueueGenericSendFromISR
                0x08009294      0x128 Middlewares\Third_Party\FreeRTOS\Source\queue.o
                0x08009294                xQueueGenericSendFromISR
 .text.xQueueGiveFromISR
                0x080093bc      0x112 Middlewares\Third_Party\FreeRTOS\Source\queue.o
                0x080093bc                xQueueGiveFromISR
 *fill*         0x080094ce        0x2 
 .text.xQueueGenericReceive
                0x080094d0      0x224 Middlewares\Third_Party\FreeRTOS\Source\queue.o
                0x080094d0                xQueueGenericReceive
 .text.prvCopyDataToQueue
                0x080096f4       0xd4 Middlewares\Third_Party\FreeRTOS\Source\queue.o
 .text.prvCopyDataFromQueue
                0x080097c8       0x4c Middlewares\Third_Party\FreeRTOS\Source\queue.o
 .text.prvUnlockQueue
                0x08009814       0xa4 Middlewares\Third_Party\FreeRTOS\Source\queue.o
 .text.prvIsQueueEmpty
                0x080098b8       0x2c Middlewares\Third_Party\FreeRTOS\Source\queue.o
 .text.prvIsQueueFull
                0x080098e4       0x30 Middlewares\Third_Party\FreeRTOS\Source\queue.o
 .text.vQueueAddToRegistry
                0x08009914       0x50 Middlewares\Third_Party\FreeRTOS\Source\queue.o
                0x08009914                vQueueAddToRegistry
 .text.vQueueWaitForMessageRestricted
                0x08009964       0x68 Middlewares\Third_Party\FreeRTOS\Source\queue.o
                0x08009964                vQueueWaitForMessageRestricted
 .text.xTaskCreate
                0x080099cc       0x82 Middlewares\Third_Party\FreeRTOS\Source\tasks.o
                0x080099cc                xTaskCreate
 .text.prvInitialiseNewTask
                0x08009a4e       0xfc Middlewares\Third_Party\FreeRTOS\Source\tasks.o
 *fill*         0x08009b4a        0x2 
 .text.prvAddNewTaskToReadyList
                0x08009b4c       0xd4 Middlewares\Third_Party\FreeRTOS\Source\tasks.o
 .text.vTaskDelete
                0x08009c20      0x11c Middlewares\Third_Party\FreeRTOS\Source\tasks.o
                0x08009c20                vTaskDelete
 .text.vTaskDelay
                0x08009d3c       0x68 Middlewares\Third_Party\FreeRTOS\Source\tasks.o
                0x08009d3c                vTaskDelay
 .text.vTaskSuspend
                0x08009da4      0x110 Middlewares\Third_Party\FreeRTOS\Source\tasks.o
                0x08009da4                vTaskSuspend
 .text.prvTaskIsTaskSuspended
                0x08009eb4       0x74 Middlewares\Third_Party\FreeRTOS\Source\tasks.o
 .text.vTaskResume
                0x08009f28       0xb8 Middlewares\Third_Party\FreeRTOS\Source\tasks.o
                0x08009f28                vTaskResume
 .text.xTaskResumeFromISR
                0x08009fe0       0xe0 Middlewares\Third_Party\FreeRTOS\Source\tasks.o
                0x08009fe0                xTaskResumeFromISR
 .text.vTaskStartScheduler
                0x0800a0c0       0x98 Middlewares\Third_Party\FreeRTOS\Source\tasks.o
                0x0800a0c0                vTaskStartScheduler
 .text.vTaskSuspendAll
                0x0800a158       0x1c Middlewares\Third_Party\FreeRTOS\Source\tasks.o
                0x0800a158                vTaskSuspendAll
 .text.xTaskResumeAll
                0x0800a174      0x138 Middlewares\Third_Party\FreeRTOS\Source\tasks.o
                0x0800a174                xTaskResumeAll
 .text.xTaskGetTickCount
                0x0800a2ac       0x20 Middlewares\Third_Party\FreeRTOS\Source\tasks.o
                0x0800a2ac                xTaskGetTickCount
 .text.xTaskIncrementTick
                0x0800a2cc      0x178 Middlewares\Third_Party\FreeRTOS\Source\tasks.o
                0x0800a2cc                xTaskIncrementTick
 .text.vTaskSwitchContext
                0x0800a444       0xb4 Middlewares\Third_Party\FreeRTOS\Source\tasks.o
                0x0800a444                vTaskSwitchContext
 .text.vTaskPlaceOnEventList
                0x0800a4f8       0x48 Middlewares\Third_Party\FreeRTOS\Source\tasks.o
                0x0800a4f8                vTaskPlaceOnEventList
 .text.vTaskPlaceOnUnorderedEventList
                0x0800a540       0x74 Middlewares\Third_Party\FreeRTOS\Source\tasks.o
                0x0800a540                vTaskPlaceOnUnorderedEventList
 .text.vTaskPlaceOnEventListRestricted
                0x0800a5b4       0x54 Middlewares\Third_Party\FreeRTOS\Source\tasks.o
                0x0800a5b4                vTaskPlaceOnEventListRestricted
 .text.xTaskRemoveFromEventList
                0x0800a608       0xc4 Middlewares\Third_Party\FreeRTOS\Source\tasks.o
                0x0800a608                xTaskRemoveFromEventList
 .text.xTaskRemoveFromUnorderedEventList
                0x0800a6cc       0xcc Middlewares\Third_Party\FreeRTOS\Source\tasks.o
                0x0800a6cc                xTaskRemoveFromUnorderedEventList
 .text.vTaskSetTimeOutState
                0x0800a798       0x48 Middlewares\Third_Party\FreeRTOS\Source\tasks.o
                0x0800a798                vTaskSetTimeOutState
 .text.xTaskCheckForTimeOut
                0x0800a7e0       0xbc Middlewares\Third_Party\FreeRTOS\Source\tasks.o
                0x0800a7e0                xTaskCheckForTimeOut
 .text.vTaskMissedYield
                0x0800a89c       0x18 Middlewares\Third_Party\FreeRTOS\Source\tasks.o
                0x0800a89c                vTaskMissedYield
 .text.prvIdleTask
                0x0800a8b4       0x30 Middlewares\Third_Party\FreeRTOS\Source\tasks.o
 .text.prvInitialiseTaskLists
                0x0800a8e4       0x80 Middlewares\Third_Party\FreeRTOS\Source\tasks.o
 .text.prvCheckTasksWaitingTermination
                0x0800a964       0x78 Middlewares\Third_Party\FreeRTOS\Source\tasks.o
 .text.prvDeleteTCB
                0x0800a9dc       0x20 Middlewares\Third_Party\FreeRTOS\Source\tasks.o
 .text.prvResetNextTaskUnblockTime
                0x0800a9fc       0x4c Middlewares\Third_Party\FreeRTOS\Source\tasks.o
 .text.xTaskGetSchedulerState
                0x0800aa48       0x3c Middlewares\Third_Party\FreeRTOS\Source\tasks.o
                0x0800aa48                xTaskGetSchedulerState
 .text.vTaskPriorityInherit
                0x0800aa84       0xec Middlewares\Third_Party\FreeRTOS\Source\tasks.o
                0x0800aa84                vTaskPriorityInherit
 .text.xTaskPriorityDisinherit
                0x0800ab70      0x108 Middlewares\Third_Party\FreeRTOS\Source\tasks.o
                0x0800ab70                xTaskPriorityDisinherit
 .text.uxTaskResetEventItemValue
                0x0800ac78       0x30 Middlewares\Third_Party\FreeRTOS\Source\tasks.o
                0x0800ac78                uxTaskResetEventItemValue
 .text.pvTaskIncrementMutexHeldCount
                0x0800aca8       0x28 Middlewares\Third_Party\FreeRTOS\Source\tasks.o
                0x0800aca8                pvTaskIncrementMutexHeldCount
 .text.prvAddCurrentTaskToDelayedList
                0x0800acd0       0xcc Middlewares\Third_Party\FreeRTOS\Source\tasks.o
 .text.xTimerCreateTimerTask
                0x0800ad9c       0x64 Middlewares\Third_Party\FreeRTOS\Source\timers.o
                0x0800ad9c                xTimerCreateTimerTask
 .text.xTimerCreate
                0x0800ae00       0x3a Middlewares\Third_Party\FreeRTOS\Source\timers.o
                0x0800ae00                xTimerCreate
 .text.prvInitialiseNewTimer
                0x0800ae3a       0x62 Middlewares\Third_Party\FreeRTOS\Source\timers.o
 .text.xTimerGenericCommand
                0x0800ae9c       0x98 Middlewares\Third_Party\FreeRTOS\Source\timers.o
                0x0800ae9c                xTimerGenericCommand
 .text.prvProcessExpiredTimer
                0x0800af34       0x80 Middlewares\Third_Party\FreeRTOS\Source\timers.o
 .text.prvTimerTask
                0x0800afb4       0x24 Middlewares\Third_Party\FreeRTOS\Source\timers.o
 .text.prvProcessTimerOrBlockTask
                0x0800afd8       0x9c Middlewares\Third_Party\FreeRTOS\Source\timers.o
 .text.prvGetNextExpireTime
                0x0800b074       0x48 Middlewares\Third_Party\FreeRTOS\Source\timers.o
 .text.prvSampleTimeNow
                0x0800b0bc       0x40 Middlewares\Third_Party\FreeRTOS\Source\timers.o
 .text.prvInsertTimerInActiveList
                0x0800b0fc       0x84 Middlewares\Third_Party\FreeRTOS\Source\timers.o
 .text.prvProcessReceivedCommands
                0x0800b180      0x154 Middlewares\Third_Party\FreeRTOS\Source\timers.o
 .text.prvSwitchTimerLists
                0x0800b2d4       0xc0 Middlewares\Third_Party\FreeRTOS\Source\timers.o
 .text.prvCheckForValidListAndQueue
                0x0800b394       0x6c Middlewares\Third_Party\FreeRTOS\Source\timers.o
 .text.pvTimerGetTimerID
                0x0800b400       0x3e Middlewares\Third_Party\FreeRTOS\Source\timers.o
                0x0800b400                pvTimerGetTimerID
 *fill*         0x0800b43e        0x2 
 .text.xTimerPendFunctionCallFromISR
                0x0800b440       0x40 Middlewares\Third_Party\FreeRTOS\Source\timers.o
                0x0800b440                xTimerPendFunctionCallFromISR
 .text.CheckBatteriesTask
                0x0800b480       0xc8 Src\adc.o
                0x0800b480                CheckBatteriesTask
 .text.ReadDistanceSensorsTask
                0x0800b548      0x110 Src\adc.o
                0x0800b548                ReadDistanceSensorsTask
 .text.ReadMotorCurrentTask
                0x0800b658       0xac Src\adc.o
                0x0800b658                ReadMotorCurrentTask
 .text.HAL_ADC_ConvCpltCallback
                0x0800b704       0x70 Src\adc.o
                0x0800b704                HAL_ADC_ConvCpltCallback
 .text.InterpolateDistance
                0x0800b774      0x1ec Src\adc.o
                0x0800b774                InterpolateDistance
 .text.MovingAverage
                0x0800b960      0x1e8 Src\adc.o
                0x0800b960                MovingAverage
 .text.ObstacleHypotheser
                0x0800bb48      0x1a0 Src\adc.o
                0x0800bb48                ObstacleHypotheser
 .text.BTCommunicationTask
                0x0800bce8       0xc4 Src\bluetooth.o
                0x0800bce8                BTCommunicationTask
 .text.BluetoothResetCallback
                0x0800bdac       0x14 Src\bluetooth.o
                0x0800bdac                BluetoothResetCallback
 .text.BluetoothInit
                0x0800bdc0       0x40 Src\bluetooth.o
                0x0800bdc0                BluetoothInit
 .text.BluetoothSend
                0x0800be00       0x28 Src\bluetooth.o
                0x0800be00                BluetoothSend
 .text.BluetoothReceive
                0x0800be28       0x20 Src\bluetooth.o
                0x0800be28                BluetoothReceive
 .text.BluetoothFlushTX
                0x0800be48       0x38 Src\bluetooth.o
                0x0800be48                BluetoothFlushTX
 .text.BluetoothFlushRX
                0x0800be80       0x40 Src\bluetooth.o
                0x0800be80                BluetoothFlushRX
 .text.CommandParser
                0x0800bec0      0x630 Src\bluetooth.o
                0x0800bec0                CommandParser
 .text.HAL_UART_RxCpltCallback
                0x0800c4f0       0xb4 Src\bluetooth.o
                0x0800c4f0                HAL_UART_RxCpltCallback
 .text.LoadBuffer
                0x0800c5a4      0x450 Src\bluetooth.o
                0x0800c5a4                LoadBuffer
 *fill*         0x0800c9f4        0x4 
 .text.UthosszTask
                0x0800c9f8       0xc8 Src\controller.o
                0x0800c9f8                UthosszTask
 .text.RollAngleControllerTask
                0x0800cac0       0x9c Src\controller.o
                0x0800cac0                RollAngleControllerTask
 .text.PIDController
                0x0800cb5c       0xf4 Src\controller.o
                0x0800cb5c                PIDController
 .text.SteeringStateSpaceController
                0x0800cc50      0x26c Src\controller.o
                0x0800cc50                SteeringStateSpaceController
 *fill*         0x0800cebc        0x4 
 .text.SpeedControllerTask
                0x0800cec0      0x2ac Src\controller.o
                0x0800cec0                SpeedControllerTask
 *fill*         0x0800d16c        0x4 
 .text.ServoSetterTask
                0x0800d170       0xb0 Src\controller.o
                0x0800d170                ServoSetterTask
 .text.SetMotor
                0x0800d220       0xb4 Src\controller.o
                0x0800d220                SetMotor
 .text.CarTrackerTask
                0x0800d2d4       0xa4 Src\controller.o
                0x0800d2d4                CarTrackerTask
 .text.SetRollingInfraServo
                0x0800d378       0x74 Src\controller.o
                0x0800d378                SetRollingInfraServo
 .text.InfraReceiveTask
                0x0800d3ec       0x44 Src\ir.o
                0x0800d3ec                InfraReceiveTask
 .text.CalcPulseType
                0x0800d430       0x9c Src\ir.o
                0x0800d430                CalcPulseType
 .text.InfraReceiverInputCaptureCallback
                0x0800d4cc       0xec Src\ir.o
                0x0800d4cc                InfraReceiverInputCaptureCallback
 .text.LineDetectorTask
                0x0800d5b8      0x1cc Src\line_sensor.o
                0x0800d5b8                LineDetectorTask
 .text.DetectTask
                0x0800d784       0x3c Src\line_sensor.o
                0x0800d784                DetectTask
 .text.LineGetData
                0x0800d7c0       0x70 Src\line_sensor.o
                0x0800d7c0                LineGetData
 .text.LineInit
                0x0800d830       0x38 Src\line_sensor.o
                0x0800d830                LineInit
 .text.LineFlushTX
                0x0800d868       0x34 Src\line_sensor.o
                0x0800d868                LineFlushTX
 .text.LineFlushRX
                0x0800d89c       0x34 Src\line_sensor.o
                0x0800d89c                LineFlushRX
 .text.LineSendReceive
                0x0800d8d0       0x40 Src\line_sensor.o
                0x0800d8d0                LineSendReceive
 .text.LineSortData
                0x0800d910       0xdc Src\line_sensor.o
                0x0800d910                LineSortData
 .text.HAL_SPI_TxRxCpltCallback
                0x0800d9ec       0x60 Src\line_sensor.o
                0x0800d9ec                HAL_SPI_TxRxCpltCallback
 .text.HAL_GPIO_EXTI_Callback
                0x0800da4c       0x44 Src\line_sensor.o
                0x0800da4c                HAL_GPIO_EXTI_Callback
 .text.LinetypeHypotheserGyorsasagi
                0x0800da90       0x58 Src\line_sensor.o
                0x0800da90                LinetypeHypotheserGyorsasagi
 .text.CheckLineNumArray
                0x0800dae8      0x124 Src\line_sensor.o
                0x0800dae8                CheckLineNumArray
 *fill*         0x0800dc0c        0x4 
 .text.LinetypeHypotheserUgyessegi
                0x0800dc10       0xf4 Src\line_sensor.o
                0x0800dc10                LinetypeHypotheserUgyessegi
 .text.HAL_TIM_PeriodElapsedCallback
                0x0800dd04       0x30 Src\line_sensor.o
                0x0800dd04                HAL_TIM_PeriodElapsedCallback
 .text.main     0x0800dd34      0x4b8 Src\main.o
                0x0800dd34                main
 .text.SystemClock_Config
                0x0800e1ec      0x108 Src\main.o
                0x0800e1ec                SystemClock_Config
 .text.MX_ADC1_Init
                0x0800e2f4       0xec Src\main.o
 .text.MX_ADC2_Init
                0x0800e3e0      0x16c Src\main.o
 .text.MX_ADC3_Init
                0x0800e54c       0xa4 Src\main.o
 .text.MX_I2C1_Init
                0x0800e5f0       0x68 Src\main.o
 .text.MX_SPI2_Init
                0x0800e658       0x78 Src\main.o
 .text.MX_SPI3_Init
                0x0800e6d0       0x78 Src\main.o
 .text.MX_TIM1_Init
                0x0800e748      0x14c Src\main.o
 .text.MX_TIM2_Init
                0x0800e894       0x9c Src\main.o
 .text.MX_TIM3_Init
                0x0800e930      0x10c Src\main.o
 .text.MX_TIM7_Init
                0x0800ea3c       0x6c Src\main.o
 .text.MX_TIM10_Init
                0x0800eaa8       0x48 Src\main.o
 .text.MX_TIM12_Init
                0x0800eaf0       0xd0 Src\main.o
 .text.MX_UART4_Init
                0x0800ebc0       0x5c Src\main.o
 .text.MX_USART1_UART_Init
                0x0800ec1c       0x5c Src\main.o
 .text.MX_USART2_UART_Init
                0x0800ec78       0x5c Src\main.o
 .text.MX_DMA_Init
                0x0800ecd4      0x11c Src\main.o
 .text.MX_GPIO_Init
                0x0800edf0      0x1c4 Src\main.o
 .text.TimerCallback
                0x0800efb4       0x40 Src\main.o
                0x0800efb4                TimerCallback
 .text.InitTimers
                0x0800eff4       0x70 Src\main.o
                0x0800eff4                InitTimers
 .text.SetTasks
                0x0800f064       0xa8 Src\main.o
                0x0800f064                SetTasks
 .text.InitTask
                0x0800f10c      0x218 Src\main.o
                0x0800f10c                InitTask
 .text.StartDefaultTask
                0x0800f324       0x1c Src\main.o
                0x0800f324                StartDefaultTask
 .text._Error_Handler
                0x0800f340        0xc Src\main.o
                0x0800f340                _Error_Handler
 .text.FlushMemsRx
                0x0800f34c       0x34 Src\mems.o
                0x0800f34c                FlushMemsRx
 .text.FlushMemsTx
                0x0800f380       0x34 Src\mems.o
                0x0800f380                FlushMemsTx
 .text.MemsTXRXCallback
                0x0800f3b4       0x20 Src\mems.o
                0x0800f3b4                MemsTXRXCallback
 .text.HAL_I2C_MasterTxCpltCallback
                0x0800f3d4       0x28 Src\mpu6050.o
                0x0800f3d4                HAL_I2C_MasterTxCpltCallback
 .text.HAL_I2C_MasterRxCpltCallback
                0x0800f3fc       0x30 Src\mpu6050.o
                0x0800f3fc                HAL_I2C_MasterRxCpltCallback
 .text.IMU_Init
                0x0800f42c       0x38 Src\mpu6050.o
                0x0800f42c                IMU_Init
 .text.IMU_Calibrate
                0x0800f464       0xfc Src\mpu6050.o
                0x0800f464                IMU_Calibrate
 .text.i2c_write_byte
                0x0800f560       0x38 Src\mpu6050.o
                0x0800f560                i2c_write_byte
 .text.i2c_read_byte
                0x0800f598       0x4c Src\mpu6050.o
                0x0800f598                i2c_read_byte
 .text.getSensorValuesSlow
                0x0800f5e4      0x128 Src\mpu6050.o
                0x0800f5e4                getSensorValuesSlow
 *fill*         0x0800f70c        0x4 
 .text.ProcessData
                0x0800f710      0x478 Src\mpu6050.o
                0x0800f710                ProcessData
 .text.ReadMEMSTask
                0x0800fb88       0x40 Src\mpu6050.o
                0x0800fb88                ReadMEMSTask
 .text.InitRegisters
                0x0800fbc8      0x30c Src\register_map.o
                0x0800fbc8                InitRegisters
 .text.HAL_TIM_IC_CaptureCallback
                0x0800fed4       0xbc Src\remotecontrol.o
                0x0800fed4                HAL_TIM_IC_CaptureCallback
 .text.RemoteControllerTask
                0x0800ff90      0x1d4 Src\remotecontrol.o
                0x0800ff90                RemoteControllerTask
 .text.StarterUartRxCallback
                0x08010164       0x3c Src\starter.o
                0x08010164                StarterUartRxCallback
 .text.StarterEXTICallback
                0x080101a0       0x7c Src\starter.o
                0x080101a0                StarterEXTICallback
 .text.StarterInit
                0x0801021c        0xe Src\starter.o
                0x0801021c                StarterInit
 *fill*         0x0801022a        0x6 
 .text.StateMachineTask
                0x08010230      0xad0 Src\statemachine.o
                0x08010230                StateMachineTask
 .text.HAL_MspInit
                0x08010d00       0x62 Src\stm32f4xx_hal_msp.o
                0x08010d00                HAL_MspInit
 *fill*         0x08010d62        0x2 
 .text.HAL_ADC_MspInit
                0x08010d64      0x294 Src\stm32f4xx_hal_msp.o
                0x08010d64                HAL_ADC_MspInit
 .text.HAL_I2C_MspInit
                0x08010ff8      0x178 Src\stm32f4xx_hal_msp.o
                0x08010ff8                HAL_I2C_MspInit
 .text.HAL_SPI_MspInit
                0x08011170      0x28c Src\stm32f4xx_hal_msp.o
                0x08011170                HAL_SPI_MspInit
 .text.HAL_TIM_Base_MspInit
                0x080113fc      0x108 Src\stm32f4xx_hal_msp.o
                0x080113fc                HAL_TIM_Base_MspInit
 .text.HAL_TIM_Encoder_MspInit
                0x08011504       0x60 Src\stm32f4xx_hal_msp.o
                0x08011504                HAL_TIM_Encoder_MspInit
 .text.HAL_TIM_PWM_MspInit
                0x08011564      0x154 Src\stm32f4xx_hal_msp.o
                0x08011564                HAL_TIM_PWM_MspInit
 .text.HAL_TIM_IC_MspInit
                0x080116b8       0x74 Src\stm32f4xx_hal_msp.o
                0x080116b8                HAL_TIM_IC_MspInit
 .text.HAL_TIM_MspPostInit
                0x0801172c       0x9c Src\stm32f4xx_hal_msp.o
                0x0801172c                HAL_TIM_MspPostInit
 .text.HAL_UART_MspInit
                0x080117c8      0x20c Src\stm32f4xx_hal_msp.o
                0x080117c8                HAL_UART_MspInit
 .text.HAL_InitTick
                0x080119d4       0xb4 Src\stm32f4xx_hal_timebase_TIM.o
                0x080119d4                HAL_InitTick
 .text.SysTick_Handler
                0x08011a88        0xc Src\stm32f4xx_it.o
                0x08011a88                SysTick_Handler
 .text.EXTI2_IRQHandler
                0x08011a94        0xe Src\stm32f4xx_it.o
                0x08011a94                EXTI2_IRQHandler
 *fill*         0x08011aa2        0x2 
 .text.DMA1_Stream0_IRQHandler
                0x08011aa4       0x14 Src\stm32f4xx_it.o
                0x08011aa4                DMA1_Stream0_IRQHandler
 .text.DMA1_Stream2_IRQHandler
                0x08011ab8       0x14 Src\stm32f4xx_it.o
                0x08011ab8                DMA1_Stream2_IRQHandler
 .text.DMA1_Stream3_IRQHandler
                0x08011acc       0x14 Src\stm32f4xx_it.o
                0x08011acc                DMA1_Stream3_IRQHandler
 .text.DMA1_Stream4_IRQHandler
                0x08011ae0       0x14 Src\stm32f4xx_it.o
                0x08011ae0                DMA1_Stream4_IRQHandler
 .text.DMA1_Stream5_IRQHandler
                0x08011af4       0x14 Src\stm32f4xx_it.o
                0x08011af4                DMA1_Stream5_IRQHandler
 .text.DMA1_Stream6_IRQHandler
                0x08011b08       0x14 Src\stm32f4xx_it.o
                0x08011b08                DMA1_Stream6_IRQHandler
 .text.ADC_IRQHandler
                0x08011b1c       0x28 Src\stm32f4xx_it.o
                0x08011b1c                ADC_IRQHandler
 .text.I2C1_EV_IRQHandler
                0x08011b44       0x14 Src\stm32f4xx_it.o
                0x08011b44                I2C1_EV_IRQHandler
 .text.I2C1_ER_IRQHandler
                0x08011b58       0x14 Src\stm32f4xx_it.o
                0x08011b58                I2C1_ER_IRQHandler
 .text.SPI2_IRQHandler
                0x08011b6c       0x14 Src\stm32f4xx_it.o
                0x08011b6c                SPI2_IRQHandler
 .text.USART1_IRQHandler
                0x08011b80       0x14 Src\stm32f4xx_it.o
                0x08011b80                USART1_IRQHandler
 .text.USART2_IRQHandler
                0x08011b94       0x14 Src\stm32f4xx_it.o
                0x08011b94                USART2_IRQHandler
 .text.EXTI15_10_IRQHandler
                0x08011ba8       0x18 Src\stm32f4xx_it.o
                0x08011ba8                EXTI15_10_IRQHandler
 .text.TIM8_BRK_TIM12_IRQHandler
                0x08011bc0       0x14 Src\stm32f4xx_it.o
                0x08011bc0                TIM8_BRK_TIM12_IRQHandler
 .text.TIM8_TRG_COM_TIM14_IRQHandler
                0x08011bd4       0x14 Src\stm32f4xx_it.o
                0x08011bd4                TIM8_TRG_COM_TIM14_IRQHandler
 .text.DMA1_Stream7_IRQHandler
                0x08011be8       0x14 Src\stm32f4xx_it.o
                0x08011be8                DMA1_Stream7_IRQHandler
 .text.SPI3_IRQHandler
                0x08011bfc       0x14 Src\stm32f4xx_it.o
                0x08011bfc                SPI3_IRQHandler
 .text.UART4_IRQHandler
                0x08011c10       0x14 Src\stm32f4xx_it.o
                0x08011c10                UART4_IRQHandler
 .text.DMA2_Stream0_IRQHandler
                0x08011c24       0x14 Src\stm32f4xx_it.o
                0x08011c24                DMA2_Stream0_IRQHandler
 .text.DMA2_Stream1_IRQHandler
                0x08011c38       0x14 Src\stm32f4xx_it.o
                0x08011c38                DMA2_Stream1_IRQHandler
 .text.DMA2_Stream2_IRQHandler
                0x08011c4c       0x14 Src\stm32f4xx_it.o
                0x08011c4c                DMA2_Stream2_IRQHandler
 .text.DMA2_Stream3_IRQHandler
                0x08011c60       0x14 Src\stm32f4xx_it.o
                0x08011c60                DMA2_Stream3_IRQHandler
 .text.DMA2_Stream5_IRQHandler
                0x08011c74       0x14 Src\stm32f4xx_it.o
                0x08011c74                DMA2_Stream5_IRQHandler
 .text.DMA2_Stream7_IRQHandler
                0x08011c88       0x14 Src\stm32f4xx_it.o
                0x08011c88                DMA2_Stream7_IRQHandler
 .text.SystemInit
                0x08011c9c       0x6c Src\system_stm32f4xx.o
                0x08011c9c                SystemInit
 .text.Reset_Handler
                0x08011d08       0x50 startup\startup_stm32f446xx.o
                0x08011d08                Reset_Handler
 .text.Default_Handler
                0x08011d58        0x2 startup\startup_stm32f446xx.o
                0x08011d58                RTC_Alarm_IRQHandler
                0x08011d58                TIM8_CC_IRQHandler
                0x08011d58                DebugMon_Handler
                0x08011d58                SPI4_IRQHandler
                0x08011d58                TIM1_CC_IRQHandler
                0x08011d58                HardFault_Handler
                0x08011d58                PVD_IRQHandler
                0x08011d58                SDIO_IRQHandler
                0x08011d58                TAMP_STAMP_IRQHandler
                0x08011d58                NMI_Handler
                0x08011d58                CAN2_RX1_IRQHandler
                0x08011d58                EXTI3_IRQHandler
                0x08011d58                TIM1_UP_TIM10_IRQHandler
                0x08011d58                TIM8_UP_TIM13_IRQHandler
                0x08011d58                I2C3_ER_IRQHandler
                0x08011d58                FMPI2C1_Event_IRQHandler
                0x08011d58                EXTI0_IRQHandler
                0x08011d58                I2C2_EV_IRQHandler
                0x08011d58                CAN1_RX0_IRQHandler
                0x08011d58                FPU_IRQHandler
                0x08011d58                OTG_HS_WKUP_IRQHandler
                0x08011d58                UsageFault_Handler
                0x08011d58                CAN2_SCE_IRQHandler
                0x08011d58                SPI1_IRQHandler
                0x08011d58                TIM6_DAC_IRQHandler
                0x08011d58                TIM1_BRK_TIM9_IRQHandler
                0x08011d58                DCMI_IRQHandler
                0x08011d58                CAN2_RX0_IRQHandler
                0x08011d58                SAI2_IRQHandler
                0x08011d58                USART6_IRQHandler
                0x08011d58                USART3_IRQHandler
                0x08011d58                CAN1_RX1_IRQHandler
                0x08011d58                UART5_IRQHandler
                0x08011d58                TIM4_IRQHandler
                0x08011d58                QUADSPI_IRQHandler
                0x08011d58                DMA1_Stream1_IRQHandler
                0x08011d58                TIM3_IRQHandler
                0x08011d58                RCC_IRQHandler
                0x08011d58                Default_Handler
                0x08011d58                CEC_IRQHandler
                0x08011d58                TIM7_IRQHandler
                0x08011d58                CAN2_TX_IRQHandler
                0x08011d58                TIM5_IRQHandler
                0x08011d58                I2C3_EV_IRQHandler
                0x08011d58                EXTI9_5_IRQHandler
                0x08011d58                RTC_WKUP_IRQHandler
                0x08011d58                SPDIF_RX_IRQHandler
                0x08011d58                OTG_HS_EP1_IN_IRQHandler
                0x08011d58                MemManage_Handler
                0x08011d58                CAN1_TX_IRQHandler
                0x08011d58                EXTI4_IRQHandler
                0x08011d58                OTG_HS_EP1_OUT_IRQHandler
                0x08011d58                WWDG_IRQHandler
                0x08011d58                TIM2_IRQHandler
                0x08011d58                OTG_FS_WKUP_IRQHandler
                0x08011d58                TIM1_TRG_COM_TIM11_IRQHandler
                0x08011d58                OTG_HS_IRQHandler
                0x08011d58                EXTI1_IRQHandler
                0x08011d58                I2C2_ER_IRQHandler
                0x08011d58                CAN1_SCE_IRQHandler
                0x08011d58                FLASH_IRQHandler
                0x08011d58                DMA2_Stream4_IRQHandler
                0x08011d58                BusFault_Handler
                0x08011d58                OTG_FS_IRQHandler
                0x08011d58                FMC_IRQHandler
                0x08011d58                DMA2_Stream6_IRQHandler
                0x08011d58                SAI1_IRQHandler
                0x08011d58                FMPI2C1_Error_IRQHandler
 *fill*         0x08011d5a        0x2 
 .text.__libc_init_array
                0x08011d5c       0x48 c:/program files (x86)/atollic/truestudio for arm 8.1.0/armtools/bin/../lib/gcc/arm-atollic-eabi/6.3.1/../../../../arm-atollic-eabi/lib/armv7e-m/fpu\libc_nano.a(lib_a-init.o)
                0x08011d5c                __libc_init_array
 .text.memcpy   0x08011da4       0x16 c:/program files (x86)/atollic/truestudio for arm 8.1.0/armtools/bin/../lib/gcc/arm-atollic-eabi/6.3.1/../../../../arm-atollic-eabi/lib/armv7e-m/fpu\libc_nano.a(lib_a-memcpy-stub.o)
                0x08011da4                memcpy
 .text.strncmp  0x08011dba       0x24 c:/program files (x86)/atollic/truestudio for arm 8.1.0/armtools/bin/../lib/gcc/arm-atollic-eabi/6.3.1/../../../../arm-atollic-eabi/lib/armv7e-m/fpu\libc_nano.a(lib_a-strncmp.o)
                0x08011dba                strncmp
 *fill*         0x08011dde        0x2 
 .text.sin      0x08011de0       0x90 c:/program files (x86)/atollic/truestudio for arm 8.1.0/armtools/bin/../lib/gcc/arm-atollic-eabi/6.3.1/../../../../arm-atollic-eabi/lib/armv7e-m/fpu\libm.a(lib_a-s_sin.o)
                0x08011de0                sin
 .text.asin     0x08011e70       0xb0 c:/program files (x86)/atollic/truestudio for arm 8.1.0/armtools/bin/../lib/gcc/arm-atollic-eabi/6.3.1/../../../../arm-atollic-eabi/lib/armv7e-m/fpu\libm.a(lib_a-w_asin.o)
                0x08011e70                asin
 .text.exp      0x08011f20       0xf8 c:/program files (x86)/atollic/truestudio for arm 8.1.0/armtools/bin/../lib/gcc/arm-atollic-eabi/6.3.1/../../../../arm-atollic-eabi/lib/armv7e-m/fpu\libm.a(lib_a-w_exp.o)
                0x08011f20                exp
 .text.sqrt     0x08012018       0xb4 c:/program files (x86)/atollic/truestudio for arm 8.1.0/armtools/bin/../lib/gcc/arm-atollic-eabi/6.3.1/../../../../arm-atollic-eabi/lib/armv7e-m/fpu\libm.a(lib_a-w_sqrt.o)
                0x08012018                sqrt
 *fill*         0x080120cc        0x4 
 .text.__ieee754_asin
                0x080120d0      0x418 c:/program files (x86)/atollic/truestudio for arm 8.1.0/armtools/bin/../lib/gcc/arm-atollic-eabi/6.3.1/../../../../arm-atollic-eabi/lib/armv7e-m/fpu\libm.a(lib_a-e_asin.o)
                0x080120d0                __ieee754_asin
 .text.__ieee754_exp
                0x080124e8      0x2e4 c:/program files (x86)/atollic/truestudio for arm 8.1.0/armtools/bin/../lib/gcc/arm-atollic-eabi/6.3.1/../../../../arm-atollic-eabi/lib/armv7e-m/fpu\libm.a(lib_a-e_exp.o)
                0x080124e8                __ieee754_exp
 *fill*         0x080127cc        0x4 
 .text.__ieee754_rem_pio2
                0x080127d0      0x3e4 c:/program files (x86)/atollic/truestudio for arm 8.1.0/armtools/bin/../lib/gcc/arm-atollic-eabi/6.3.1/../../../../arm-atollic-eabi/lib/armv7e-m/fpu\libm.a(lib_a-e_rem_pio2.o)
                0x080127d0                __ieee754_rem_pio2
 .text.__ieee754_sqrt
                0x08012bb4      0x160 c:/program files (x86)/atollic/truestudio for arm 8.1.0/armtools/bin/../lib/gcc/arm-atollic-eabi/6.3.1/../../../../arm-atollic-eabi/lib/armv7e-m/fpu\libm.a(lib_a-e_sqrt.o)
                0x08012bb4                __ieee754_sqrt
 *fill*         0x08012d14        0x4 
 .text.__kernel_cos
                0x08012d18      0x1cc c:/program files (x86)/atollic/truestudio for arm 8.1.0/armtools/bin/../lib/gcc/arm-atollic-eabi/6.3.1/../../../../arm-atollic-eabi/lib/armv7e-m/fpu\libm.a(lib_a-k_cos.o)
                0x08012d18                __kernel_cos
 *fill*         0x08012ee4        0x4 
 .text.__kernel_rem_pio2
                0x08012ee8      0x69c c:/program files (x86)/atollic/truestudio for arm 8.1.0/armtools/bin/../lib/gcc/arm-atollic-eabi/6.3.1/../../../../arm-atollic-eabi/lib/armv7e-m/fpu\libm.a(lib_a-k_rem_pio2.o)
                0x08012ee8                __kernel_rem_pio2
 *fill*         0x08013584        0x4 
 .text.__kernel_sin
                0x08013588      0x174 c:/program files (x86)/atollic/truestudio for arm 8.1.0/armtools/bin/../lib/gcc/arm-atollic-eabi/6.3.1/../../../../arm-atollic-eabi/lib/armv7e-m/fpu\libm.a(lib_a-k_sin.o)
                0x08013588                __kernel_sin
 .text.fabs     0x080136fc        0xe c:/program files (x86)/atollic/truestudio for arm 8.1.0/armtools/bin/../lib/gcc/arm-atollic-eabi/6.3.1/../../../../arm-atollic-eabi/lib/armv7e-m/fpu\libm.a(lib_a-s_fabs.o)
                0x080136fc                fabs
 .text.finite   0x0801370a       0x10 c:/program files (x86)/atollic/truestudio for arm 8.1.0/armtools/bin/../lib/gcc/arm-atollic-eabi/6.3.1/../../../../arm-atollic-eabi/lib/armv7e-m/fpu\libm.a(lib_a-s_finite.o)
                0x0801370a                finite
 *fill*         0x0801371a        0x6 
 .text.floor    0x08013720      0x108 c:/program files (x86)/atollic/truestudio for arm 8.1.0/armtools/bin/../lib/gcc/arm-atollic-eabi/6.3.1/../../../../arm-atollic-eabi/lib/armv7e-m/fpu\libm.a(lib_a-s_floor.o)
                0x08013720                floor
 .text.matherr  0x08013828        0x4 c:/program files (x86)/atollic/truestudio for arm 8.1.0/armtools/bin/../lib/gcc/arm-atollic-eabi/6.3.1/../../../../arm-atollic-eabi/lib/armv7e-m/fpu\libm.a(lib_a-s_matherr.o)
                0x08013828                matherr
 *fill*         0x0801382c        0x4 
 .text.nan      0x08013830       0x10 c:/program files (x86)/atollic/truestudio for arm 8.1.0/armtools/bin/../lib/gcc/arm-atollic-eabi/6.3.1/../../../../arm-atollic-eabi/lib/armv7e-m/fpu\libm.a(lib_a-s_nan.o)
                0x08013830                nan
 .text.scalbn   0x08013840       0xf4 c:/program files (x86)/atollic/truestudio for arm 8.1.0/armtools/bin/../lib/gcc/arm-atollic-eabi/6.3.1/../../../../arm-atollic-eabi/lib/armv7e-m/fpu\libm.a(lib_a-s_scalbn.o)
                0x08013840                scalbn
 .text.copysign
                0x08013934       0x1a c:/program files (x86)/atollic/truestudio for arm 8.1.0/armtools/bin/../lib/gcc/arm-atollic-eabi/6.3.1/../../../../arm-atollic-eabi/lib/armv7e-m/fpu\libm.a(lib_a-s_copysign.o)
                0x08013934                copysign
 *fill*         0x0801394e        0x2 
 .text.__errno  0x08013950        0xc c:/program files (x86)/atollic/truestudio for arm 8.1.0/armtools/bin/../lib/gcc/arm-atollic-eabi/6.3.1/../../../../arm-atollic-eabi/lib/armv7e-m/fpu\libc_nano.a(lib_a-errno.o)
                0x08013950                __errno
 *(.glue_7)
 .glue_7        0x0801395c        0x0 linker stubs
 *(.glue_7t)
 .glue_7t       0x0801395c        0x0 linker stubs
 *(.eh_frame)
 .eh_frame      0x0801395c        0x0 c:/program files (x86)/atollic/truestudio for arm 8.1.0/armtools/bin/../lib/gcc/arm-atollic-eabi/6.3.1/armv7e-m/fpu/crtbegin.o
 *(.init)
 .init          0x0801395c        0x4 c:/program files (x86)/atollic/truestudio for arm 8.1.0/armtools/bin/../lib/gcc/arm-atollic-eabi/6.3.1/armv7e-m/fpu/crti.o
                0x0801395c                _init
 .init          0x08013960        0x8 c:/program files (x86)/atollic/truestudio for arm 8.1.0/armtools/bin/../lib/gcc/arm-atollic-eabi/6.3.1/armv7e-m/fpu/crtn.o
 *(.fini)
 .fini          0x08013968        0x4 c:/program files (x86)/atollic/truestudio for arm 8.1.0/armtools/bin/../lib/gcc/arm-atollic-eabi/6.3.1/armv7e-m/fpu/crti.o
                0x08013968                _fini
 .fini          0x0801396c        0x8 c:/program files (x86)/atollic/truestudio for arm 8.1.0/armtools/bin/../lib/gcc/arm-atollic-eabi/6.3.1/armv7e-m/fpu/crtn.o
                0x08013974                . = ALIGN (0x4)
                0x08013974                _etext = .

.vfp11_veneer   0x08013974        0x0
 .vfp11_veneer  0x08013974        0x0 linker stubs

.v4_bx          0x08013974        0x0
 .v4_bx         0x08013974        0x0 linker stubs

.iplt           0x08013974        0x0
 .iplt          0x08013974        0x0 c:/program files (x86)/atollic/truestudio for arm 8.1.0/armtools/bin/../lib/gcc/arm-atollic-eabi/6.3.1/armv7e-m/fpu/crtbegin.o

.rodata         0x08013978      0x690
                0x08013978                . = ALIGN (0x4)
 *(.rodata)
 .rodata        0x08013978        0x5 Middlewares\Third_Party\FreeRTOS\Source\tasks.o
 *fill*         0x0801397d        0x3 
 .rodata        0x08013980        0xd Middlewares\Third_Party\FreeRTOS\Source\timers.o
 *fill*         0x0801398d        0x3 
 .rodata        0x08013990       0xe0 Src\adc.o
 .rodata        0x08013a70       0x36 Src\bluetooth.o
 *fill*         0x08013aa6        0x2 
 .rodata        0x08013aa8      0x30a Src\main.o
 *fill*         0x08013db2        0x2 
 .rodata        0x08013db4       0x1b Src\stm32f4xx_hal_msp.o
 *(.rodata*)
 *fill*         0x08013dcf        0x1 
 .rodata.flagBitshiftOffset.9348
                0x08013dd0        0x8 Drivers\STM32F4xx_HAL_Driver\Src\stm32f4xx_hal_dma.o
 .rodata.AHBPrescTable
                0x08013dd8       0x10 Src\system_stm32f4xx.o
                0x08013dd8                AHBPrescTable
 .rodata.APBPrescTable
                0x08013de8        0x8 Src\system_stm32f4xx.o
                0x08013de8                APBPrescTable
 .rodata.asin.str1.1
                0x08013df0        0x5 c:/program files (x86)/atollic/truestudio for arm 8.1.0/armtools/bin/../lib/gcc/arm-atollic-eabi/6.3.1/../../../../arm-atollic-eabi/lib/armv7e-m/fpu\libm.a(lib_a-w_asin.o)
                                  0x6 (size before relaxing)
 .rodata.exp.str1.1
                0x08013df5        0x4 c:/program files (x86)/atollic/truestudio for arm 8.1.0/armtools/bin/../lib/gcc/arm-atollic-eabi/6.3.1/../../../../arm-atollic-eabi/lib/armv7e-m/fpu\libm.a(lib_a-w_exp.o)
 .rodata.sqrt.str1.1
                0x08013df9        0x5 c:/program files (x86)/atollic/truestudio for arm 8.1.0/armtools/bin/../lib/gcc/arm-atollic-eabi/6.3.1/../../../../arm-atollic-eabi/lib/armv7e-m/fpu\libm.a(lib_a-w_sqrt.o)
 *fill*         0x08013dfe        0x2 
 .rodata.halF   0x08013e00       0x10 c:/program files (x86)/atollic/truestudio for arm 8.1.0/armtools/bin/../lib/gcc/arm-atollic-eabi/6.3.1/../../../../arm-atollic-eabi/lib/armv7e-m/fpu\libm.a(lib_a-e_exp.o)
 .rodata.ln2HI  0x08013e10       0x10 c:/program files (x86)/atollic/truestudio for arm 8.1.0/armtools/bin/../lib/gcc/arm-atollic-eabi/6.3.1/../../../../arm-atollic-eabi/lib/armv7e-m/fpu\libm.a(lib_a-e_exp.o)
 .rodata.ln2LO  0x08013e20       0x10 c:/program files (x86)/atollic/truestudio for arm 8.1.0/armtools/bin/../lib/gcc/arm-atollic-eabi/6.3.1/../../../../arm-atollic-eabi/lib/armv7e-m/fpu\libm.a(lib_a-e_exp.o)
 .rodata.npio2_hw
                0x08013e30       0x80 c:/program files (x86)/atollic/truestudio for arm 8.1.0/armtools/bin/../lib/gcc/arm-atollic-eabi/6.3.1/../../../../arm-atollic-eabi/lib/armv7e-m/fpu\libm.a(lib_a-e_rem_pio2.o)
 .rodata.two_over_pi
                0x08013eb0      0x108 c:/program files (x86)/atollic/truestudio for arm 8.1.0/armtools/bin/../lib/gcc/arm-atollic-eabi/6.3.1/../../../../arm-atollic-eabi/lib/armv7e-m/fpu\libm.a(lib_a-e_rem_pio2.o)
 .rodata.PIo2   0x08013fb8       0x40 c:/program files (x86)/atollic/truestudio for arm 8.1.0/armtools/bin/../lib/gcc/arm-atollic-eabi/6.3.1/../../../../arm-atollic-eabi/lib/armv7e-m/fpu\libm.a(lib_a-k_rem_pio2.o)
 .rodata.init_jk
                0x08013ff8       0x10 c:/program files (x86)/atollic/truestudio for arm 8.1.0/armtools/bin/../lib/gcc/arm-atollic-eabi/6.3.1/../../../../arm-atollic-eabi/lib/armv7e-m/fpu\libm.a(lib_a-k_rem_pio2.o)
                0x08014008                . = ALIGN (0x4)

.ARM.extab
 *(.ARM.extab* .gnu.linkonce.armextab.*)

.ARM            0x08014008        0x8
                0x08014008                __exidx_start = .
 *(.ARM.exidx*)
 .ARM.exidx     0x08014008        0x8 c:/program files (x86)/atollic/truestudio for arm 8.1.0/armtools/bin/../lib/gcc/arm-atollic-eabi/6.3.1/armv7e-m/fpu\libgcc.a(_udivmoddi4.o)
                0x08014010                __exidx_end = .

.rel.dyn        0x08014010        0x0
 .rel.iplt      0x08014010        0x0 c:/program files (x86)/atollic/truestudio for arm 8.1.0/armtools/bin/../lib/gcc/arm-atollic-eabi/6.3.1/armv7e-m/fpu/crtbegin.o

.preinit_array  0x08014010        0x0
                0x08014010                PROVIDE (__preinit_array_start, .)
 *(.preinit_array*)
                0x08014010                PROVIDE (__preinit_array_end, .)

.init_array     0x08014010        0x4
                0x08014010                PROVIDE (__init_array_start, .)
 *(SORT(.init_array.*))
 *(.init_array*)
 .init_array    0x08014010        0x4 c:/program files (x86)/atollic/truestudio for arm 8.1.0/armtools/bin/../lib/gcc/arm-atollic-eabi/6.3.1/armv7e-m/fpu/crtbegin.o
                0x08014014                PROVIDE (__init_array_end, .)

.fini_array     0x08014014        0x4
                [!provide]                PROVIDE (__fini_array_start, .)
 *(SORT(.fini_array.*))
 *(.fini_array*)
 .fini_array    0x08014014        0x4 c:/program files (x86)/atollic/truestudio for arm 8.1.0/armtools/bin/../lib/gcc/arm-atollic-eabi/6.3.1/armv7e-m/fpu/crtbegin.o
                [!provide]                PROVIDE (__fini_array_end, .)
                0x08014018                _sidata = LOADADDR (.data)

.data           0x20000000       0xa4 load address 0x08014018
                0x20000000                . = ALIGN (0x4)
                0x20000000                _sdata = .
 *(.data)
 *(.data*)
 .data.uxCriticalNesting
                0x20000000        0x4 Middlewares\Third_Party\FreeRTOS\Source\portable\GCC\ARM_CM4F\port.o
 .data.PreviousDistancesLeft.10533
                0x20000004        0xc Src\adc.o
 .data.PreviousDistancesRight.10534
                0x20000010        0xc Src\adc.o
 .data.PreviousDistancesFrontShort.10535
                0x2000001c        0xc Src\adc.o
 .data.PreviousDistancesFrontLong.10536
                0x20000028        0xc Src\adc.o
 .data.IT_state
                0x20000034        0x1 Src\ir.o
                0x20000034                IT_state
 *fill*         0x20000035        0x3 
 .data.SystemCoreClock
                0x20000038        0x4 Src\system_stm32f4xx.o
                0x20000038                SystemCoreClock
 .data.__fdlib_version
                0x2000003c        0x1 c:/program files (x86)/atollic/truestudio for arm 8.1.0/armtools/bin/../lib/gcc/arm-atollic-eabi/6.3.1/../../../../arm-atollic-eabi/lib/armv7e-m/fpu\libm.a(lib_a-s_lib_ver.o)
                0x2000003c                __fdlib_version
 *fill*         0x2000003d        0x3 
 .data._impure_ptr
                0x20000040        0x4 c:/program files (x86)/atollic/truestudio for arm 8.1.0/armtools/bin/../lib/gcc/arm-atollic-eabi/6.3.1/../../../../arm-atollic-eabi/lib/armv7e-m/fpu\libc_nano.a(lib_a-impure.o)
                0x20000040                _impure_ptr
 .data.impure_data
                0x20000044       0x60 c:/program files (x86)/atollic/truestudio for arm 8.1.0/armtools/bin/../lib/gcc/arm-atollic-eabi/6.3.1/../../../../arm-atollic-eabi/lib/armv7e-m/fpu\libc_nano.a(lib_a-impure.o)
                0x200000a4                . = ALIGN (0x4)
                0x200000a4                _edata = .

.igot.plt       0x200000a4        0x0 load address 0x080140bc
 .igot.plt      0x200000a4        0x0 c:/program files (x86)/atollic/truestudio for arm 8.1.0/armtools/bin/../lib/gcc/arm-atollic-eabi/6.3.1/armv7e-m/fpu/crtbegin.o
                0x200000a4                . = ALIGN (0x4)

.bss            0x200000a8    0x19c14 load address 0x080140bc
                0x200000a8                _sbss = .
                0x200000a8                __bss_start__ = _sbss
 *(.bss)
 .bss           0x200000a8       0x1c c:/program files (x86)/atollic/truestudio for arm 8.1.0/armtools/bin/../lib/gcc/arm-atollic-eabi/6.3.1/armv7e-m/fpu/crtbegin.o
 *(.bss*)
 .bss.ucMaxSysCallPriority
                0x200000c4        0x1 Middlewares\Third_Party\FreeRTOS\Source\portable\GCC\ARM_CM4F\port.o
 *fill*         0x200000c5        0x3 
 .bss.ulMaxPRIGROUPValue
                0x200000c8        0x4 Middlewares\Third_Party\FreeRTOS\Source\portable\GCC\ARM_CM4F\port.o
 .bss.ucHeap    0x200000cc    0x186a0 Middlewares\Third_Party\FreeRTOS\Source\portable\MemMang\heap_4.o
 .bss.xStart    0x2001876c        0x8 Middlewares\Third_Party\FreeRTOS\Source\portable\MemMang\heap_4.o
 .bss.pxEnd     0x20018774        0x4 Middlewares\Third_Party\FreeRTOS\Source\portable\MemMang\heap_4.o
 .bss.xFreeBytesRemaining
                0x20018778        0x4 Middlewares\Third_Party\FreeRTOS\Source\portable\MemMang\heap_4.o
 .bss.xMinimumEverFreeBytesRemaining
                0x2001877c        0x4 Middlewares\Third_Party\FreeRTOS\Source\portable\MemMang\heap_4.o
 .bss.xBlockAllocatedBit
                0x20018780        0x4 Middlewares\Third_Party\FreeRTOS\Source\portable\MemMang\heap_4.o
 .bss.pxCurrentTCB
                0x20018784        0x4 Middlewares\Third_Party\FreeRTOS\Source\tasks.o
                0x20018784                pxCurrentTCB
 .bss.pxReadyTasksLists
                0x20018788       0x8c Middlewares\Third_Party\FreeRTOS\Source\tasks.o
 .bss.xDelayedTaskList1
                0x20018814       0x14 Middlewares\Third_Party\FreeRTOS\Source\tasks.o
 .bss.xDelayedTaskList2
                0x20018828       0x14 Middlewares\Third_Party\FreeRTOS\Source\tasks.o
 .bss.pxDelayedTaskList
                0x2001883c        0x4 Middlewares\Third_Party\FreeRTOS\Source\tasks.o
 .bss.pxOverflowDelayedTaskList
                0x20018840        0x4 Middlewares\Third_Party\FreeRTOS\Source\tasks.o
 .bss.xPendingReadyList
                0x20018844       0x14 Middlewares\Third_Party\FreeRTOS\Source\tasks.o
 .bss.xTasksWaitingTermination
                0x20018858       0x14 Middlewares\Third_Party\FreeRTOS\Source\tasks.o
 .bss.uxDeletedTasksWaitingCleanUp
                0x2001886c        0x4 Middlewares\Third_Party\FreeRTOS\Source\tasks.o
 .bss.xSuspendedTaskList
                0x20018870       0x14 Middlewares\Third_Party\FreeRTOS\Source\tasks.o
 .bss.uxCurrentNumberOfTasks
                0x20018884        0x4 Middlewares\Third_Party\FreeRTOS\Source\tasks.o
 .bss.xTickCount
                0x20018888        0x4 Middlewares\Third_Party\FreeRTOS\Source\tasks.o
 .bss.uxTopReadyPriority
                0x2001888c        0x4 Middlewares\Third_Party\FreeRTOS\Source\tasks.o
 .bss.xSchedulerRunning
                0x20018890        0x4 Middlewares\Third_Party\FreeRTOS\Source\tasks.o
 .bss.uxPendedTicks
                0x20018894        0x4 Middlewares\Third_Party\FreeRTOS\Source\tasks.o
 .bss.xYieldPending
                0x20018898        0x4 Middlewares\Third_Party\FreeRTOS\Source\tasks.o
 .bss.xNumOfOverflows
                0x2001889c        0x4 Middlewares\Third_Party\FreeRTOS\Source\tasks.o
 .bss.uxTaskNumber
                0x200188a0        0x4 Middlewares\Third_Party\FreeRTOS\Source\tasks.o
 .bss.xNextTaskUnblockTime
                0x200188a4        0x4 Middlewares\Third_Party\FreeRTOS\Source\tasks.o
 .bss.xIdleTaskHandle
                0x200188a8        0x4 Middlewares\Third_Party\FreeRTOS\Source\tasks.o
 .bss.uxSchedulerSuspended
                0x200188ac        0x4 Middlewares\Third_Party\FreeRTOS\Source\tasks.o
 .bss.xActiveTimerList1
                0x200188b0       0x14 Middlewares\Third_Party\FreeRTOS\Source\timers.o
 .bss.xActiveTimerList2
                0x200188c4       0x14 Middlewares\Third_Party\FreeRTOS\Source\timers.o
 .bss.pxCurrentTimerList
                0x200188d8        0x4 Middlewares\Third_Party\FreeRTOS\Source\timers.o
 .bss.pxOverflowTimerList
                0x200188dc        0x4 Middlewares\Third_Party\FreeRTOS\Source\timers.o
 .bss.xTimerQueue
                0x200188e0        0x4 Middlewares\Third_Party\FreeRTOS\Source\timers.o
 .bss.xTimerTaskHandle
                0x200188e4        0x4 Middlewares\Third_Party\FreeRTOS\Source\timers.o
 .bss.xLastTime.6518
                0x200188e8        0x4 Middlewares\Third_Party\FreeRTOS\Source\timers.o
 .bss.DistanceLeftAvg
                0x200188ec        0x4 Src\adc.o
                0x200188ec                DistanceLeftAvg
 .bss.DistanceRightAvg
                0x200188f0        0x4 Src\adc.o
                0x200188f0                DistanceRightAvg
 .bss.DistanceFrontShortAvg
                0x200188f4        0x4 Src\adc.o
                0x200188f4                DistanceFrontShortAvg
 .bss.DistanceFrontLongAvg
                0x200188f8        0x4 Src\adc.o
                0x200188f8                DistanceFrontLongAvg
 .bss.index.10537
                0x200188fc        0x4 Src\adc.o
 .bss.hmi_rx_index
                0x20018900        0x1 Src\bluetooth.o
                0x20018900                hmi_rx_index
 *fill*         0x20018901        0x1 
 .bss.pulse_T1  0x20018902        0x2 Src\ir.o
                0x20018902                pulse_T1
 .bss.pulse_T2  0x20018904        0x2 Src\ir.o
                0x20018904                pulse_T2
 .bss.pulselength
                0x20018906        0x2 Src\ir.o
                0x20018906                pulselength
 .bss.indexx    0x20018908        0x1 Src\ir.o
                0x20018908                indexx
 *fill*         0x20018909        0x3 
 .bss.LineNumChg
                0x2001890c        0x4 Src\line_sensor.o
                0x2001890c                LineNumChg
 .bss.LineNumMax
                0x20018910        0x4 Src\line_sensor.o
                0x20018910                LineNumMax
 .bss.Num0Lines
                0x20018914        0x4 Src\line_sensor.o
                0x20018914                Num0Lines
 .bss.Num1Lines
                0x20018918        0x4 Src\line_sensor.o
                0x20018918                Num1Lines
 .bss.Num2Lines
                0x2001891c        0x4 Src\line_sensor.o
                0x2001891c                Num2Lines
 .bss.Num3Lines
                0x20018920        0x4 Src\line_sensor.o
                0x20018920                Num3Lines
 .bss.GyroXCalib
                0x20018924        0x4 Src\mpu6050.o
                0x20018924                GyroXCalib
 .bss.GyroYCalib
                0x20018928        0x4 Src\mpu6050.o
                0x20018928                GyroYCalib
 .bss.GyroZCalib
                0x2001892c        0x4 Src\mpu6050.o
                0x2001892c                GyroZCalib
 .bss.angle_pitch.10674
                0x20018930        0x4 Src\mpu6050.o
 .bss.angle_roll.10675
                0x20018934        0x4 Src\mpu6050.o
 .bss.angle_yaw.10676
                0x20018938        0x4 Src\mpu6050.o
 .bss.num_exti_int.10074
                0x2001893c        0x4 Src\starter.o
 *(COMMON)
 COMMON         0x20018940        0x4 Drivers\STM32F4xx_HAL_Driver\Src\stm32f4xx_hal.o
                0x20018940                uwTick
 COMMON         0x20018944       0x40 Middlewares\Third_Party\FreeRTOS\Source\queue.o
                0x20018944                xQueueRegistry
 *fill*         0x20018984        0x4 
 COMMON         0x20018988      0x834 Src\adc.o
                0x20018988                SELFTEST
                0x2001898c                KpWeight
                0x20018990                StarterReady
                0x20018994                Speed
                0x20018998                KdGyors
                0x2001899c                LineDataWait
                0x2001899d                ActiveInfraFront
                0x200189a0                DistanceFrontLongRaw
                0x200189a4                Ki
                0x200189a8                D5percent
                0x200189ac                LineNumBack
                0x200189ad                GyorsasagiState
                0x200189b0                AngularX