Archive member included to satisfy reference by file (symbol)

c:/program files (x86)/atollic/truestudio for arm 8.1.0/armtools/bin/../lib/gcc/arm-atollic-eabi/6.3.1/../../../../arm-atollic-eabi/lib/armv6-m\libstdc++.a(del_op.o)
                              Src\FeedbackDriver.o (operator delete(void*))
c:/program files (x86)/atollic/truestudio for arm 8.1.0/armtools/bin/../lib/gcc/arm-atollic-eabi/6.3.1/../../../../arm-atollic-eabi/lib/armv6-m\libm.a(lib_a-sf_atan.o)
                              Src\infra.o (atanf)
c:/program files (x86)/atollic/truestudio for arm 8.1.0/armtools/bin/../lib/gcc/arm-atollic-eabi/6.3.1/../../../../arm-atollic-eabi/lib/armv6-m\libm.a(lib_a-sf_fabs.o)
                              c:/program files (x86)/atollic/truestudio for arm 8.1.0/armtools/bin/../lib/gcc/arm-atollic-eabi/6.3.1/../../../../arm-atollic-eabi/lib/armv6-m\libm.a(lib_a-sf_atan.o) (fabsf)
c:/program files (x86)/atollic/truestudio for arm 8.1.0/armtools/bin/../lib/gcc/arm-atollic-eabi/6.3.1/../../../../arm-atollic-eabi/lib/armv6-m\libc.a(lib_a-init.o)
                              startup\startup_stm32f030x8.o (__libc_init_array)
c:/program files (x86)/atollic/truestudio for arm 8.1.0/armtools/bin/../lib/gcc/arm-atollic-eabi/6.3.1/../../../../arm-atollic-eabi/lib/armv6-m\libc.a(lib_a-malloc.o)
                              c:/program files (x86)/atollic/truestudio for arm 8.1.0/armtools/bin/../lib/gcc/arm-atollic-eabi/6.3.1/../../../../arm-atollic-eabi/lib/armv6-m\libstdc++.a(del_op.o) (free)
c:/program files (x86)/atollic/truestudio for arm 8.1.0/armtools/bin/../lib/gcc/arm-atollic-eabi/6.3.1/../../../../arm-atollic-eabi/lib/armv6-m\libc.a(lib_a-mallocr.o)
                              c:/program files (x86)/atollic/truestudio for arm 8.1.0/armtools/bin/../lib/gcc/arm-atollic-eabi/6.3.1/../../../../arm-atollic-eabi/lib/armv6-m\libc.a(lib_a-malloc.o) (_malloc_r)
c:/program files (x86)/atollic/truestudio for arm 8.1.0/armtools/bin/../lib/gcc/arm-atollic-eabi/6.3.1/../../../../arm-atollic-eabi/lib/armv6-m\libc.a(lib_a-memcpy-stub.o)
                              Src\infra.o (memcpy)
c:/program files (x86)/atollic/truestudio for arm 8.1.0/armtools/bin/../lib/gcc/arm-atollic-eabi/6.3.1/../../../../arm-atollic-eabi/lib/armv6-m\libc.a(lib_a-memset.o)
                              Src\SPIMain.o (memset)
c:/program files (x86)/atollic/truestudio for arm 8.1.0/armtools/bin/../lib/gcc/arm-atollic-eabi/6.3.1/../../../../arm-atollic-eabi/lib/armv6-m\libc.a(lib_a-mlock.o)
                              c:/program files (x86)/atollic/truestudio for arm 8.1.0/armtools/bin/../lib/gcc/arm-atollic-eabi/6.3.1/../../../../arm-atollic-eabi/lib/armv6-m\libc.a(lib_a-mallocr.o) (__malloc_lock)
c:/program files (x86)/atollic/truestudio for arm 8.1.0/armtools/bin/../lib/gcc/arm-atollic-eabi/6.3.1/../../../../arm-atollic-eabi/lib/armv6-m\libc.a(lib_a-sbrkr.o)
                              c:/program files (x86)/atollic/truestudio for arm 8.1.0/armtools/bin/../lib/gcc/arm-atollic-eabi/6.3.1/../../../../arm-atollic-eabi/lib/armv6-m\libc.a(lib_a-mallocr.o) (_sbrk_r)
c:/program files (x86)/atollic/truestudio for arm 8.1.0/armtools/bin/../lib/gcc/arm-atollic-eabi/6.3.1/../../../../arm-atollic-eabi/lib/armv6-m\libc.a(lib_a-strcmp.o)
                              Src\SPIMain.o (strcmp)
c:/program files (x86)/atollic/truestudio for arm 8.1.0/armtools/bin/../lib/gcc/arm-atollic-eabi/6.3.1/../../../../arm-atollic-eabi/lib/armv6-m\libc.a(lib_a-freer.o)
                              c:/program files (x86)/atollic/truestudio for arm 8.1.0/armtools/bin/../lib/gcc/arm-atollic-eabi/6.3.1/../../../../arm-atollic-eabi/lib/armv6-m\libc.a(lib_a-malloc.o) (_free_r)
c:/program files (x86)/atollic/truestudio for arm 8.1.0/armtools/bin/../lib/gcc/arm-atollic-eabi/6.3.1/../../../../arm-atollic-eabi/lib/armv6-m\libc.a(lib_a-impure.o)
                              c:/program files (x86)/atollic/truestudio for arm 8.1.0/armtools/bin/../lib/gcc/arm-atollic-eabi/6.3.1/../../../../arm-atollic-eabi/lib/armv6-m\libc.a(lib_a-malloc.o) (_impure_ptr)
c:/program files (x86)/atollic/truestudio for arm 8.1.0/armtools/bin/../lib/gcc/arm-atollic-eabi/6.3.1/../../../../arm-atollic-eabi/lib/armv6-m\libc.a(lib_a-lock.o)
                              c:/program files (x86)/atollic/truestudio for arm 8.1.0/armtools/bin/../lib/gcc/arm-atollic-eabi/6.3.1/../../../../arm-atollic-eabi/lib/armv6-m\libc.a(lib_a-mlock.o) (__retarget_lock_acquire_recursive)
c:/program files (x86)/atollic/truestudio for arm 8.1.0/armtools/bin/../lib/gcc/arm-atollic-eabi/6.3.1/../../../../arm-atollic-eabi/lib/armv6-m\libc.a(lib_a-reent.o)
                              c:/program files (x86)/atollic/truestudio for arm 8.1.0/armtools/bin/../lib/gcc/arm-atollic-eabi/6.3.1/../../../../arm-atollic-eabi/lib/armv6-m\libc.a(lib_a-sbrkr.o) (errno)
c:/program files (x86)/atollic/truestudio for arm 8.1.0/armtools/bin/../lib/gcc/arm-atollic-eabi/6.3.1/armv6-m\libgcc.a(_udivsi3.o)
[...]
Memory Configuration

Name             Origin             Length             Attributes
RAM              0x20000000         0x00002000         xrw
FLASH            0x08000000         0x00010000         xr
*default*        0x00000000         0xffffffff

Linker script and memory map

LOAD c:/program files (x86)/atollic/truestudio for arm 8.1.0/armtools/bin/../lib/gcc/arm-atollic-eabi/6.3.1/armv6-m/crti.o
LOAD c:/program files (x86)/atollic/truestudio for arm 8.1.0/armtools/bin/../lib/gcc/arm-atollic-eabi/6.3.1/armv6-m/crtbegin.o
LOAD Drivers\STM32F0xx_HAL_Driver\Src\stm32f0xx_hal.o
LOAD Drivers\STM32F0xx_HAL_Driver\Src\stm32f0xx_hal_adc.o
LOAD Drivers\STM32F0xx_HAL_Driver\Src\stm32f0xx_hal_adc_ex.o
LOAD Drivers\STM32F0xx_HAL_Driver\Src\stm32f0xx_hal_cortex.o
LOAD Drivers\STM32F0xx_HAL_Driver\Src\stm32f0xx_hal_dma.o
LOAD Drivers\STM32F0xx_HAL_Driver\Src\stm32f0xx_hal_flash.o
LOAD Drivers\STM32F0xx_HAL_Driver\Src\stm32f0xx_hal_flash_ex.o
LOAD Drivers\STM32F0xx_HAL_Driver\Src\stm32f0xx_hal_gpio.o
LOAD Drivers\STM32F0xx_HAL_Driver\Src\stm32f0xx_hal_i2c.o
LOAD Drivers\STM32F0xx_HAL_Driver\Src\stm32f0xx_hal_i2c_ex.o
LOAD Drivers\STM32F0xx_HAL_Driver\Src\stm32f0xx_hal_pwr.o
LOAD Drivers\STM32F0xx_HAL_Driver\Src\stm32f0xx_hal_pwr_ex.o
LOAD Drivers\STM32F0xx_HAL_Driver\Src\stm32f0xx_hal_rcc.o
LOAD Drivers\STM32F0xx_HAL_Driver\Src\stm32f0xx_hal_rcc_ex.o
LOAD Drivers\STM32F0xx_HAL_Driver\Src\stm32f0xx_hal_spi.o
LOAD Drivers\STM32F0xx_HAL_Driver\Src\stm32f0xx_hal_spi_ex.o
LOAD Drivers\STM32F0xx_HAL_Driver\Src\stm32f0xx_hal_tim.o
LOAD Drivers\STM32F0xx_HAL_Driver\Src\stm32f0xx_hal_tim_ex.o
LOAD Drivers\STM32F0xx_HAL_Driver\Src\stm32f0xx_hal_uart.o
LOAD Drivers\STM32F0xx_HAL_Driver\Src\stm32f0xx_hal_uart_ex.o
LOAD Src\FeedbackDriver.o
LOAD Src\SPIMain.o
LOAD Src\SPI_infra.o
LOAD Src\infra.o
LOAD Src\main.o
LOAD Src\stm32f0xx_hal_msp.o
LOAD Src\stm32f0xx_it.o
LOAD Src\system_stm32f0xx.o
LOAD Src\uartMain.o
LOAD startup\startup_stm32f030x8.o
                0x00001000                malloc_getpagesize_P = 0x1000
START GROUP
LOAD c:/program files (x86)/atollic/truestudio for arm 8.1.0/armtools/bin/../lib/gcc/arm-atollic-eabi/6.3.1/../../../../arm-atollic-eabi/lib/armv6-m\libstdc++.a
LOAD c:/program files (x86)/atollic/truestudio for arm 8.1.0/armtools/bin/../lib/gcc/arm-atollic-eabi/6.3.1/../../../../arm-atollic-eabi/lib/armv6-m\libsupc++.a
END GROUP
LOAD c:/program files (x86)/atollic/truestudio for arm 8.1.0/armtools/bin/../lib/gcc/arm-atollic-eabi/6.3.1/../../../../arm-atollic-eabi/lib/armv6-m\libstdc++.a
LOAD c:/program files (x86)/atollic/truestudio for arm 8.1.0/armtools/bin/../lib/gcc/arm-atollic-eabi/6.3.1/../../../../arm-atollic-eabi/lib/armv6-m\libm.a
LOAD c:/program files (x86)/atollic/truestudio for arm 8.1.0/armtools/bin/../lib/gcc/arm-atollic-eabi/6.3.1/../../../../arm-atollic-eabi/lib/armv6-m\libc.a
START GROUP
LOAD c:/program files (x86)/atollic/truestudio for arm 8.1.0/armtools/bin/../lib/gcc/arm-atollic-eabi/6.3.1/armv6-m\libgcc.a
LOAD c:/program files (x86)/atollic/truestudio for arm 8.1.0/armtools/bin/../lib/gcc/arm-atollic-eabi/6.3.1/../../../../arm-atollic-eabi/lib/armv6-m\libc.a
END GROUP
START GROUP
LOAD c:/program files (x86)/atollic/truestudio for arm 8.1.0/armtools/bin/../lib/gcc/arm-atollic-eabi/6.3.1/armv6-m\libgcc.a
LOAD c:/program files (x86)/atollic/truestudio for arm 8.1.0/armtools/bin/../lib/gcc/arm-atollic-eabi/6.3.1/../../../../arm-atollic-eabi/lib/armv6-m\libc.a
LOAD c:/program files (x86)/atollic/truestudio for arm 8.1.0/armtools/bin/../lib/gcc/arm-atollic-eabi/6.3.1/../../../../arm-atollic-eabi/lib/armv6-m\libnosys.a
END GROUP
LOAD c:/program files (x86)/atollic/truestudio for arm 8.1.0/armtools/bin/../lib/gcc/arm-atollic-eabi/6.3.1/armv6-m/crtend.o
LOAD c:/program files (x86)/atollic/truestudio for arm 8.1.0/armtools/bin/../lib/gcc/arm-atollic-eabi/6.3.1/armv6-m/crtn.o
                0x20002000                _estack = 0x20002000
                0x00000200                _Min_Heap_Size = 0x200
                0x00000400                _Min_Stack_Size = 0x400

.isr_vector     0x08000000       0xc0
                0x08000000                . = ALIGN (0x4)
 *(.isr_vector)
 .isr_vector    0x08000000       0xc0 startup\startup_stm32f030x8.o
                0x08000000                g_pfnVectors
                0x080000c0                . = ALIGN (0x4)

.text           0x080000c0     0x4508
                0x080000c0                . = ALIGN (0x4)
 *(.text)
 .text          0x080000c0       0x48 c:/program files (x86)/atollic/truestudio for arm 8.1.0/armtools/bin/../lib/gcc/arm-atollic-eabi/6.3.1/armv6-m/crtbegin.o
 .text          0x08000108       0x14 c:/program files (x86)/atollic/truestudio for arm 8.1.0/armtools/bin/../lib/gcc/arm-atollic-eabi/6.3.1/../../../../arm-atollic-eabi/lib/armv6-m\libc.a(lib_a-strcmp.o)
                0x08000108                strcmp
 .text          0x0800011c      0x114 c:/program files (x86)/atollic/truestudio for arm 8.1.0/armtools/bin/../lib/gcc/arm-atollic-eabi/6.3.1/armv6-m\libgcc.a(_udivsi3.o)
                0x0800011c                __aeabi_uidiv
                0x0800011c                __udivsi3
                0x08000228                __aeabi_uidivmod
 .text          0x08000230        0x4 c:/program files (x86)/atollic/truestudio for arm 8.1.0/armtools/bin/../lib/gcc/arm-atollic-eabi/6.3.1/armv6-m\libgcc.a(_dvmd_tls.o)
                0x08000230                __aeabi_idiv0
                0x08000230                __aeabi_ldiv0
 *(.text*)
 .text.HAL_Init
                0x08000234       0x28 Drivers\STM32F0xx_HAL_Driver\Src\stm32f0xx_hal.o
                0x08000234                HAL_Init
 .text.HAL_InitTick
                0x0800025c       0x38 Drivers\STM32F0xx_HAL_Driver\Src\stm32f0xx_hal.o
                0x0800025c                HAL_InitTick
 .text.HAL_IncTick
                0x08000294       0x18 Drivers\STM32F0xx_HAL_Driver\Src\stm32f0xx_hal.o
                0x08000294                HAL_IncTick
 .text.HAL_GetTick
                0x080002ac       0x14 Drivers\STM32F0xx_HAL_Driver\Src\stm32f0xx_hal.o
                0x080002ac                HAL_GetTick
 .text.HAL_Delay
                0x080002c0       0x3a Drivers\STM32F0xx_HAL_Driver\Src\stm32f0xx_hal.o
                0x080002c0                HAL_Delay
 *fill*         0x080002fa        0x2 
 .text.HAL_ADC_Init
                0x080002fc      0x27c Drivers\STM32F0xx_HAL_Driver\Src\stm32f0xx_hal_adc.o
                0x080002fc                HAL_ADC_Init
 .text.HAL_ADC_IRQHandler
                0x08000578      0x16c Drivers\STM32F0xx_HAL_Driver\Src\stm32f0xx_hal_adc.o
                0x08000578                HAL_ADC_IRQHandler
 .text.HAL_ADC_LevelOutOfWindowCallback
                0x080006e4       0x10 Drivers\STM32F0xx_HAL_Driver\Src\stm32f0xx_hal_adc.o
                0x080006e4                HAL_ADC_LevelOutOfWindowCallback
 .text.HAL_ADC_ErrorCallback
                0x080006f4       0x10 Drivers\STM32F0xx_HAL_Driver\Src\stm32f0xx_hal_adc.o
                0x080006f4                HAL_ADC_ErrorCallback
 .text.HAL_ADC_ConfigChannel
                0x08000704      0x1f0 Drivers\STM32F0xx_HAL_Driver\Src\stm32f0xx_hal_adc.o
                0x08000704                HAL_ADC_ConfigChannel
 .text.NVIC_EnableIRQ
                0x080008f4       0x2c Drivers\STM32F0xx_HAL_Driver\Src\stm32f0xx_hal_cortex.o
 .text.NVIC_SetPriority
                0x08000920       0xdc Drivers\STM32F0xx_HAL_Driver\Src\stm32f0xx_hal_cortex.o
 .text.SysTick_Config
                0x080009fc       0x48 Drivers\STM32F0xx_HAL_Driver\Src\stm32f0xx_hal_cortex.o
 .text.HAL_NVIC_SetPriority
                0x08000a44       0x2c Drivers\STM32F0xx_HAL_Driver\Src\stm32f0xx_hal_cortex.o
                0x08000a44                HAL_NVIC_SetPriority
 .text.HAL_NVIC_EnableIRQ
                0x08000a70       0x20 Drivers\STM32F0xx_HAL_Driver\Src\stm32f0xx_hal_cortex.o
                0x08000a70                HAL_NVIC_EnableIRQ
 .text.HAL_SYSTICK_Config
                0x08000a90       0x1a Drivers\STM32F0xx_HAL_Driver\Src\stm32f0xx_hal_cortex.o
                0x08000a90                HAL_SYSTICK_Config
 *fill*         0x08000aaa        0x2 
 .text.HAL_SYSTICK_CLKSourceConfig
                0x08000aac       0x34 Drivers\STM32F0xx_HAL_Driver\Src\stm32f0xx_hal_cortex.o
                0x08000aac                HAL_SYSTICK_CLKSourceConfig
 .text.HAL_SYSTICK_IRQHandler
                0x08000ae0        0xe Drivers\STM32F0xx_HAL_Driver\Src\stm32f0xx_hal_cortex.o
                0x08000ae0                HAL_SYSTICK_IRQHandler
 .text.HAL_SYSTICK_Callback
                0x08000aee        0xa Drivers\STM32F0xx_HAL_Driver\Src\stm32f0xx_hal_cortex.o
                0x08000aee                HAL_SYSTICK_Callback
 .text.HAL_DMA_Init
                0x08000af8       0xa8 Drivers\STM32F0xx_HAL_Driver\Src\stm32f0xx_hal_dma.o
                0x08000af8                HAL_DMA_Init
 .text.HAL_DMA_Abort_IT
                0x08000ba0       0x8c Drivers\STM32F0xx_HAL_Driver\Src\stm32f0xx_hal_dma.o
                0x08000ba0                HAL_DMA_Abort_IT
 .text.HAL_DMA_IRQHandler
                0x08000c2c      0x144 Drivers\STM32F0xx_HAL_Driver\Src\stm32f0xx_hal_dma.o
                0x08000c2c                HAL_DMA_IRQHandler
 .text.DMA_CalcBaseAndBitshift
                0x08000d70       0x38 Drivers\STM32F0xx_HAL_Driver\Src\stm32f0xx_hal_dma.o
 .text.HAL_GPIO_Init
                0x08000da8      0x2e8 Drivers\STM32F0xx_HAL_Driver\Src\stm32f0xx_hal_gpio.o
                0x08000da8                HAL_GPIO_Init
 .text.HAL_GPIO_WritePin
                0x08001090       0x3a Drivers\STM32F0xx_HAL_Driver\Src\stm32f0xx_hal_gpio.o
                0x08001090                HAL_GPIO_WritePin
 *fill*         0x080010ca        0x2 
 .text.HAL_RCC_OscConfig
                0x080010cc      0x5e8 Drivers\STM32F0xx_HAL_Driver\Src\stm32f0xx_hal_rcc.o
                0x080010cc                HAL_RCC_OscConfig
 .text.HAL_RCC_ClockConfig
                0x080016b4      0x1cc Drivers\STM32F0xx_HAL_Driver\Src\stm32f0xx_hal_rcc.o
                0x080016b4                HAL_RCC_ClockConfig
 .text.HAL_RCC_GetSysClockFreq
                0x08001880       0xc0 Drivers\STM32F0xx_HAL_Driver\Src\stm32f0xx_hal_rcc.o
                0x08001880                HAL_RCC_GetSysClockFreq
 .text.HAL_RCC_GetHCLKFreq
                0x08001940       0x14 Drivers\STM32F0xx_HAL_Driver\Src\stm32f0xx_hal_rcc.o
                0x08001940                HAL_RCC_GetHCLKFreq
 .text.HAL_RCCEx_PeriphCLKConfig
                0x08001954      0x19c Drivers\STM32F0xx_HAL_Driver\Src\stm32f0xx_hal_rcc_ex.o
                0x08001954                HAL_RCCEx_PeriphCLKConfig
 .text.HAL_SPI_Init
                0x08001af0      0x130 Drivers\STM32F0xx_HAL_Driver\Src\stm32f0xx_hal_spi.o
                0x08001af0                HAL_SPI_Init
 .text.HAL_SPI_TransmitReceive
                0x08001c20      0x428 Drivers\STM32F0xx_HAL_Driver\Src\stm32f0xx_hal_spi.o
                0x08001c20                HAL_SPI_TransmitReceive
 .text.HAL_SPI_IRQHandler
                0x08002048      0x1a0 Drivers\STM32F0xx_HAL_Driver\Src\stm32f0xx_hal_spi.o
                0x08002048                HAL_SPI_IRQHandler
 .text.HAL_SPI_ErrorCallback
                0x080021e8       0x10 Drivers\STM32F0xx_HAL_Driver\Src\stm32f0xx_hal_spi.o
                0x080021e8                HAL_SPI_ErrorCallback
 .text.SPI_DMAAbortOnError
                0x080021f8       0x2c Drivers\STM32F0xx_HAL_Driver\Src\stm32f0xx_hal_spi.o
 .text.SPI_WaitFlagStateUntilTimeout
                0x08002224       0xdc Drivers\STM32F0xx_HAL_Driver\Src\stm32f0xx_hal_spi.o
 .text.SPI_WaitFifoStateUntilTimeout
                0x08002300       0xf8 Drivers\STM32F0xx_HAL_Driver\Src\stm32f0xx_hal_spi.o
 .text.SPI_EndRxTxTransaction
                0x080023f8       0x8c Drivers\STM32F0xx_HAL_Driver\Src\stm32f0xx_hal_spi.o
 .text.HAL_SPIEx_FlushRxFifo
                0x08002484       0x50 Drivers\STM32F0xx_HAL_Driver\Src\stm32f0xx_hal_spi_ex.o
                0x08002484                HAL_SPIEx_FlushRxFifo
 .text.HAL_TIM_IRQHandler
                0x080024d4      0x22c Drivers\STM32F0xx_HAL_Driver\Src\stm32f0xx_hal_tim.o
                0x080024d4                HAL_TIM_IRQHandler
 .text.HAL_TIM_PeriodElapsedCallback
                0x08002700       0x10 Drivers\STM32F0xx_HAL_Driver\Src\stm32f0xx_hal_tim.o
                0x08002700                HAL_TIM_PeriodElapsedCallback
 .text.HAL_TIM_OC_DelayElapsedCallback
                0x08002710       0x10 Drivers\STM32F0xx_HAL_Driver\Src\stm32f0xx_hal_tim.o
                0x08002710                HAL_TIM_OC_DelayElapsedCallback
 .text.HAL_TIM_IC_CaptureCallback
                0x08002720       0x10 Drivers\STM32F0xx_HAL_Driver\Src\stm32f0xx_hal_tim.o
                0x08002720                HAL_TIM_IC_CaptureCallback
 .text.HAL_TIM_PWM_PulseFinishedCallback
                0x08002730       0x10 Drivers\STM32F0xx_HAL_Driver\Src\stm32f0xx_hal_tim.o
                0x08002730                HAL_TIM_PWM_PulseFinishedCallback
 .text.HAL_TIM_TriggerCallback
                0x08002740       0x10 Drivers\STM32F0xx_HAL_Driver\Src\stm32f0xx_hal_tim.o
                0x08002740                HAL_TIM_TriggerCallback
 .text.HAL_TIMEx_CommutationCallback
                0x08002750       0x10 Drivers\STM32F0xx_HAL_Driver\Src\stm32f0xx_hal_tim_ex.o
                0x08002750                HAL_TIMEx_CommutationCallback
 .text.HAL_TIMEx_BreakCallback
                0x08002760       0x10 Drivers\STM32F0xx_HAL_Driver\Src\stm32f0xx_hal_tim_ex.o
                0x08002760                HAL_TIMEx_BreakCallback
 .text.HAL_UART_IRQHandler
                0x08002770      0x1f4 Drivers\STM32F0xx_HAL_Driver\Src\stm32f0xx_hal_uart.o
                0x08002770                HAL_UART_IRQHandler
 .text.HAL_UART_TxCpltCallback
                0x08002964       0x10 Drivers\STM32F0xx_HAL_Driver\Src\stm32f0xx_hal_uart.o
                0x08002964                HAL_UART_TxCpltCallback
 .text.HAL_UART_ErrorCallback
                0x08002974       0x10 Drivers\STM32F0xx_HAL_Driver\Src\stm32f0xx_hal_uart.o
                0x08002974                HAL_UART_ErrorCallback
 .text.UART_EndRxTransfer
                0x08002984       0x3c Drivers\STM32F0xx_HAL_Driver\Src\stm32f0xx_hal_uart.o
 .text.UART_DMAAbortOnError
                0x080029c0       0x2e Drivers\STM32F0xx_HAL_Driver\Src\stm32f0xx_hal_uart.o
 .text.UART_Transmit_IT
                0x080029ee       0xae Drivers\STM32F0xx_HAL_Driver\Src\stm32f0xx_hal_uart.o
                0x080029ee                UART_Transmit_IT
 .text.UART_EndTransmit_IT
                0x08002a9c       0x32 Drivers\STM32F0xx_HAL_Driver\Src\stm32f0xx_hal_uart.o
                0x08002a9c                UART_EndTransmit_IT
 *fill*         0x08002ace        0x2 
 .text.UART_Receive_IT
                0x08002ad0       0xf4 Drivers\STM32F0xx_HAL_Driver\Src\stm32f0xx_hal_uart.o
                0x08002ad0                UART_Receive_IT
 .text._ZN1V14FeedbackDriverD2Ev
                0x08002bc4       0x1c Src\FeedbackDriver.o
                0x08002bc4                V::FeedbackDriver::~FeedbackDriver()
                0x08002bc4                V::FeedbackDriver::~FeedbackDriver()
 .text._ZN1V14FeedbackDriverD0Ev
                0x08002be0       0x22 Src\FeedbackDriver.o
                0x08002be0                V::FeedbackDriver::~FeedbackDriver()
 *fill*         0x08002c02        0x2 
 .text._ZN1V14FeedbackDriver9driveLedsEv
                0x08002c04       0xb4 Src\FeedbackDriver.o
                0x08002c04                V::FeedbackDriver::driveLeds()
 .text._ZN1V7SPIMainD2Ev
                0x08002cb8       0x1c Src\SPIMain.o
                0x08002cb8                V::SPIMain::~SPIMain()
                0x08002cb8                V::SPIMain::~SPIMain()
 .text._ZN1V7SPIMainD0Ev
                0x08002cd4       0x22 Src\SPIMain.o
                0x08002cd4                V::SPIMain::~SPIMain()
 *fill*         0x08002cf6        0x2 
 .text._ZN1V7SPIMain4sendEh
                0x08002cf8       0x74 Src\SPIMain.o
                0x08002cf8                V::SPIMain::send(unsigned char)
 .text._ZN1V7SPIMain6listenEv
                0x08002d6c       0x4c Src\SPIMain.o
                0x08002d6c                V::SPIMain::listen()
 .text.process_commands
                0x08002db8       0xa8 Src\SPIMain.o
                0x08002db8                process_commands
 .text._ZN9SPI_infraC2Ev
                0x08002e60       0x3c Src\SPI_infra.o
                0x08002e60                SPI_infra::SPI_infra()
                0x08002e60                SPI_infra::SPI_infra()
 .text._ZN9SPI_infraD2Ev
                0x08002e9c       0x1c Src\SPI_infra.o
                0x08002e9c                SPI_infra::~SPI_infra()
                0x08002e9c                SPI_infra::~SPI_infra()
 .text._ZN9SPI_infraD0Ev
                0x08002eb8       0x22 Src\SPI_infra.o
                0x08002eb8                SPI_infra::~SPI_infra()
 *fill*         0x08002eda        0x2 
 .text._ZN1V5infraC2Ev
                0x08002edc      0x130 Src\infra.o
                0x08002edc                V::infra::infra()
                0x08002edc                V::infra::infra()
 .text._ZN1V5infraD2Ev
                0x0800300c       0x1c Src\infra.o
                0x0800300c                V::infra::~infra()
                0x0800300c                V::infra::~infra()
 .text._ZN1V5infraD0Ev
                0x08003028       0x22 Src\infra.o
                0x08003028                V::infra::~infra()
 .text._ZN1V5infra16getActiveSensorsEv
                0x0800304a       0x16 Src\infra.o
                0x0800304a                V::infra::getActiveSensors()
 .text._ZN1V5infra9serializeEPcPjh
                0x08003060      0x1fc Src\infra.o
                0x08003060                V::infra::serialize(char*, unsigned int*, unsigned char)
 .text._ZN1V5infra17setValuesForDebugEfffhh
                0x0800325c       0x50 Src\infra.o
                0x0800325c                V::infra::setValuesForDebug(float, float, float, unsigned char, unsigned char)
 .text._ZN1V5infra16setCalibForDebugEv
                0x080032ac       0xda Src\infra.o
                0x080032ac                V::infra::setCalibForDebug()
 *fill*         0x08003386        0x2 
 .text._ZN1V14FeedbackDriverC2ERNS_5infraE
                0x08003388       0x24 Src\main.o
                0x08003388                V::FeedbackDriver::FeedbackDriver(V::infra&)
                0x08003388                V::FeedbackDriver::FeedbackDriver(V::infra&)
 .text._ZN1V7SPIMainC2ERNS_5infraE
                0x080033ac       0x24 Src\main.o
                0x080033ac                V::SPIMain::SPIMain(V::infra&)
                0x080033ac                V::SPIMain::SPIMain(V::infra&)
 .text.main     0x080033d0      0x208 Src\main.o
                0x080033d0                main
 .text._Z18SystemClock_Configv
                0x080035d8      0x120 Src\main.o
                0x080035d8                SystemClock_Config()
 .text._ZL11MX_ADC_Initv
                0x080036f8      0x214 Src\main.o
 .text._ZL12MX_SPI1_Initv
                0x0800390c       0x98 Src\main.o
 .text._ZL12MX_SPI2_Initv
                0x080039a4       0x8c Src\main.o
 .text._ZL11MX_DMA_Initv
                0x08003a30       0x5c Src\main.o
 .text._ZL12MX_GPIO_Initv
                0x08003a8c      0x1d4 Src\main.o
 .text._Error_Handler
                0x08003c60        0xc Src\main.o
                0x08003c60                _Error_Handler
 .text.HAL_MspInit
                0x08003c6c       0x54 Src\stm32f0xx_hal_msp.o
                0x08003c6c                HAL_MspInit
 .text.HAL_ADC_MspInit
                0x08003cc0       0xdc Src\stm32f0xx_hal_msp.o
                0x08003cc0                HAL_ADC_MspInit
 .text.HAL_SPI_MspInit
                0x08003d9c      0x1bc Src\stm32f0xx_hal_msp.o
                0x08003d9c                HAL_SPI_MspInit
 .text.NMI_Handler
                0x08003f58        0x6 Src\stm32f0xx_it.o
                0x08003f58                NMI_Handler
 .text.HardFault_Handler
                0x08003f5e       0x1e Src\stm32f0xx_it.o
                0x08003f5e                HardFault_Handler
 .text.HardFault_HandlerC
                0x08003f7c       0x80 Src\stm32f0xx_it.o
                0x08003f7c                HardFault_HandlerC
 .text.SVC_Handler
                0x08003ffc        0x6 Src\stm32f0xx_it.o
                0x08003ffc                SVC_Handler
 .text.PendSV_Handler
                0x08004002        0x6 Src\stm32f0xx_it.o
                0x08004002                PendSV_Handler
 .text.SysTick_Handler
                0x08004008       0x12 Src\stm32f0xx_it.o
                0x08004008                SysTick_Handler
 *fill*         0x0800401a        0x2 
 .text.TIM6_IRQHandler
                0x0800401c       0x20 Src\stm32f0xx_it.o
                0x0800401c                TIM6_IRQHandler
 .text.DMA1_Channel1_IRQHandler
                0x0800403c       0x18 Src\stm32f0xx_it.o
                0x0800403c                DMA1_Channel1_IRQHandler
 .text.DMA1_Channel2_3_IRQHandler
                0x08004054       0x24 Src\stm32f0xx_it.o
                0x08004054                DMA1_Channel2_3_IRQHandler
 .text.DMA1_Channel4_5_IRQHandler
                0x08004078       0x24 Src\stm32f0xx_it.o
                0x08004078                DMA1_Channel4_5_IRQHandler
 .text.ADC1_IRQHandler
                0x0800409c       0x18 Src\stm32f0xx_it.o
                0x0800409c                ADC1_IRQHandler
 .text.HAL_ADC_ConvCpltCallback
                0x080040b4       0x1c Src\stm32f0xx_it.o
                0x080040b4                HAL_ADC_ConvCpltCallback
 .text.SPI1_IRQHandler
                0x080040d0       0x18 Src\stm32f0xx_it.o
                0x080040d0                SPI1_IRQHandler
 .text.SPI2_IRQHandler
                0x080040e8       0x18 Src\stm32f0xx_it.o
                0x080040e8                SPI2_IRQHandler
 .text.USART1_IRQHandler
                0x08004100       0x18 Src\stm32f0xx_it.o
                0x08004100                USART1_IRQHandler
 .text.SystemInit
                0x08004118       0x88 Src\system_stm32f0xx.o
                0x08004118                SystemInit
 .text.HAL_UART_RxCpltCallback
                0x080041a0       0x14 Src\uartMain.o
                0x080041a0                HAL_UART_RxCpltCallback
 .text.process_uart_msg
                0x080041b4       0xa8 Src\uartMain.o
                0x080041b4                process_uart_msg
 .text.Reset_Handler
                0x0800425c       0x50 startup\startup_stm32f030x8.o
                0x0800425c                Reset_Handler
 .text.Default_Handler
                0x080042ac        0x2 startup\startup_stm32f030x8.o
                0x080042ac                TIM1_CC_IRQHandler
                0x080042ac                I2C1_IRQHandler
                0x080042ac                EXTI2_3_IRQHandler
                0x080042ac                I2C2_IRQHandler
                0x080042ac                TIM17_IRQHandler
                0x080042ac                RTC_IRQHandler
                0x080042ac                TIM16_IRQHandler
                0x080042ac                TIM3_IRQHandler
                0x080042ac                EXTI4_15_IRQHandler
                0x080042ac                RCC_IRQHandler
                0x080042ac                Default_Handler
                0x080042ac                TIM14_IRQHandler
                0x080042ac                TIM15_IRQHandler
                0x080042ac                EXTI0_1_IRQHandler
                0x080042ac                WWDG_IRQHandler
                0x080042ac                USART2_IRQHandler
                0x080042ac                FLASH_IRQHandler
                0x080042ac                TIM1_BRK_UP_TRG_COM_IRQHandler
 *fill*         0x080042ae        0x2 
 .text._ZdlPv   0x080042b0        0x8 c:/program files (x86)/atollic/truestudio for arm 8.1.0/armtools/bin/../lib/gcc/arm-atollic-eabi/6.3.1/../../../../arm-atollic-eabi/lib/armv6-m\libstdc++.a(del_op.o)
                0x080042b0                operator delete(void*)
 .text.__libc_init_array
                0x080042b8       0x48 c:/program files (x86)/atollic/truestudio for arm 8.1.0/armtools/bin/../lib/gcc/arm-atollic-eabi/6.3.1/../../../../arm-atollic-eabi/lib/armv6-m\libc.a(lib_a-init.o)
                0x080042b8                __libc_init_array
 .text.free     0x08004300       0x14 c:/program files (x86)/atollic/truestudio for arm 8.1.0/armtools/bin/../lib/gcc/arm-atollic-eabi/6.3.1/../../../../arm-atollic-eabi/lib/armv6-m\libc.a(lib_a-malloc.o)
                0x08004300                free
 .text.memcpy   0x08004314       0x12 c:/program files (x86)/atollic/truestudio for arm 8.1.0/armtools/bin/../lib/gcc/arm-atollic-eabi/6.3.1/../../../../arm-atollic-eabi/lib/armv6-m\libc.a(lib_a-memcpy-stub.o)
                0x08004314                memcpy
 .text.memset   0x08004326       0x10 c:/program files (x86)/atollic/truestudio for arm 8.1.0/armtools/bin/../lib/gcc/arm-atollic-eabi/6.3.1/../../../../arm-atollic-eabi/lib/armv6-m\libc.a(lib_a-memset.o)
                0x08004326                memset
 *fill*         0x08004336        0x2 
 .text.__malloc_lock
                0x08004338       0x10 c:/program files (x86)/atollic/truestudio for arm 8.1.0/armtools/bin/../lib/gcc/arm-atollic-eabi/6.3.1/../../../../arm-atollic-eabi/lib/armv6-m\libc.a(lib_a-mlock.o)
                0x08004338                __malloc_lock
 .text.__malloc_unlock
                0x08004348       0x10 c:/program files (x86)/atollic/truestudio for arm 8.1.0/armtools/bin/../lib/gcc/arm-atollic-eabi/6.3.1/../../../../arm-atollic-eabi/lib/armv6-m\libc.a(lib_a-mlock.o)
                0x08004348                __malloc_unlock
 .text._sbrk_r  0x08004358       0x24 c:/program files (x86)/atollic/truestudio for arm 8.1.0/armtools/bin/../lib/gcc/arm-atollic-eabi/6.3.1/../../../../arm-atollic-eabi/lib/armv6-m\libc.a(lib_a-sbrkr.o)
                0x08004358                _sbrk_r
 .text._malloc_trim_r
                0x0800437c       0xa8 c:/program files (x86)/atollic/truestudio for arm 8.1.0/armtools/bin/../lib/gcc/arm-atollic-eabi/6.3.1/../../../../arm-atollic-eabi/lib/armv6-m\libc.a(lib_a-freer.o)
                0x0800437c                _malloc_trim_r
 .text._free_r  0x08004424      0x168 c:/program files (x86)/atollic/truestudio for arm 8.1.0/armtools/bin/../lib/gcc/arm-atollic-eabi/6.3.1/../../../../arm-atollic-eabi/lib/armv6-m\libc.a(lib_a-freer.o)
                0x08004424                _free_r
 .text.__retarget_lock_acquire_recursive
                0x0800458c        0x2 c:/program files (x86)/atollic/truestudio for arm 8.1.0/armtools/bin/../lib/gcc/arm-atollic-eabi/6.3.1/../../../../arm-atollic-eabi/lib/armv6-m\libc.a(lib_a-lock.o)
                0x0800458c                __retarget_lock_acquire_recursive
 .text.__retarget_lock_release_recursive
                0x0800458e        0x2 c:/program files (x86)/atollic/truestudio for arm 8.1.0/armtools/bin/../lib/gcc/arm-atollic-eabi/6.3.1/../../../../arm-atollic-eabi/lib/armv6-m\libc.a(lib_a-lock.o)
                0x0800458e                __retarget_lock_release_recursive
 .text._sbrk    0x08004590       0x20 c:/program files (x86)/atollic/truestudio for arm 8.1.0/armtools/bin/../lib/gcc/arm-atollic-eabi/6.3.1/../../../../arm-atollic-eabi/lib/armv6-m\libnosys.a(sbrk.o)
                0x08004590                _sbrk
 *(.glue_7)
 .glue_7        0x080045b0        0x0 linker stubs
 *(.glue_7t)
 .glue_7t       0x080045b0        0x0 linker stubs
 *(.eh_frame)
 .eh_frame      0x080045b0        0x0 c:/program files (x86)/atollic/truestudio for arm 8.1.0/armtools/bin/../lib/gcc/arm-atollic-eabi/6.3.1/armv6-m/crtbegin.o
 *(.init)
 .init          0x080045b0        0x4 c:/program files (x86)/atollic/truestudio for arm 8.1.0/armtools/bin/../lib/gcc/arm-atollic-eabi/6.3.1/armv6-m/crti.o
                0x080045b0                _init
 .init          0x080045b4        0x8 c:/program files (x86)/atollic/truestudio for arm 8.1.0/armtools/bin/../lib/gcc/arm-atollic-eabi/6.3.1/armv6-m/crtn.o
 *(.fini)
 .fini          0x080045bc        0x4 c:/program files (x86)/atollic/truestudio for arm 8.1.0/armtools/bin/../lib/gcc/arm-atollic-eabi/6.3.1/armv6-m/crti.o
                0x080045bc                _fini
 .fini          0x080045c0        0x8 c:/program files (x86)/atollic/truestudio for arm 8.1.0/armtools/bin/../lib/gcc/arm-atollic-eabi/6.3.1/armv6-m/crtn.o
                0x080045c8                . = ALIGN (0x4)
                0x080045c8                _etext = .

.vfp11_veneer   0x080045c8        0x0
 .vfp11_veneer  0x080045c8        0x0 linker stubs

.v4_bx          0x080045c8        0x0
 .v4_bx         0x080045c8        0x0 linker stubs

.iplt           0x080045c8        0x0
 .iplt          0x080045c8        0x0 c:/program files (x86)/atollic/truestudio for arm 8.1.0/armtools/bin/../lib/gcc/arm-atollic-eabi/6.3.1/armv6-m/crtbegin.o

.rodata         0x080045c8       0xf4
                0x080045c8                . = ALIGN (0x4)
 *(.rodata)
 .rodata        0x080045c8       0x20 Drivers\STM32F0xx_HAL_Driver\Src\stm32f0xx_hal_rcc.o
 .rodata        0x080045e8       0x26 Src\SPIMain.o
 *fill*         0x0800460e        0x2 
 .rodata        0x08004610       0x18 Src\main.o
 .rodata        0x08004628       0x1b Src\stm32f0xx_hal_msp.o
 *fill*         0x08004643        0x1 
 .rodata        0x08004644       0x26 Src\uartMain.o
 *(.rodata*)
 *fill*         0x0800466a        0x2 
 .rodata._ZTVN1V14FeedbackDriverE
                0x0800466c       0x10 Src\FeedbackDriver.o
                0x0800466c                vtable for V::FeedbackDriver
 .rodata._ZTVN1V7SPIMainE
                0x0800467c       0x10 Src\SPIMain.o
                0x0800467c                vtable for V::SPIMain
 .rodata._ZTV9SPI_infra
                0x0800468c       0x10 Src\SPI_infra.o
                0x0800468c                vtable for SPI_infra
 .rodata._ZTVN1V5infraE
                0x0800469c       0x10 Src\infra.o
                0x0800469c                vtable for V::infra
 .rodata.AHBPrescTable
                0x080046ac       0x10 Src\system_stm32f0xx.o
                0x080046ac                AHBPrescTable
                0x080046bc                . = ALIGN (0x4)

.ARM.extab
 *(.ARM.extab* .gnu.linkonce.armextab.*)

.ARM            0x080046bc        0x8
                0x080046bc                __exidx_start = .
 *(.ARM.exidx*)
 .ARM.exidx.text._ZdlPv
                0x080046bc        0x8 c:/program files (x86)/atollic/truestudio for arm 8.1.0/armtools/bin/../lib/gcc/arm-atollic-eabi/6.3.1/../../../../arm-atollic-eabi/lib/armv6-m\libstdc++.a(del_op.o)
                0x080046c4                __exidx_end = .

.rel.dyn        0x080046c4        0x0
 .rel.iplt      0x080046c4        0x0 c:/program files (x86)/atollic/truestudio for arm 8.1.0/armtools/bin/../lib/gcc/arm-atollic-eabi/6.3.1/armv6-m/crtbegin.o

.preinit_array  0x080046c4        0x0
                0x080046c4                PROVIDE (__preinit_array_start, .)
 *(.preinit_array*)
                0x080046c4                PROVIDE (__preinit_array_end, .)

.init_array     0x080046c4        0x4
                0x080046c4                PROVIDE (__init_array_start, .)
 *(SORT(.init_array.*))
 *(.init_array*)
 .init_array    0x080046c4        0x4 c:/program files (x86)/atollic/truestudio for arm 8.1.0/armtools/bin/../lib/gcc/arm-atollic-eabi/6.3.1/armv6-m/crtbegin.o
                0x080046c8                PROVIDE (__init_array_end, .)

.fini_array     0x080046c8        0x4
                [!provide]                PROVIDE (__fini_array_start, .)
 *(SORT(.fini_array.*))
 *(.fini_array*)
 .fini_array    0x080046c8        0x4 c:/program files (x86)/atollic/truestudio for arm 8.1.0/armtools/bin/../lib/gcc/arm-atollic-eabi/6.3.1/armv6-m/crtbegin.o
                [!provide]                PROVIDE (__fini_array_end, .)
                0x080046cc                _sidata = LOADADDR (.data)

.data           0x20000000      0x508 load address 0x080046cc
                0x20000000                . = ALIGN (0x4)
                0x20000000                _sdata = .
 *(.data)
 *(.data*)
 .data.SystemCoreClock
                0x20000000        0x4 Src\system_stm32f0xx.o
                0x20000000                SystemCoreClock
 .data.__malloc_av_
                0x20000004      0x408 c:/program files (x86)/atollic/truestudio for arm 8.1.0/armtools/bin/../lib/gcc/arm-atollic-eabi/6.3.1/../../../../arm-atollic-eabi/lib/armv6-m\libc.a(lib_a-mallocr.o)
                0x20000004                __malloc_av_
 .data.__malloc_sbrk_base
                0x2000040c        0x4 c:/program files (x86)/atollic/truestudio for arm 8.1.0/armtools/bin/../lib/gcc/arm-atollic-eabi/6.3.1/../../../../arm-atollic-eabi/lib/armv6-m\libc.a(lib_a-mallocr.o)
                0x2000040c                __malloc_sbrk_base
 .data.__malloc_trim_threshold
                0x20000410        0x4 c:/program files (x86)/atollic/truestudio for arm 8.1.0/armtools/bin/../lib/gcc/arm-atollic-eabi/6.3.1/../../../../arm-atollic-eabi/lib/armv6-m\libc.a(lib_a-mallocr.o)
                0x20000410                __malloc_trim_threshold
 .data._impure_ptr
                0x20000414        0x4 c:/program files (x86)/atollic/truestudio for arm 8.1.0/armtools/bin/../lib/gcc/arm-atollic-eabi/6.3.1/../../../../arm-atollic-eabi/lib/armv6-m\libc.a(lib_a-impure.o)
                0x20000414                _impure_ptr
 .data.impure_data
                0x20000418       0xf0 c:/program files (x86)/atollic/truestudio for arm 8.1.0/armtools/bin/../lib/gcc/arm-atollic-eabi/6.3.1/../../../../arm-atollic-eabi/lib/armv6-m\libc.a(lib_a-impure.o)
                0x20000508                . = ALIGN (0x4)
                0x20000508                _edata = .

.igot.plt       0x20000508        0x0 load address 0x08004bd4
 .igot.plt      0x20000508        0x0 c:/program files (x86)/atollic/truestudio for arm 8.1.0/armtools/bin/../lib/gcc/arm-atollic-eabi/6.3.1/armv6-m/crtbegin.o
                0x20000508                . = ALIGN (0x4)

.bss            0x20000508      0x4b4 load address 0x08004bd4
                0x20000508                _sbss = .
                0x20000508                __bss_start__ = _sbss
 *(.bss)
 .bss           0x20000508       0x1c c:/program files (x86)/atollic/truestudio for arm 8.1.0/armtools/bin/../lib/gcc/arm-atollic-eabi/6.3.1/armv6-m/crtbegin.o
 *(.bss*)
 .bss.Main_rx_buf
                0x20000524      0x12c Src\SPIMain.o
                0x20000524                Main_rx_buf
 .bss.hadc      0x20000650       0x4c Src\main.o
                0x20000650                hadc
 .bss.hdma_adc  0x2000069c       0x44 Src\main.o
                0x2000069c                hdma_adc
 .bss.hspi1     0x200006e0       0x64 Src\main.o
                0x200006e0                hspi1
 .bss.hspi2     0x20000744       0x64 Src\main.o
                0x20000744                hspi2
 .bss.hdma_spi2_rx
                0x200007a8       0x44 Src\main.o
                0x200007a8                hdma_spi2_rx
 .bss.hdma_spi2_tx
                0x200007ec       0x44 Src\main.o
                0x200007ec                hdma_spi2_tx
 .bss.htim6     0x20000830       0x40 Src\main.o
                0x20000830                htim6
 .bss.huart1    0x20000870       0x70 Src\main.o
                0x20000870                huart1
 .bss.hdma_usart1_rx
                0x200008e0       0x44 Src\main.o
                0x200008e0                hdma_usart1_rx
 .bss.hdma_usart1_tx
                0x20000924       0x44 Src\main.o
                0x20000924                hdma_usart1_tx
 .bss.adc_ready_flag
                0x20000968        0x1 Src\main.o
                0x20000968                adc_ready_flag
 .bss.infra_leds_ready_flag
                0x20000969        0x1 Src\main.o
                0x20000969                infra_leds_ready_flag
 .bss.tx_type   0x2000096a        0x1 Src\main.o
                0x2000096a                tx_type
 .bss.data_requested_mainboard_flag
                0x2000096b        0x1 Src\main.o
                0x2000096b                data_requested_mainboard_flag
 .bss.calibrate_white_flag
                0x2000096c        0x1 Src\main.o
                0x2000096c                calibrate_white_flag
 .bss.calibrate_black_flag
                0x2000096d        0x1 Src\main.o
                0x2000096d                calibrate_black_flag
 .bss.infraleds_response_flag
                0x2000096e        0x1 Src\main.o
                0x2000096e                infraleds_response_flag
 *fill*         0x2000096f        0x1 
 .bss.Main_rx_buf_uart
                0x20000970        0x8 Src\uartMain.o
                0x20000970                Main_rx_buf_uart
 .bss.__malloc_current_mallinfo
                0x20000978       0x28 c:/program files (x86)/atollic/truestudio for arm 8.1.0/armtools/bin/../lib/gcc/arm-atollic-eabi/6.3.1/../../../../arm-atollic-eabi/lib/armv6-m\libc.a(lib_a-mallocr.o)
                0x20000978                __malloc_current_mallinfo
 .bss.__malloc_top_pad
                0x200009a0        0x4 c:/program files (x86)/atollic/truestudio for arm 8.1.0/armtools/bin/../lib/gcc/arm-atollic-eabi/6.3.1/../../../../arm-atollic-eabi/lib/armv6-m\libc.a(lib_a-mallocr.o)
                0x200009a0                __malloc_top_pad
 .bss.heap_end.4116
                0x200009a4        0x4 c:/program files (x86)/atollic/truestudio for arm 8.1.0/armtools/bin/../lib/gcc/arm-atollic-eabi/6.3.1/../../../../arm-atollic-eabi/lib/armv6-m\libnosys.a(sbrk.o)
 *(COMMON)
 COMMON         0x200009a8        0x4 Drivers\STM32F0xx_HAL_Driver\Src\stm32f0xx_hal.o
                0x200009a8                uwTick
 COMMON         0x200009ac        0x9 c:/program files (x86)/atollic/truestudio for arm 8.1.0/armtools/bin/../lib/gcc/arm-atollic-eabi/6.3.1/../../../../arm-atollic-eabi/lib/armv6-m\libc.a(lib_a-lock.o)
                0x200009ac                __lock___atexit_recursive_mutex
                0x200009ad                __lock___arc4random_mutex
                0x200009ae                __lock___env_recursive_mutex
                0x200009af                __lock___sinit_recursive_mutex
                0x200009b0                __lock___malloc_recursive_mutex
                0x200009b1                __lock___at_quick_exit_mutex
                0x200009b2                __lock___dd_hash_mutex
                0x200009b3                __lock___tz_mutex
                0x200009b4                __lock___sfp_recursive_mutex
 *fill*         0x200009b5        0x3 
 COMMON         0x200009b8        0x4 c:/program files (x86)/atollic/truestudio for arm 8.1.0/armtools/bin/../lib/gcc/arm-atollic-eabi/6.3.1/../../../../arm-atollic-eabi/lib/armv6-m\libc.a(lib_a-reent.o)
                0x200009b8                errno
                0x200009bc                . = ALIGN (0x4)
                0x200009bc                _ebss = .
                0x200009bc                __bss_end__ = _ebss

._user_heap_stack
                0x200009bc      0x600 load address 0x08004bd4
                0x200009bc                . = ALIGN (0x4)
                0x200009bc                PROVIDE (end, .)
                [!provide]                PROVIDE (_end, .)
                0x20000bbc                . = (. + _Min_Heap_Size)
 *fill*         0x200009bc      0x200 
                0x20000fbc                . = (. + _Min_Stack_Size)
 *fill*         0x20000bbc      0x400 
                0x20000fbc                . = ALIGN (0x4)

/DISCARD/
 libc.a(*)
 libm.a(*)
 libgcc.a(*)

.ARM.attributes
                0x00000000       0x28
 *(.ARM.attributes)
 .ARM.attributes
                0x00000000       0x1e c:/program files (x86)/atollic/truestudio for arm 8.1.0/armtools/bin/../lib/gcc/arm-atollic-eabi/6.3.1/armv6-m/crti.o
 .ARM.attributes
                0x0000001e       0x2c c:/program files (x86)/atollic/truestudio for arm 8.1.0/armtools/bin/../lib/gcc/arm-atollic-eabi/6.3.1/armv6-m/crtbegin.o
 .ARM.attributes
                0x0000004a       0x31 Drivers\STM32F0xx_HAL_Driver\Src\stm32f0xx_hal.o
 .ARM.attributes
                0x0000007b       0x31 Drivers\STM32F0xx_HAL_Driver\Src\stm32f0xx_hal_adc.o
 .ARM.attributes
                0x000000ac       0x31 Drivers\STM32F0xx_HAL_Driver\Src\stm32f0xx_hal_cortex.o
 .ARM.attributes
                0x000000dd       0x31 Drivers\STM32F0xx_HAL_Driver\Src\stm32f0xx_hal_dma.o
 .ARM.attributes
                0x0000010e       0x31 Drivers\STM32F0xx_HAL_Driver\Src\stm32f0xx_hal_gpio.o
 .ARM.attributes
                0x0000013f       0x31 Drivers\STM32F0xx_HAL_Driver\Src\stm32f0xx_hal_rcc.o
 .ARM.attributes
                0x00000170       0x31 Drivers\STM32F0xx_HAL_Driver\Src\stm32f0xx_hal_rcc_ex.o
 .ARM.attributes
                0x000001a1       0x31 Drivers\STM32F0xx_HAL_Driver\Src\stm32f0xx_hal_spi.o
 .ARM.attributes
                0x000001d2       0x31 Drivers\STM32F0xx_HAL_Driver\Src\stm32f0xx_hal_spi_ex.o
 .ARM.attributes
                0x00000203       0x31 Drivers\STM32F0xx_HAL_Driver\Src\stm32f0xx_hal_tim.o
 .ARM.attributes
                0x00000234       0x31 Drivers\STM32F0xx_HAL_Driver\Src\stm32f0xx_hal_tim_ex.o
 .ARM.attributes
                0x00000265       0x31 Drivers\STM32F0xx_HAL_Driver\Src\stm32f0xx_hal_uart.o
 .ARM.attributes
                0x00000296       0x31 Src\FeedbackDriver.o
 .ARM.attributes
                0x000002c7       0x31 Src\SPIMain.o
 .ARM.attributes
                0x000002f8       0x31 Src\SPI_infra.o
 .ARM.attributes
                0x00000329       0x31 Src\infra.o
 .ARM.attributes
                0x0000035a       0x31 Src\main.o
 .ARM.attributes
                0x0000038b       0x31 Src\stm32f0xx_hal_msp.o
 .ARM.attributes
                0x000003bc       0x31 Src\stm32f0xx_it.o
 .ARM.attributes
                0x000003ed       0x31 Src\system_stm32f0xx.o
 .ARM.attributes
                0x0000041e       0x31 Src\uartMain.o
 .ARM.attributes
                0x0000044f       0x21 startup\startup_stm32f030x8.o
 .ARM.attributes
                0x00000470       0x2c c:/program files (x86)/atollic/truestudio for arm 8.1.0/armtools/bin/../lib/gcc/arm-atollic-eabi/6.3.1/../../../../arm-atollic-eabi/lib/armv6-m\libstdc++.a(del_op.o)
 .ARM.attributes
                0x0000049c       0x2c c:/program files (x86)/atollic/truestudio for arm 8.1.0/armtools/bin/../lib/gcc/arm-atollic-eabi/6.3.1/../../../../arm-atollic-eabi/lib/armv6-m\libc.a(lib_a-init.o)
 .ARM.attributes
                0x000004c8       0x2c c:/program files (x86)/atollic/truestudio for arm 8.1.0/armtools/bin/../lib/gcc/arm-atollic-eabi/6.3.1/../../../../arm-atollic-eabi/lib/armv6-m\libc.a(lib_a-malloc.o)
 .ARM.attributes
                0x000004f4       0x2c c:/program files (x86)/atollic/truestudio for arm 8.1.0/armtools/bin/../lib/gcc/arm-atollic-eabi/6.3.1/../../../../arm-atollic-eabi/lib/armv6-m\libc.a(lib_a-mallocr.o)
 .ARM.attributes
                0x00000520       0x2c c:/program files (x86)/atollic/truestudio for arm 8.1.0/armtools/bin/../lib/gcc/arm-atollic-eabi/6.3.1/../../../../arm-atollic-eabi/lib/armv6-m\libc.a(lib_a-memcpy-stub.o)
 .ARM.attributes
                0x0000054c       0x2c c:/program files (x86)/atollic/truestudio for arm 8.1.0/armtools/bin/../lib/gcc/arm-atollic-eabi/6.3.1/../../../../arm-atollic-eabi/lib/armv6-m\libc.a(lib_a-memset.o)
 .ARM.attributes
                0x00000578       0x2c c:/program files (x86)/atollic/truestudio for arm 8.1.0/armtools/bin/../lib/gcc/arm-atollic-eabi/6.3.1/../../../../arm-atollic-eabi/lib/armv6-m\libc.a(lib_a-mlock.o)
 .ARM.attributes
                0x000005a4       0x2c c:/program files (x86)/atollic/truestudio for arm 8.1.0/armtools/bin/../lib/gcc/arm-atollic-eabi/6.3.1/../../../../arm-atollic-eabi/lib/armv6-m\libc.a(lib_a-sbrkr.o)
 .ARM.attributes
                0x000005d0       0x1c c:/program files (x86)/atollic/truestudio for arm 8.1.0/armtools/bin/../lib/gcc/arm-atollic-eabi/6.3.1/../../../../arm-atollic-eabi/lib/armv6-m\libc.a(lib_a-strcmp.o)
 .ARM.attributes
                0x000005ec       0x2c c:/program files (x86)/atollic/truestudio for arm 8.1.0/armtools/bin/../lib/gcc/arm-atollic-eabi/6.3.1/../../../../arm-atollic-eabi/lib/armv6-m\libc.a(lib_a-freer.o)
 .ARM.attributes
                0x00000618       0x2c c:/program files (x86)/atollic/truestudio for arm 8.1.0/armtools/bin/../lib/gcc/arm-atollic-eabi/6.3.1/../../../../arm-atollic-eabi/lib/armv6-m\libc.a(lib_a-impure.o)
 .ARM.attributes
                0x00000644       0x2c c:/program files (x86)/atollic/truestudio for arm 8.1.0/armtools/bin/../lib/gcc/arm-atollic-eabi/6.3.1/../../../../arm-atollic-eabi/lib/armv6-m\libc.a(lib_a-lock.o)
 .ARM.attributes
                0x00000670       0x2c c:/program files (x86)/atollic/truestudio for arm 8.1.0/armtools/bin/../lib/gcc/arm-atollic-eabi/6.3.1/../../../../arm-atollic-eabi/lib/armv6-m\libc.a(lib_a-reent.o)
 .ARM.attributes
                0x0000069c       0x1e c:/program files (x86)/atollic/truestudio for arm 8.1.0/armtools/bin/../lib/gcc/arm-atollic-eabi/6.3.1/armv6-m\libgcc.a(_udivsi3.o)
 .ARM.attributes
                0x000006ba       0x1e c:/program files (x86)/atollic/truestudio for arm 8.1.0/armtools/bin/../lib/gcc/arm-atollic-eabi/6.3.1/armv6-m\libgcc.a(_dvmd_tls.o)
 .ARM.attributes
                0x000006d8       0x2c c:/program files (x86)/atollic/truestudio for arm 8.1.0/armtools/bin/../lib/gcc/arm-atollic-eabi/6.3.1/../../../../arm-atollic-eabi/lib/armv6-m\libnosys.a(sbrk.o)
 .ARM.attributes
                0x00000704       0x1e c:/program files (x86)/atollic/truestudio for arm 8.1.0/armtools/bin/../lib/gcc/arm-atollic-eabi/6.3.1/armv6-m/crtn.o
OUTPUT(Vonalszenzor.elf elf32-littlearm)

.debug_info     0x00000000    0x1b402
 .debug_info    0x00000000      0xdd2 Drivers\STM32F0xx_HAL_Driver\Src\stm32f0xx_hal.o
 .debug_info    0x00000dd2     0x1462 Drivers\STM32F0xx_HAL_Driver\Src\stm32f0xx_hal_adc.o
 .debug_info    0x00002234      0xf2a Drivers\STM32F0xx_HAL_Driver\Src\stm32f0xx_hal_cortex.o
 .debug_info    0x0000315e      0xf70 Drivers\STM32F0xx_HAL_Driver\Src\stm32f0xx_hal_dma.o
 .debug_info    0x000040ce      0xe60 Drivers\STM32F0xx_HAL_Driver\Src\stm32f0xx_hal_gpio.o
 .debug_info    0x00004f2e      0xfa7 Drivers\STM32F0xx_HAL_Driver\Src\stm32f0xx_hal_rcc.o
 .debug_info    0x00005ed5      0xba2 Drivers\STM32F0xx_HAL_Driver\Src\stm32f0xx_hal_rcc_ex.o
 .debug_info    0x00006a77     0x1d8b Drivers\STM32F0xx_HAL_Driver\Src\stm32f0xx_hal_spi.o
 .debug_info    0x00008802      0xe31 Drivers\STM32F0xx_HAL_Driver\Src\stm32f0xx_hal_spi_ex.o
 .debug_info    0x00009633     0x2aa2 Drivers\STM32F0xx_HAL_Driver\Src\stm32f0xx_hal_tim.o
 .debug_info    0x0000c0d5     0x17a1 Drivers\STM32F0xx_HAL_Driver\Src\stm32f0xx_hal_tim_ex.o
 .debug_info    0x0000d876     0x1b55 Drivers\STM32F0xx_HAL_Driver\Src\stm32f0xx_hal_uart.o
 .debug_info    0x0000f3cb     0x115d Src\FeedbackDriver.o
 .debug_info    0x00010528     0x114c Src\SPIMain.o
 .debug_info    0x00011674     0x1246 Src\SPI_infra.o
 .debug_info    0x000128ba     0x18ed Src\infra.o
 .debug_info    0x000141a7     0x1efc Src\main.o
 .debug_info    0x000160a3     0x1a79 Src\stm32f0xx_hal_msp.o
 .debug_info    0x00017b1c     0x17a9 Src\stm32f0xx_it.o
 .debug_info    0x000192c5      0xa7c Src\system_stm32f0xx.o
 .debug_info    0x00019d41     0x1632 Src\uartMain.o
 .debug_info    0x0001b373       0x8f startup\startup_stm32f030x8.o

.debug_abbrev   0x00000000     0x3896
 .debug_abbrev  0x00000000      0x266 Drivers\STM32F0xx_HAL_Driver\Src\stm32f0xx_hal.o
 .debug_abbrev  0x00000266      0x257 Drivers\STM32F0xx_HAL_Driver\Src\stm32f0xx_hal_adc.o
 .debug_abbrev  0x000004bd      0x30f Drivers\STM32F0xx_HAL_Driver\Src\stm32f0xx_hal_cortex.o
 .debug_abbrev  0x000007cc      0x275 Drivers\STM32F0xx_HAL_Driver\Src\stm32f0xx_hal_dma.o
 .debug_abbrev  0x00000a41      0x24c Drivers\STM32F0xx_HAL_Driver\Src\stm32f0xx_hal_gpio.o
 .debug_abbrev  0x00000c8d      0x281 Drivers\STM32F0xx_HAL_Driver\Src\stm32f0xx_hal_rcc.o
 .debug_abbrev  0x00000f0e      0x223 Drivers\STM32F0xx_HAL_Driver\Src\stm32f0xx_hal_rcc_ex.o
 .debug_abbrev  0x00001131      0x294 Drivers\STM32F0xx_HAL_Driver\Src\stm32f0xx_hal_spi.o
 .debug_abbrev  0x000013c5      0x1bf Drivers\STM32F0xx_HAL_Driver\Src\stm32f0xx_hal_spi_ex.o
 .debug_abbrev  0x00001584      0x2ab Drivers\STM32F0xx_HAL_Driver\Src\stm32f0xx_hal_tim.o
 .debug_abbrev  0x0000182f      0x288 Drivers\STM32F0xx_HAL_Driver\Src\stm32f0xx_hal_tim_ex.o
 .debug_abbrev  0x00001ab7      0x271 Drivers\STM32F0xx_HAL_Driver\Src\stm32f0xx_hal_uart.o
 .debug_abbrev  0x00001d28      0x301 Src\FeedbackDriver.o
 .debug_abbrev  0x00002029      0x345 Src\SPIMain.o
 .debug_abbrev  0x0000236e      0x30b Src\SPI_infra.o
 .debug_abbrev  0x00002679      0x495 Src\infra.o
 .debug_abbrev  0x00002b0e      0x339 Src\main.o
 .debug_abbrev  0x00002e47      0x253 Src\stm32f0xx_hal_msp.o
 .debug_abbrev  0x0000309a      0x23d Src\stm32f0xx_it.o
 .debug_abbrev  0x000032d7      0x1ca Src\system_stm32f0xx.o
 .debug_abbrev  0x000034a1      0x3e3 Src\uartMain.o
 .debug_abbrev  0x00003884       0x12 startup\startup_stm32f030x8.o

.debug_aranges  0x00000000     0x1020
 .debug_aranges
                0x00000000       0xb8 Drivers\STM32F0xx_HAL_Driver\Src\stm32f0xx_hal.o
 .debug_aranges
                0x000000b8       0xf8 Drivers\STM32F0xx_HAL_Driver\Src\stm32f0xx_hal_adc.o
 .debug_aranges
                0x000001b0       0xc0 Drivers\STM32F0xx_HAL_Driver\Src\stm32f0xx_hal_cortex.o
 .debug_aranges
                0x00000270       0x88 Drivers\STM32F0xx_HAL_Driver\Src\stm32f0xx_hal_dma.o
 .debug_aranges
                0x000002f8       0x58 Drivers\STM32F0xx_HAL_Driver\Src\stm32f0xx_hal_gpio.o
 .debug_aranges
                0x00000350       0x80 Drivers\STM32F0xx_HAL_Driver\Src\stm32f0xx_hal_rcc.o
 .debug_aranges
                0x000003d0       0x30 Drivers\STM32F0xx_HAL_Driver\Src\stm32f0xx_hal_rcc_ex.o
 .debug_aranges
                0x00000400      0x1d8 Drivers\STM32F0xx_HAL_Driver\Src\stm32f0xx_hal_spi.o
 .debug_aranges
                0x000005d8       0x20 Drivers\STM32F0xx_HAL_Driver\Src\stm32f0xx_hal_spi_ex.o
 .debug_aranges
                0x000005f8      0x378 Drivers\STM32F0xx_HAL_Driver\Src\stm32f0xx_hal_tim.o
 .debug_aranges
                0x00000970      0x140 Drivers\STM32F0xx_HAL_Driver\Src\stm32f0xx_hal_tim_ex.o
 .debug_aranges
                0x00000ab0      0x1d8 Drivers\STM32F0xx_HAL_Driver\Src\stm32f0xx_hal_uart.o
 .debug_aranges
                0x00000c88       0x40 Src\FeedbackDriver.o
 .debug_aranges
                0x00000cc8       0x48 Src\SPIMain.o
 .debug_aranges
                0x00000d10       0x50 Src\SPI_infra.o
 .debug_aranges
                0x00000d60       0x98 Src\infra.o
 .debug_aranges
                0x00000df8       0x78 Src\main.o
 .debug_aranges
                0x00000e70       0x78 Src\stm32f0xx_hal_msp.o
 .debug_aranges
                0x00000ee8       0x98 Src\stm32f0xx_it.o
 .debug_aranges
                0x00000f80       0x28 Src\system_stm32f0xx.o
 .debug_aranges
                0x00000fa8       0x50 Src\uartMain.o
 .debug_aranges
                0x00000ff8       0x28 startup\startup_stm32f030x8.o

.debug_ranges   0x00000000      0xec8
 .debug_ranges  0x00000000       0xa8 Drivers\STM32F0xx_HAL_Driver\Src\stm32f0xx_hal.o
 .debug_ranges  0x000000a8       0xe8 Drivers\STM32F0xx_HAL_Driver\Src\stm32f0xx_hal_adc.o
 .debug_ranges  0x00000190       0xb0 Drivers\STM32F0xx_HAL_Driver\Src\stm32f0xx_hal_cortex.o
 .debug_ranges  0x00000240       0x78 Drivers\STM32F0xx_HAL_Driver\Src\stm32f0xx_hal_dma.o
 .debug_ranges  0x000002b8       0x48 Drivers\STM32F0xx_HAL_Driver\Src\stm32f0xx_hal_gpio.o
 .debug_ranges  0x00000300       0x70 Drivers\STM32F0xx_HAL_Driver\Src\stm32f0xx_hal_rcc.o
 .debug_ranges  0x00000370       0x20 Drivers\STM32F0xx_HAL_Driver\Src\stm32f0xx_hal_rcc_ex.o
 .debug_ranges  0x00000390      0x1c8 Drivers\STM32F0xx_HAL_Driver\Src\stm32f0xx_hal_spi.o
 .debug_ranges  0x00000558       0x10 Drivers\STM32F0xx_HAL_Driver\Src\stm32f0xx_hal_spi_ex.o
 .debug_ranges  0x00000568      0x368 Drivers\STM32F0xx_HAL_Driver\Src\stm32f0xx_hal_tim.o
 .debug_ranges  0x000008d0      0x130 Drivers\STM32F0xx_HAL_Driver\Src\stm32f0xx_hal_tim_ex.o
 .debug_ranges  0x00000a00      0x1c8 Drivers\STM32F0xx_HAL_Driver\Src\stm32f0xx_hal_uart.o
 .debug_ranges  0x00000bc8       0x30 Src\FeedbackDriver.o
 .debug_ranges  0x00000bf8       0x38 Src\SPIMain.o
 .debug_ranges  0x00000c30       0x40 Src\SPI_infra.o
 .debug_ranges  0x00000c70       0x88 Src\infra.o
 .debug_ranges  0x00000cf8       0x68 Src\main.o
 .debug_ranges  0x00000d60       0x68 Src\stm32f0xx_hal_msp.o
 .debug_ranges  0x00000dc8       0x88 Src\stm32f0xx_it.o
 .debug_ranges  0x00000e50       0x18 Src\system_stm32f0xx.o
 .debug_ranges  0x00000e68       0x40 Src\uartMain.o
 .debug_ranges  0x00000ea8       0x20 startup\startup_stm32f030x8.o

.debug_line     0x00000000     0x8153
 .debug_line    0x00000000      0x3fd Drivers\STM32F0xx_HAL_Driver\Src\stm32f0xx_hal.o
 .debug_line    0x000003fd      0x809 Drivers\STM32F0xx_HAL_Driver\Src\stm32f0xx_hal_adc.o
 .debug_line    0x00000c06      0x423 Drivers\STM32F0xx_HAL_Driver\Src\stm32f0xx_hal_cortex.o
 .debug_line    0x00001029      0x498 Drivers\STM32F0xx_HAL_Driver\Src\stm32f0xx_hal_dma.o
 .debug_line    0x000014c1      0x403 Drivers\STM32F0xx_HAL_Driver\Src\stm32f0xx_hal_gpio.o
 .debug_line    0x000018c4      0x4f5 Drivers\STM32F0xx_HAL_Driver\Src\stm32f0xx_hal_rcc.o
 .debug_line    0x00001db9      0x35b Drivers\STM32F0xx_HAL_Driver\Src\stm32f0xx_hal_rcc_ex.o
 .debug_line    0x00002114      0xd07 Drivers\STM32F0xx_HAL_Driver\Src\stm32f0xx_hal_spi.o
 .debug_line    0x00002e1b      0x2ac Drivers\STM32F0xx_HAL_Driver\Src\stm32f0xx_hal_spi_ex.o
 .debug_line    0x000030c7     0x1563 Drivers\STM32F0xx_HAL_Driver\Src\stm32f0xx_hal_tim.o
 .debug_line    0x0000462a      0x8b4 Drivers\STM32F0xx_HAL_Driver\Src\stm32f0xx_hal_tim_ex.o
 .debug_line    0x00004ede      0xbfc Drivers\STM32F0xx_HAL_Driver\Src\stm32f0xx_hal_uart.o
 .debug_line    0x00005ada      0x374 Src\FeedbackDriver.o
 .debug_line    0x00005e4e      0x32b Src\SPIMain.o
 .debug_line    0x00006179      0x42e Src\SPI_infra.o
 .debug_line    0x000065a7      0x71e Src\infra.o
 .debug_line    0x00006cc5      0x503 Src\main.o
 .debug_line    0x000071c8      0x426 Src\stm32f0xx_hal_msp.o
 .debug_line    0x000075ee      0x3ec Src\stm32f0xx_it.o
 .debug_line    0x000079da      0x249 Src\system_stm32f0xx.o
 .debug_line    0x00007c23      0x4ad Src\uartMain.o
 .debug_line    0x000080d0       0x83 startup\startup_stm32f030x8.o

.debug_str      0x00000000     0x4e17
 .debug_str     0x00000000      0x944 Drivers\STM32F0xx_HAL_Driver\Src\stm32f0xx_hal.o
                                0xa0f (size before relaxing)
 .debug_str     0x00000944      0x5c2 Drivers\STM32F0xx_HAL_Driver\Src\stm32f0xx_hal_adc.o
                                0xcf3 (size before relaxing)
 .debug_str     0x00000f06      0x1ee Drivers\STM32F0xx_HAL_Driver\Src\stm32f0xx_hal_cortex.o
                                0xa53 (size before relaxing)
 .debug_str     0x000010f4      0x252 Drivers\STM32F0xx_HAL_Driver\Src\stm32f0xx_hal_dma.o
                                0xa7b (size before relaxing)
 .debug_str     0x00001346      0x195 Drivers\STM32F0xx_HAL_Driver\Src\stm32f0xx_hal_gpio.o
                                0x878 (size before relaxing)
 .debug_str     0x000014db      0x2b0 Drivers\STM32F0xx_HAL_Driver\Src\stm32f0xx_hal_rcc.o
                                0xa2a (size before relaxing)
 .debug_str     0x0000178b      0x10e Drivers\STM32F0xx_HAL_Driver\Src\stm32f0xx_hal_rcc_ex.o
                                0x7df (size before relaxing)
 .debug_str     0x00001899      0x6f2 Drivers\STM32F0xx_HAL_Driver\Src\stm32f0xx_hal_spi.o
                                0xf83 (size before relaxing)
 .debug_str     0x00001f8b       0x51 Drivers\STM32F0xx_HAL_Driver\Src\stm32f0xx_hal_spi_ex.o
                                0xa68 (size before relaxing)
 .debug_str     0x00001fdc      0xea3 Drivers\STM32F0xx_HAL_Driver\Src\stm32f0xx_hal_tim.o
                               0x179e (size before relaxing)
 .debug_str     0x00002e7f      0x543 Drivers\STM32F0xx_HAL_Driver\Src\stm32f0xx_hal_tim_ex.o
                               0x100b (size before relaxing)
 .debug_str     0x000033c2      0x79f Drivers\STM32F0xx_HAL_Driver\Src\stm32f0xx_hal_uart.o
                               0x115d (size before relaxing)
 .debug_str     0x00003b61      0x386 Src\FeedbackDriver.o
                                0xd02 (size before relaxing)
 .debug_str     0x00003ee7      0x1f0 Src\SPIMain.o
                                0xccc (size before relaxing)
 .debug_str     0x000040d7      0x165 Src\SPI_infra.o
                                0xcb3 (size before relaxing)
 .debug_str     0x0000423c      0x531 Src\infra.o
                                0xff3 (size before relaxing)
 .debug_str     0x0000476d      0x298 Src\main.o
                               0x1913 (size before relaxing)
 .debug_str     0x00004a05       0x42 Src\stm32f0xx_hal_msp.o
                               0x12e5 (size before relaxing)
 .debug_str     0x00004a47      0x1a0 Src\stm32f0xx_it.o
                               0x1195 (size before relaxing)
 .debug_str     0x00004be7       0x5a Src\system_stm32f0xx.o
                                0x69e (size before relaxing)
 .debug_str     0x00004c41      0x1d6 Src\uartMain.o
                                0xebc (size before relaxing)

.comment        0x00000000       0x7c
 .comment       0x00000000       0x7c Drivers\STM32F0xx_HAL_Driver\Src\stm32f0xx_hal.o
                                 0x7d (size before relaxing)
 .comment       0x0000007c       0x7d Drivers\STM32F0xx_HAL_Driver\Src\stm32f0xx_hal_adc.o
 .comment       0x0000007c       0x7d Drivers\STM32F0xx_HAL_Driver\Src\stm32f0xx_hal_cortex.o
 .comment       0x0000007c       0x7d Drivers\STM32F0xx_HAL_Driver\Src\stm32f0xx_hal_dma.o
 .comment       0x0000007c       0x7d Drivers\STM32F0xx_HAL_Driver\Src\stm32f0xx_hal_gpio.o
 .comment       0x0000007c       0x7d Drivers\STM32F0xx_HAL_Driver\Src\stm32f0xx_hal_rcc.o
 .comment       0x0000007c       0x7d Drivers\STM32F0xx_HAL_Driver\Src\stm32f0xx_hal_rcc_ex.o
 .comment       0x0000007c       0x7d Drivers\STM32F0xx_HAL_Driver\Src\stm32f0xx_hal_spi.o
 .comment       0x0000007c       0x7d Drivers\STM32F0xx_HAL_Driver\Src\stm32f0xx_hal_spi_ex.o
 .comment       0x0000007c       0x7d Drivers\STM32F0xx_HAL_Driver\Src\stm32f0xx_hal_tim.o
 .comment       0x0000007c       0x7d Drivers\STM32F0xx_HAL_Driver\Src\stm32f0xx_hal_tim_ex.o
 .comment       0x0000007c       0x7d Drivers\STM32F0xx_HAL_Driver\Src\stm32f0xx_hal_uart.o
 .comment       0x0000007c       0x7d Src\FeedbackDriver.o
 .comment       0x0000007c       0x7d Src\SPIMain.o
 .comment       0x0000007c       0x7d Src\SPI_infra.o
 .comment       0x0000007c       0x7d Src\infra.o
 .comment       0x0000007c       0x7d Src\main.o
 .comment       0x0000007c       0x7d Src\stm32f0xx_hal_msp.o
 .comment       0x0000007c       0x7d Src\stm32f0xx_it.o
 .comment       0x0000007c       0x7d Src\system_stm32f0xx.o
 .comment       0x0000007c       0x7d Src\uartMain.o

.debug_frame    0x00000000     0x3bbc
 .debug_frame   0x00000000      0x248 Drivers\STM32F0xx_HAL_Driver\Src\stm32f0xx_hal.o
 .debug_frame   0x00000248      0x390 Drivers\STM32F0xx_HAL_Driver\Src\stm32f0xx_hal_adc.o
 .debug_frame   0x000005d8      0x2a4 Drivers\STM32F0xx_HAL_Driver\Src\stm32f0xx_hal_cortex.o
 .debug_frame   0x0000087c      0x1d0 Drivers\STM32F0xx_HAL_Driver\Src\stm32f0xx_hal_dma.o
 .debug_frame   0x00000a4c      0x110 Drivers\STM32F0xx_HAL_Driver\Src\stm32f0xx_hal_gpio.o
 .debug_frame   0x00000b5c      0x194 Drivers\STM32F0xx_HAL_Driver\Src\stm32f0xx_hal_rcc.o
 .debug_frame   0x00000cf0       0x70 Drivers\STM32F0xx_HAL_Driver\Src\stm32f0xx_hal_rcc_ex.o
 .debug_frame   0x00000d60      0x710 Drivers\STM32F0xx_HAL_Driver\Src\stm32f0xx_hal_spi.o
 .debug_frame   0x00001470       0x30 Drivers\STM32F0xx_HAL_Driver\Src\stm32f0xx_hal_spi_ex.o
 .debug_frame   0x000014a0      0xd90 Drivers\STM32F0xx_HAL_Driver\Src\stm32f0xx_hal_tim.o
 .debug_frame   0x00002230      0x4b0 Drivers\STM32F0xx_HAL_Driver\Src\stm32f0xx_hal_tim_ex.o
 .debug_frame   0x000026e0      0x710 Drivers\STM32F0xx_HAL_Driver\Src\stm32f0xx_hal_uart.o
 .debug_frame   0x00002df0       0xb0 Src\FeedbackDriver.o
 .debug_frame   0x00002ea0       0xcc Src\SPIMain.o
 .debug_frame   0x00002f6c       0xf0 Src\SPI_infra.o
 .debug_frame   0x0000305c      0x210 Src\infra.o
 .debug_frame   0x0000326c      0x184 Src\main.o
 .debug_frame   0x000033f0      0x190 Src\stm32f0xx_hal_msp.o
 .debug_frame   0x00003580      0x1dc Src\stm32f0xx_it.o
 .debug_frame   0x0000375c       0x4c Src\system_stm32f0xx.o
 .debug_frame   0x000037a8       0xec Src\uartMain.o
 .debug_frame   0x00003894       0x28 c:/program files (x86)/atollic/truestudio for arm 8.1.0/armtools/bin/../lib/gcc/arm-atollic-eabi/6.3.1/../../../../arm-atollic-eabi/lib/armv6-m\libstdc++.a(del_op.o)
 .debug_frame   0x000038bc       0x2c c:/program files (x86)/atollic/truestudio for arm 8.1.0/armtools/bin/../lib/gcc/arm-atollic-eabi/6.3.1/../../../../arm-atollic-eabi/lib/armv6-m\libc.a(lib_a-init.o)
 .debug_frame   0x000038e8       0x40 c:/program files (x86)/atollic/truestudio for arm 8.1.0/armtools/bin/../lib/gcc/arm-atollic-eabi/6.3.1/../../../../arm-atollic-eabi/lib/armv6-m\libc.a(lib_a-malloc.o)
 .debug_frame   0x00003928       0x30 c:/program files (x86)/atollic/truestudio for arm 8.1.0/armtools/bin/../lib/gcc/arm-atollic-eabi/6.3.1/../../../../arm-atollic-eabi/lib/armv6-m\libc.a(lib_a-mallocr.o)
 .debug_frame   0x00003958       0x28 c:/program files (x86)/atollic/truestudio for arm 8.1.0/armtools/bin/../lib/gcc/arm-atollic-eabi/6.3.1/../../../../arm-atollic-eabi/lib/armv6-m\libc.a(lib_a-memcpy-stub.o)
 .debug_frame   0x00003980       0x20 c:/program files (x86)/atollic/truestudio for arm 8.1.0/armtools/bin/../lib/gcc/arm-atollic-eabi/6.3.1/../../../../arm-atollic-eabi/lib/armv6-m\libc.a(lib_a-memset.o)
 .debug_frame   0x000039a0       0x40 c:/program files (x86)/atollic/truestudio for arm 8.1.0/armtools/bin/../lib/gcc/arm-atollic-eabi/6.3.1/../../../../arm-atollic-eabi/lib/armv6-m\libc.a(lib_a-mlock.o)
 .debug_frame   0x000039e0       0x2c c:/program files (x86)/atollic/truestudio for arm 8.1.0/armtools/bin/../lib/gcc/arm-atollic-eabi/6.3.1/../../../../arm-atollic-eabi/lib/armv6-m\libc.a(lib_a-sbrkr.o)
 .debug_frame   0x00003a0c       0x20 c:/program files (x86)/atollic/truestudio for arm 8.1.0/armtools/bin/../lib/gcc/arm-atollic-eabi/6.3.1/../../../../arm-atollic-eabi/lib/armv6-m\libc.a(lib_a-strcmp.o)
 .debug_frame   0x00003a2c       0x58 c:/program files (x86)/atollic/truestudio for arm 8.1.0/armtools/bin/../lib/gcc/arm-atollic-eabi/6.3.1/../../../../arm-atollic-eabi/lib/armv6-m\libc.a(lib_a-freer.o)
 .debug_frame   0x00003a84       0xb0 c:/program files (x86)/atollic/truestudio for arm 8.1.0/armtools/bin/../lib/gcc/arm-atollic-eabi/6.3.1/../../../../arm-atollic-eabi/lib/armv6-m\libc.a(lib_a-lock.o)
 .debug_frame   0x00003b34       0x48 c:/program files (x86)/atollic/truestudio for arm 8.1.0/armtools/bin/../lib/gcc/arm-atollic-eabi/6.3.1/../../../../arm-atollic-eabi/lib/armv6-m\libc.a(lib_a-reent.o)
 .debug_frame   0x00003b7c       0x20 c:/program files (x86)/atollic/truestudio for arm 8.1.0/armtools/bin/../lib/gcc/arm-atollic-eabi/6.3.1/armv6-m\libgcc.a(_udivsi3.o)
 .debug_frame   0x00003b9c       0x20 c:/program files (x86)/atollic/truestudio for arm 8.1.0/armtools/bin/../lib/gcc/arm-atollic-eabi/6.3.1/../../../../arm-atollic-eabi/lib/armv6-m\libnosys.a(sbrk.o)

Cross Reference Table

Symbol                                            File
ADC1_IRQHandler                                   Src\stm32f0xx_it.o
AHBPrescTable                                     Src\system_stm32f0xx.o
                                                  Drivers\STM32F0xx_HAL_Driver\Src\stm32f0xx_hal_rcc.o
APBPrescTable                                     Src\system_stm32f0xx.o
                                                  Drivers\STM32F0xx_HAL_Driver\Src\stm32f0xx_hal_rcc.o
DMA1_Channel1_IRQHandler                          Src\stm32f0xx_it.o
DMA1_Channel2_3_IRQHandler                        Src\stm32f0xx_it.o
DMA1_Channel4_5_IRQHandler                        Src\stm32f0xx_it.o
Default_Handler                                   startup\startup_stm32f030x8.o
EXTI0_1_IRQHandler                                startup\startup_stm32f030x8.o
EXTI2_3_IRQHandler                                startup\startup_stm32f030x8.o
EXTI4_15_IRQHandler                               startup\startup_stm32f030x8.o
FLASH_IRQHandler                                  startup\startup_stm32f030x8.o
FLASH_PageErase                                   Drivers\STM32F0xx_HAL_Driver\Src\stm32f0xx_hal_flash_ex.o
                                                  Drivers\STM32F0xx_HAL_Driver\Src\stm32f0xx_hal_flash.o
FLASH_WaitForLastOperation                        Drivers\STM32F0xx_HAL_Driver\Src\stm32f0xx_hal_flash.o
                                                  Drivers\STM32F0xx_HAL_Driver\Src\stm32f0xx_hal_flash_ex.o
HAL_ADCEx_Calibration_Start                       Drivers\STM32F0xx_HAL_Driver\Src\stm32f0xx_hal_adc_ex.o
HAL_ADC_AnalogWDGConfig                           Drivers\STM32F0xx_HAL_Driver\Src\stm32f0xx_hal_adc.o
HAL_ADC_ConfigChannel                             Drivers\STM32F0xx_HAL_Driver\Src\stm32f0xx_hal_adc.o
                                                  Src\main.o
HAL_ADC_ConvCpltCallback                          Src\stm32f0xx_it.o
                                                  Drivers\STM32F0xx_HAL_Driver\Src\stm32f0xx_hal_adc.o
HAL_ADC_ConvHalfCpltCallback                      Drivers\STM32F0xx_HAL_Driver\Src\stm32f0xx_hal_adc.o
HAL_ADC_DeInit                                    Drivers\STM32F0xx_HAL_Driver\Src\stm32f0xx_hal_adc.o
HAL_ADC_ErrorCallback                             Drivers\STM32F0xx_HAL_Driver\Src\stm32f0xx_hal_adc.o
HAL_ADC_GetError                                  Drivers\STM32F0xx_HAL_Driver\Src\stm32f0xx_hal_adc.o
HAL_ADC_GetState                                  Drivers\STM32F0xx_HAL_Driver\Src\stm32f0xx_hal_adc.o
HAL_ADC_GetValue                                  Drivers\STM32F0xx_HAL_Driver\Src\stm32f0xx_hal_adc.o
HAL_ADC_IRQHandler                                Drivers\STM32F0xx_HAL_Driver\Src\stm32f0xx_hal_adc.o
                                                  Src\stm32f0xx_it.o
HAL_ADC_Init                                      Drivers\STM32F0xx_HAL_Driver\Src\stm32f0xx_hal_adc.o
                                                  Src\main.o
HAL_ADC_LevelOutOfWindowCallback                  Drivers\STM32F0xx_HAL_Driver\Src\stm32f0xx_hal_adc.o
HAL_ADC_MspDeInit                                 Src\stm32f0xx_hal_msp.o
                                                  Drivers\STM32F0xx_HAL_Driver\Src\stm32f0xx_hal_adc.o
HAL_ADC_MspInit                                   Src\stm32f0xx_hal_msp.o
                                                  Drivers\STM32F0xx_HAL_Driver\Src\stm32f0xx_hal_adc.o
HAL_ADC_PollForConversion                         Drivers\STM32F0xx_HAL_Driver\Src\stm32f0xx_hal_adc.o
HAL_ADC_PollForEvent                              Drivers\STM32F0xx_HAL_Driver\Src\stm32f0xx_hal_adc.o
HAL_ADC_Start                                     Drivers\STM32F0xx_HAL_Driver\Src\stm32f0xx_hal_adc.o
HAL_ADC_Start_DMA                                 Drivers\STM32F0xx_HAL_Driver\Src\stm32f0xx_hal_adc.o
                                                  Src\infra.o
HAL_ADC_Start_IT                                  Drivers\STM32F0xx_HAL_Driver\Src\stm32f0xx_hal_adc.o
HAL_ADC_Stop                                      Drivers\STM32F0xx_HAL_Driver\Src\stm32f0xx_hal_adc.o
HAL_ADC_Stop_DMA                                  Drivers\STM32F0xx_HAL_Driver\Src\stm32f0xx_hal_adc.o
HAL_ADC_Stop_IT                                   Drivers\STM32F0xx_HAL_Driver\Src\stm32f0xx_hal_adc.o
HAL_DBGMCU_DisableDBGStandbyMode                  Drivers\STM32F0xx_HAL_Driver\Src\stm32f0xx_hal.o
HAL_DBGMCU_DisableDBGStopMode                     Drivers\STM32F0xx_HAL_Driver\Src\stm32f0xx_hal.o
HAL_DBGMCU_EnableDBGStandbyMode                   Drivers\STM32F0xx_HAL_Driver\Src\stm32f0xx_hal.o
HAL_DBGMCU_EnableDBGStopMode                      Drivers\STM32F0xx_HAL_Driver\Src\stm32f0xx_hal.o
HAL_DMA_Abort                                     Drivers\STM32F0xx_HAL_Driver\Src\stm32f0xx_hal_dma.o
                                                  Drivers\STM32F0xx_HAL_Driver\Src\stm32f0xx_hal_uart.o
                                                  Drivers\STM32F0xx_HAL_Driver\Src\stm32f0xx_hal_tim.o
                                                  Drivers\STM32F0xx_HAL_Driver\Src\stm32f0xx_hal_spi.o
                                                  Drivers\STM32F0xx_HAL_Driver\Src\stm32f0xx_hal_adc.o
HAL_DMA_Abort_IT                                  Drivers\STM32F0xx_HAL_Driver\Src\stm32f0xx_hal_dma.o
                                                  Drivers\STM32F0xx_HAL_Driver\Src\stm32f0xx_hal_uart.o
                                                  Drivers\STM32F0xx_HAL_Driver\Src\stm32f0xx_hal_spi.o
                                                  Drivers\STM32F0xx_HAL_Driver\Src\stm32f0xx_hal_i2c.o
HAL_DMA_DeInit                                    Drivers\STM32F0xx_HAL_Driver\Src\stm32f0xx_hal_dma.o
                                                  Src\stm32f0xx_hal_msp.o
HAL_DMA_GetError                                  Drivers\STM32F0xx_HAL_Driver\Src\stm32f0xx_hal_dma.o
HAL_DMA_GetState                                  Drivers\STM32F0xx_HAL_Driver\Src\stm32f0xx_hal_dma.o
HAL_DMA_IRQHandler                                Drivers\STM32F0xx_HAL_Driver\Src\stm32f0xx_hal_dma.o
                                                  Src\stm32f0xx_it.o
HAL_DMA_Init                                      Drivers\STM32F0xx_HAL_Driver\Src\stm32f0xx_hal_dma.o
                                                  Src\stm32f0xx_hal_msp.o
HAL_DMA_PollForTransfer                           Drivers\STM32F0xx_HAL_Driver\Src\stm32f0xx_hal_dma.o
HAL_DMA_RegisterCallback                          Drivers\STM32F0xx_HAL_Driver\Src\stm32f0xx_hal_dma.o
HAL_DMA_Start                                     Drivers\STM32F0xx_HAL_Driver\Src\stm32f0xx_hal_dma.o
HAL_DMA_Start_IT                                  Drivers\STM32F0xx_HAL_Driver\Src\stm32f0xx_hal_dma.o
                                                  Drivers\STM32F0xx_HAL_Driver\Src\stm32f0xx_hal_uart.o
                                                  Drivers\STM32F0xx_HAL_Driver\Src\stm32f0xx_hal_tim_ex.o
                                                  Drivers\STM32F0xx_HAL_Driver\Src\stm32f0xx_hal_tim.o
                                                  Drivers\STM32F0xx_HAL_Driver\Src\stm32f0xx_hal_spi.o
                                                  Drivers\STM32F0xx_HAL_Driver\Src\stm32f0xx_hal_i2c.o
                                                  Drivers\STM32F0xx_HAL_Driver\Src\stm32f0xx_hal_adc.o
HAL_DMA_UnRegisterCallback                        Drivers\STM32F0xx_HAL_Driver\Src\stm32f0xx_hal_dma.o
HAL_DeInit                                        Drivers\STM32F0xx_HAL_Driver\Src\stm32f0xx_hal.o
HAL_Delay                                         Drivers\STM32F0xx_HAL_Driver\Src\stm32f0xx_hal.o
                                                  Src\FeedbackDriver.o
HAL_FLASHEx_Erase                                 Drivers\STM32F0xx_HAL_Driver\Src\stm32f0xx_hal_flash_ex.o
HAL_FLASHEx_Erase_IT                              Drivers\STM32F0xx_HAL_Driver\Src\stm32f0xx_hal_flash_ex.o
HAL_FLASHEx_OBErase                               Drivers\STM32F0xx_HAL_Driver\Src\stm32f0xx_hal_flash_ex.o
HAL_FLASHEx_OBGetConfig                           Drivers\STM32F0xx_HAL_Driver\Src\stm32f0xx_hal_flash_ex.o
HAL_FLASHEx_OBGetUserData                         Drivers\STM32F0xx_HAL_Driver\Src\stm32f0xx_hal_flash_ex.o
HAL_FLASHEx_OBProgram                             Drivers\STM32F0xx_HAL_Driver\Src\stm32f0xx_hal_flash_ex.o
HAL_FLASH_EndOfOperationCallback                  Drivers\STM32F0xx_HAL_Driver\Src\stm32f0xx_hal_flash.o
HAL_FLASH_GetError                                Drivers\STM32F0xx_HAL_Driver\Src\stm32f0xx_hal_flash.o
HAL_FLASH_IRQHandler                              Drivers\STM32F0xx_HAL_Driver\Src\stm32f0xx_hal_flash.o
HAL_FLASH_Lock                                    Drivers\STM32F0xx_HAL_Driver\Src\stm32f0xx_hal_flash.o
HAL_FLASH_OB_Launch                               Drivers\STM32F0xx_HAL_Driver\Src\stm32f0xx_hal_flash.o
HAL_FLASH_OB_Lock                                 Drivers\STM32F0xx_HAL_Driver\Src\stm32f0xx_hal_flash.o
HAL_FLASH_OB_Unlock                               Drivers\STM32F0xx_HAL_Driver\Src\stm32f0xx_hal_flash.o
HAL_FLASH_OperationErrorCallback                  Drivers\STM32F0xx_HAL_Driver\Src\stm32f0xx_hal_flash.o
HAL_FLASH_Program                                 Drivers\STM32F0xx_HAL_Driver\Src\stm32f0xx_hal_flash.o
HAL_FLASH_Program_IT                              Drivers\STM32F0xx_HAL_Driver\Src\stm32f0xx_hal_flash.o
HAL_FLASH_Unlock                                  Drivers\STM32F0xx_HAL_Driver\Src\stm32f0xx_hal_flash.o
HAL_GPIO_DeInit                                   Drivers\STM32F0xx_HAL_Driver\Src\stm32f0xx_hal_gpio.o
                                                  Src\stm32f0xx_hal_msp.o
HAL_GPIO_EXTI_Callback                            Drivers\STM32F0xx_HAL_Driver\Src\stm32f0xx_hal_gpio.o
HAL_GPIO_EXTI_IRQHandler                          Drivers\STM32F0xx_HAL_Driver\Src\stm32f0xx_hal_gpio.o
HAL_GPIO_Init                                     Drivers\STM32F0xx_HAL_Driver\Src\stm32f0xx_hal_gpio.o
                                                  Src\stm32f0xx_hal_msp.o
                                                  Src\main.o
                                                  Drivers\STM32F0xx_HAL_Driver\Src\stm32f0xx_hal_rcc.o
HAL_GPIO_LockPin                                  Drivers\STM32F0xx_HAL_Driver\Src\stm32f0xx_hal_gpio.o
HAL_GPIO_ReadPin                                  Drivers\STM32F0xx_HAL_Driver\Src\stm32f0xx_hal_gpio.o
HAL_GPIO_TogglePin                                Drivers\STM32F0xx_HAL_Driver\Src\stm32f0xx_hal_gpio.o
HAL_GPIO_WritePin                                 Drivers\STM32F0xx_HAL_Driver\Src\stm32f0xx_hal_gpio.o
                                                  Src\main.o
                                                  Src\infra.o
                                                  Src\SPI_infra.o
                                                  Src\FeedbackDriver.o
HAL_GetDEVID                                      Drivers\STM32F0xx_HAL_Driver\Src\stm32f0xx_hal.o
HAL_GetHalVersion                                 Drivers\STM32F0xx_HAL_Driver\Src\stm32f0xx_hal.o
HAL_GetREVID                                      Drivers\STM32F0xx_HAL_Driver\Src\stm32f0xx_hal.o
HAL_GetTick                                       Drivers\STM32F0xx_HAL_Driver\Src\stm32f0xx_hal.o
                                                  Drivers\STM32F0xx_HAL_Driver\Src\stm32f0xx_hal_uart.o
                                                  Drivers\STM32F0xx_HAL_Driver\Src\stm32f0xx_hal_spi.o
                                                  Drivers\STM32F0xx_HAL_Driver\Src\stm32f0xx_hal_rcc_ex.o
                                                  Drivers\STM32F0xx_HAL_Driver\Src\stm32f0xx_hal_rcc.o
                                                  Drivers\STM32F0xx_HAL_Driver\Src\stm32f0xx_hal_i2c.o
                                                  Drivers\STM32F0xx_HAL_Driver\Src\stm32f0xx_hal_flash.o
                                                  Drivers\STM32F0xx_HAL_Driver\Src\stm32f0xx_hal_dma.o
                                                  Drivers\STM32F0xx_HAL_Driver\Src\stm32f0xx_hal_adc_ex.o
                                                  Drivers\STM32F0xx_HAL_Driver\Src\stm32f0xx_hal_adc.o
HAL_GetUIDw0                                      Drivers\STM32F0xx_HAL_Driver\Src\stm32f0xx_hal.o
HAL_GetUIDw1                                      Drivers\STM32F0xx_HAL_Driver\Src\stm32f0xx_hal.o
HAL_GetUIDw2                                      Drivers\STM32F0xx_HAL_Driver\Src\stm32f0xx_hal.o
HAL_HalfDuplex_EnableReceiver                     Drivers\STM32F0xx_HAL_Driver\Src\stm32f0xx_hal_uart.o
HAL_HalfDuplex_EnableTransmitter                  Drivers\STM32F0xx_HAL_Driver\Src\stm32f0xx_hal_uart.o
HAL_HalfDuplex_Init                               Drivers\STM32F0xx_HAL_Driver\Src\stm32f0xx_hal_uart.o
HAL_I2CEx_ConfigAnalogFilter                      Drivers\STM32F0xx_HAL_Driver\Src\stm32f0xx_hal_i2c_ex.o
HAL_I2CEx_ConfigDigitalFilter                     Drivers\STM32F0xx_HAL_Driver\Src\stm32f0xx_hal_i2c_ex.o
HAL_I2CEx_DisableFastModePlus                     Drivers\STM32F0xx_HAL_Driver\Src\stm32f0xx_hal_i2c_ex.o
HAL_I2CEx_EnableFastModePlus                      Drivers\STM32F0xx_HAL_Driver\Src\stm32f0xx_hal_i2c_ex.o
HAL_I2C_AbortCpltCallback                         Drivers\STM32F0xx_HAL_Driver\Src\stm32f0xx_hal_i2c.o
HAL_I2C_AddrCallback                              Drivers\STM32F0xx_HAL_Driver\Src\stm32f0xx_hal_i2c.o
HAL_I2C_DeInit                                    Drivers\STM32F0xx_HAL_Driver\Src\stm32f0xx_hal_i2c.o
HAL_I2C_DisableListen_IT                          Drivers\STM32F0xx_HAL_Driver\Src\stm32f0xx_hal_i2c.o
HAL_I2C_ER_IRQHandler                             Drivers\STM32F0xx_HAL_Driver\Src\stm32f0xx_hal_i2c.o
HAL_I2C_EV_IRQHandler                             Drivers\STM32F0xx_HAL_Driver\Src\stm32f0xx_hal_i2c.o
HAL_I2C_EnableListen_IT                           Drivers\STM32F0xx_HAL_Driver\Src\stm32f0xx_hal_i2c.o
HAL_I2C_ErrorCallback                             Drivers\STM32F0xx_HAL_Driver\Src\stm32f0xx_hal_i2c.o
HAL_I2C_GetError                                  Drivers\STM32F0xx_HAL_Driver\Src\stm32f0xx_hal_i2c.o
HAL_I2C_GetMode                                   Drivers\STM32F0xx_HAL_Driver\Src\stm32f0xx_hal_i2c.o
HAL_I2C_GetState                                  Drivers\STM32F0xx_HAL_Driver\Src\stm32f0xx_hal_i2c.o
HAL_I2C_Init                                      Drivers\STM32F0xx_HAL_Driver\Src\stm32f0xx_hal_i2c.o
HAL_I2C_IsDeviceReady                             Drivers\STM32F0xx_HAL_Driver\Src\stm32f0xx_hal_i2c.o
HAL_I2C_ListenCpltCallback                        Drivers\STM32F0xx_HAL_Driver\Src\stm32f0xx_hal_i2c.o
HAL_I2C_MasterRxCpltCallback                      Drivers\STM32F0xx_HAL_Driver\Src\stm32f0xx_hal_i2c.o
HAL_I2C_MasterTxCpltCallback                      Drivers\STM32F0xx_HAL_Driver\Src\stm32f0xx_hal_i2c.o
HAL_I2C_Master_Abort_IT                           Drivers\STM32F0xx_HAL_Driver\Src\stm32f0xx_hal_i2c.o
HAL_I2C_Master_Receive                            Drivers\STM32F0xx_HAL_Driver\Src\stm32f0xx_hal_i2c.o
HAL_I2C_Master_Receive_DMA                        Drivers\STM32F0xx_HAL_Driver\Src\stm32f0xx_hal_i2c.o
HAL_I2C_Master_Receive_IT                         Drivers\STM32F0xx_HAL_Driver\Src\stm32f0xx_hal_i2c.o
HAL_I2C_Master_Sequential_Receive_IT              Drivers\STM32F0xx_HAL_Driver\Src\stm32f0xx_hal_i2c.o
HAL_I2C_Master_Sequential_Transmit_IT             Drivers\STM32F0xx_HAL_Driver\Src\stm32f0xx_hal_i2c.o
HAL_I2C_Master_Transmit                           Drivers\STM32F0xx_HAL_Driver\Src\stm32f0xx_hal_i2c.o
HAL_I2C_Master_Transmit_DMA                       Drivers\STM32F0xx_HAL_Driver\Src\stm32f0xx_hal_i2c.o
HAL_I2C_Master_Transmit_IT                        Drivers\STM32F0xx_HAL_Driver\Src\stm32f0xx_hal_i2c.o
HAL_I2C_MemRxCpltCallback                         Drivers\STM32F0xx_HAL_Driver\Src\stm32f0xx_hal_i2c.o
HAL_I2C_MemTxCpltCallback                         Drivers\STM32F0xx_HAL_Driver\Src\stm32f0xx_hal_i2c.o
HAL_I2C_Mem_Read                                  Drivers\STM32F0xx_HAL_Driver\Src\stm32f0xx_hal_i2c.o
HAL_I2C_Mem_Read_DMA                              Drivers\STM32F0xx_HAL_Driver\Src\stm32f0xx_hal_i2c.o
HAL_I2C_Mem_Read_IT                               Drivers\STM32F0xx_HAL_Driver\Src\stm32f0xx_hal_i2c.o
HAL_I2C_Mem_Write                                 Drivers\STM32F0xx_HAL_Driver\Src\stm32f0xx_hal_i2c.o
HAL_I2C_Mem_Write_DMA                             Drivers\STM32F0xx_HAL_Driver\Src\stm32f0xx_hal_i2c.o
HAL_I2C_Mem_Write_IT                              Drivers\STM32F0xx_HAL_Driver\Src\stm32f0xx_hal_i2c.o
HAL_I2C_MspDeInit                                 Drivers\STM32F0xx_HAL_Driver\Src\stm32f0xx_hal_i2c.o
HAL_I2C_MspInit                                   Drivers\STM32F0xx_HAL_Driver\Src\stm32f0xx_hal_i2c.o
HAL_I2C_SlaveRxCpltCallback                       Drivers\STM32F0xx_HAL_Driver\Src\stm32f0xx_hal_i2c.o
HAL_I2C_SlaveTxCpltCallback                       Drivers\STM32F0xx_HAL_Driver\Src\stm32f0xx_hal_i2c.o
HAL_I2C_Slave_Receive                             Drivers\STM32F0xx_HAL_Driver\Src\stm32f0xx_hal_i2c.o
HAL_I2C_Slave_Receive_DMA                         Drivers\STM32F0xx_HAL_Driver\Src\stm32f0xx_hal_i2c.o
HAL_I2C_Slave_Receive_IT                          Drivers\STM32F0xx_HAL_Driver\Src\stm32f0xx_hal_i2c.o
HAL_I2C_Slave_Sequential_Receive_IT               Drivers\STM32F0xx_HAL_Driver\Src\stm32f0xx_hal_i2c.o
HAL_I2C_Slave_Sequential_Transmit_IT              Drivers\STM32F0xx_HAL_Driver\Src\stm32f0xx_hal_i2c.o
HAL_I2C_Slave_Transmit                            Drivers\STM32F0xx_HAL_Driver\Src\stm32f0xx_hal_i2c.o
HAL_I2C_Slave_Transmit_DMA                        Drivers\STM32F0xx_HAL_Driver\Src\stm32f0xx_hal_i2c.o
HAL_I2C_Slave_Transmit_IT                         Drivers\STM32F0xx_HAL_Driver\Src\stm32f0xx_hal_i2c.o
HAL_IncTick                                       Drivers\STM32F0xx_HAL_Driver\Src\stm32f0xx_hal.o
                                                  Src\stm32f0xx_it.o
HAL_Init                                          Drivers\STM32F0xx_HAL_Driver\Src\stm32f0xx_hal.o
                                                  Src\main.o
HAL_InitTick                                      Drivers\STM32F0xx_HAL_Driver\Src\stm32f0xx_hal.o
                                                  Drivers\STM32F0xx_HAL_Driver\Src\stm32f0xx_hal_rcc.o
HAL_MspDeInit                                     Drivers\STM32F0xx_HAL_Driver\Src\stm32f0xx_hal.o
HAL_MspInit                                       Src\stm32f0xx_hal_msp.o
                                                  Drivers\STM32F0xx_HAL_Driver\Src\stm32f0xx_hal.o
HAL_MultiProcessorEx_AddressLength_Set            Drivers\STM32F0xx_HAL_Driver\Src\stm32f0xx_hal_uart_ex.o
HAL_MultiProcessor_DisableMuteMode                Drivers\STM32F0xx_HAL_Driver\Src\stm32f0xx_hal_uart.o
HAL_MultiProcessor_EnableMuteMode                 Drivers\STM32F0xx_HAL_Driver\Src\stm32f0xx_hal_uart.o
HAL_MultiProcessor_EnterMuteMode                  Drivers\STM32F0xx_HAL_Driver\Src\stm32f0xx_hal_uart.o
HAL_MultiProcessor_Init                           Drivers\STM32F0xx_HAL_Driver\Src\stm32f0xx_hal_uart.o
HAL_NVIC_ClearPendingIRQ                          Drivers\STM32F0xx_HAL_Driver\Src\stm32f0xx_hal_cortex.o
HAL_NVIC_DisableIRQ                               Drivers\STM32F0xx_HAL_Driver\Src\stm32f0xx_hal_cortex.o
                                                  Src\stm32f0xx_hal_msp.o
HAL_NVIC_EnableIRQ                                Drivers\STM32F0xx_HAL_Driver\Src\stm32f0xx_hal_cortex.o
                                                  Src\stm32f0xx_hal_msp.o
                                                  Src\main.o
HAL_NVIC_GetPendingIRQ                            Drivers\STM32F0xx_HAL_Driver\Src\stm32f0xx_hal_cortex.o
HAL_NVIC_GetPriority                              Drivers\STM32F0xx_HAL_Driver\Src\stm32f0xx_hal_cortex.o
HAL_NVIC_SetPendingIRQ                            Drivers\STM32F0xx_HAL_Driver\Src\stm32f0xx_hal_cortex.o
HAL_NVIC_SetPriority                              Drivers\STM32F0xx_HAL_Driver\Src\stm32f0xx_hal_cortex.o
                                                  Src\stm32f0xx_hal_msp.o
                                                  Src\main.o
                                                  Drivers\STM32F0xx_HAL_Driver\Src\stm32f0xx_hal.o
HAL_NVIC_SystemReset                              Drivers\STM32F0xx_HAL_Driver\Src\stm32f0xx_hal_cortex.o
HAL_PWR_DeInit                                    Drivers\STM32F0xx_HAL_Driver\Src\stm32f0xx_hal_pwr.o
HAL_PWR_DisableBkUpAccess                         Drivers\STM32F0xx_HAL_Driver\Src\stm32f0xx_hal_pwr.o
HAL_PWR_DisableSEVOnPend                          Drivers\STM32F0xx_HAL_Driver\Src\stm32f0xx_hal_pwr.o
HAL_PWR_DisableSleepOnExit                        Drivers\STM32F0xx_HAL_Driver\Src\stm32f0xx_hal_pwr.o
HAL_PWR_DisableWakeUpPin                          Drivers\STM32F0xx_HAL_Driver\Src\stm32f0xx_hal_pwr.o
HAL_PWR_EnableBkUpAccess                          Drivers\STM32F0xx_HAL_Driver\Src\stm32f0xx_hal_pwr.o
HAL_PWR_EnableSEVOnPend                           Drivers\STM32F0xx_HAL_Driver\Src\stm32f0xx_hal_pwr.o
HAL_PWR_EnableSleepOnExit                         Drivers\STM32F0xx_HAL_Driver\Src\stm32f0xx_hal_pwr.o
HAL_PWR_EnableWakeUpPin                           Drivers\STM32F0xx_HAL_Driver\Src\stm32f0xx_hal_pwr.o
HAL_PWR_EnterSLEEPMode                            Drivers\STM32F0xx_HAL_Driver\Src\stm32f0xx_hal_pwr.o
HAL_PWR_EnterSTANDBYMode                          Drivers\STM32F0xx_HAL_Driver\Src\stm32f0xx_hal_pwr.o
HAL_PWR_EnterSTOPMode                             Drivers\STM32F0xx_HAL_Driver\Src\stm32f0xx_hal_pwr.o
HAL_RCCEx_GetPeriphCLKConfig                      Drivers\STM32F0xx_HAL_Driver\Src\stm32f0xx_hal_rcc_ex.o
HAL_RCCEx_GetPeriphCLKFreq                        Drivers\STM32F0xx_HAL_Driver\Src\stm32f0xx_hal_rcc_ex.o
HAL_RCCEx_PeriphCLKConfig                         Drivers\STM32F0xx_HAL_Driver\Src\stm32f0xx_hal_rcc_ex.o
                                                  Src\main.o
HAL_RCC_CSSCallback                               Drivers\STM32F0xx_HAL_Driver\Src\stm32f0xx_hal_rcc.o
HAL_RCC_ClockConfig                               Drivers\STM32F0xx_HAL_Driver\Src\stm32f0xx_hal_rcc.o
                                                  Src\main.o
HAL_RCC_DeInit                                    Drivers\STM32F0xx_HAL_Driver\Src\stm32f0xx_hal_rcc.o
HAL_RCC_DisableCSS                                Drivers\STM32F0xx_HAL_Driver\Src\stm32f0xx_hal_rcc.o
HAL_RCC_EnableCSS                                 Drivers\STM32F0xx_HAL_Driver\Src\stm32f0xx_hal_rcc.o
HAL_RCC_GetClockConfig                            Drivers\STM32F0xx_HAL_Driver\Src\stm32f0xx_hal_rcc.o
HAL_RCC_GetHCLKFreq                               Drivers\STM32F0xx_HAL_Driver\Src\stm32f0xx_hal_rcc.o
                                                  Src\main.o
                                                  Drivers\STM32F0xx_HAL_Driver\Src\stm32f0xx_hal.o
HAL_RCC_GetOscConfig                              Drivers\STM32F0xx_HAL_Driver\Src\stm32f0xx_hal_rcc.o
HAL_RCC_GetPCLK1Freq                              Drivers\STM32F0xx_HAL_Driver\Src\stm32f0xx_hal_rcc.o
                                                  Drivers\STM32F0xx_HAL_Driver\Src\stm32f0xx_hal_uart.o
                                                  Drivers\STM32F0xx_HAL_Driver\Src\stm32f0xx_hal_rcc_ex.o
HAL_RCC_GetSysClockFreq                           Drivers\STM32F0xx_HAL_Driver\Src\stm32f0xx_hal_rcc.o
                                                  Drivers\STM32F0xx_HAL_Driver\Src\stm32f0xx_hal_uart.o
                                                  Drivers\STM32F0xx_HAL_Driver\Src\stm32f0xx_hal_rcc_ex.o
HAL_RCC_MCOConfig                                 Drivers\STM32F0xx_HAL_Driver\Src\stm32f0xx_hal_rcc.o
HAL_RCC_NMI_IRQHandler                            Drivers\STM32F0xx_HAL_Driver\Src\stm32f0xx_hal_rcc.o
HAL_RCC_OscConfig                                 Drivers\STM32F0xx_HAL_Driver\Src\stm32f0xx_hal_rcc.o
                                                  Src\main.o
HAL_RS485Ex_Init                                  Drivers\STM32F0xx_HAL_Driver\Src\stm32f0xx_hal_uart_ex.o
HAL_ResumeTick                                    Drivers\STM32F0xx_HAL_Driver\Src\stm32f0xx_hal.o
HAL_SPIEx_FlushRxFifo                             Drivers\STM32F0xx_HAL_Driver\Src\stm32f0xx_hal_spi_ex.o
                                                  Src\SPIMain.o
HAL_SPI_Abort                                     Drivers\STM32F0xx_HAL_Driver\Src\stm32f0xx_hal_spi.o
HAL_SPI_AbortCpltCallback                         Drivers\STM32F0xx_HAL_Driver\Src\stm32f0xx_hal_spi.o
HAL_SPI_Abort_IT                                  Drivers\STM32F0xx_HAL_Driver\Src\stm32f0xx_hal_spi.o
HAL_SPI_DMAPause                                  Drivers\STM32F0xx_HAL_Driver\Src\stm32f0xx_hal_spi.o
HAL_SPI_DMAResume                                 Drivers\STM32F0xx_HAL_Driver\Src\stm32f0xx_hal_spi.o
HAL_SPI_DMAStop                                   Drivers\STM32F0xx_HAL_Driver\Src\stm32f0xx_hal_spi.o
HAL_SPI_DeInit                                    Drivers\STM32F0xx_HAL_Driver\Src\stm32f0xx_hal_spi.o
HAL_SPI_ErrorCallback                             Drivers\STM32F0xx_HAL_Driver\Src\stm32f0xx_hal_spi.o
HAL_SPI_GetError                                  Drivers\STM32F0xx_HAL_Driver\Src\stm32f0xx_hal_spi.o
HAL_SPI_GetState                                  Drivers\STM32F0xx_HAL_Driver\Src\stm32f0xx_hal_spi.o
HAL_SPI_IRQHandler                                Drivers\STM32F0xx_HAL_Driver\Src\stm32f0xx_hal_spi.o
                                                  Src\stm32f0xx_it.o
HAL_SPI_Init                                      Drivers\STM32F0xx_HAL_Driver\Src\stm32f0xx_hal_spi.o
                                                  Src\main.o
HAL_SPI_MspDeInit                                 Src\stm32f0xx_hal_msp.o
                                                  Drivers\STM32F0xx_HAL_Driver\Src\stm32f0xx_hal_spi.o
HAL_SPI_MspInit                                   Src\stm32f0xx_hal_msp.o
                                                  Drivers\STM32F0xx_HAL_Driver\Src\stm32f0xx_hal_spi.o
HAL_SPI_Receive                                   Drivers\STM32F0xx_HAL_Driver\Src\stm32f0xx_hal_spi.o
HAL_SPI_Receive_DMA                               Drivers\STM32F0xx_HAL_Driver\Src\stm32f0xx_hal_spi.o
HAL_SPI_Receive_IT                                Drivers\STM32F0xx_HAL_Driver\Src\stm32f0xx_hal_spi.o
HAL_SPI_RxCpltCallback                            Drivers\STM32F0xx_HAL_Driver\Src\stm32f0xx_hal_spi.o
HAL_SPI_RxHalfCpltCallback                        Drivers\STM32F0xx_HAL_Driver\Src\stm32f0xx_hal_spi.o
HAL_SPI_Transmit                                  Drivers\STM32F0xx_HAL_Driver\Src\stm32f0xx_hal_spi.o
                                                  Src\SPI_infra.o
HAL_SPI_TransmitReceive                           Drivers\STM32F0xx_HAL_Driver\Src\stm32f0xx_hal_spi.o
                                                  Src\SPIMain.o
HAL_SPI_TransmitReceive_DMA                       Drivers\STM32F0xx_HAL_Driver\Src\stm32f0xx_hal_spi.o
HAL_SPI_TransmitReceive_IT                        Drivers\STM32F0xx_HAL_Driver\Src\stm32f0xx_hal_spi.o
HAL_SPI_Transmit_DMA                              Drivers\STM32F0xx_HAL_Driver\Src\stm32f0xx_hal_spi.o
HAL_SPI_Transmit_IT                               Drivers\STM32F0xx_HAL_Driver\Src\stm32f0xx_hal_spi.o
HAL_SPI_TxCpltCallback                            Drivers\STM32F0xx_HAL_Driver\Src\stm32f0xx_hal_spi.o
HAL_SPI_TxHalfCpltCallback                        Src\stm32f0xx_it.o
                                                  Drivers\STM32F0xx_HAL_Driver\Src\stm32f0xx_hal_spi.o
HAL_SPI_TxRxCpltCallback                          Drivers\STM32F0xx_HAL_Driver\Src\stm32f0xx_hal_spi.o
HAL_SPI_TxRxHalfCpltCallback                      Drivers\STM32F0xx_HAL_Driver\Src\stm32f0xx_hal_spi.o
HAL_SYSTICK_CLKSourceConfig                       Drivers\STM32F0xx_HAL_Driver\Src\stm32f0xx_hal_cortex.o
                                                  Src\main.o
HAL_SYSTICK_Callback                              Drivers\STM32F0xx_HAL_Driver\Src\stm32f0xx_hal_cortex.o
HAL_SYSTICK_Config                                Drivers\STM32F0xx_HAL_Driver\Src\stm32f0xx_hal_cortex.o
                                                  Src\main.o
                                                  Drivers\STM32F0xx_HAL_Driver\Src\stm32f0xx_hal.o
HAL_SYSTICK_IRQHandler                            Drivers\STM32F0xx_HAL_Driver\Src\stm32f0xx_hal_cortex.o
                                                  Src\stm32f0xx_it.o
HAL_SuspendTick                                   Drivers\STM32F0xx_HAL_Driver\Src\stm32f0xx_hal.o
HAL_TIMEx_BreakCallback                           Drivers\STM32F0xx_HAL_Driver\Src\stm32f0xx_hal_tim_ex.o
                                                  Drivers\STM32F0xx_HAL_Driver\Src\stm32f0xx_hal_tim.o
HAL_TIMEx_CommutationCallback                     Drivers\STM32F0xx_HAL_Driver\Src\stm32f0xx_hal_tim_ex.o
                                                  Drivers\STM32F0xx_HAL_Driver\Src\stm32f0xx_hal_tim.o
HAL_TIMEx_ConfigBreakDeadTime                     Drivers\STM32F0xx_HAL_Driver\Src\stm32f0xx_hal_tim_ex.o
HAL_TIMEx_ConfigCommutationEvent                  Drivers\STM32F0xx_HAL_Driver\Src\stm32f0xx_hal_tim_ex.o
HAL_TIMEx_ConfigCommutationEvent_DMA              Drivers\STM32F0xx_HAL_Driver\Src\stm32f0xx_hal_tim_ex.o
HAL_TIMEx_ConfigCommutationEvent_IT               Drivers\STM32F0xx_HAL_Driver\Src\stm32f0xx_hal_tim_ex.o
HAL_TIMEx_HallSensor_DeInit                       Drivers\STM32F0xx_HAL_Driver\Src\stm32f0xx_hal_tim_ex.o
HAL_TIMEx_HallSensor_GetState                     Drivers\STM32F0xx_HAL_Driver\Src\stm32f0xx_hal_tim_ex.o
HAL_TIMEx_HallSensor_Init                         Drivers\STM32F0xx_HAL_Driver\Src\stm32f0xx_hal_tim_ex.o
HAL_TIMEx_HallSensor_MspDeInit                    Drivers\STM32F0xx_HAL_Driver\Src\stm32f0xx_hal_tim_ex.o
HAL_TIMEx_HallSensor_MspInit                      Drivers\STM32F0xx_HAL_Driver\Src\stm32f0xx_hal_tim_ex.o
HAL_TIMEx_HallSensor_Start                        Drivers\STM32F0xx_HAL_Driver\Src\stm32f0xx_hal_tim_ex.o
HAL_TIMEx_HallSensor_Start_DMA                    Drivers\STM32F0xx_HAL_Driver\Src\stm32f0xx_hal_tim_ex.o
HAL_TIMEx_HallSensor_Start_IT                     Drivers\STM32F0xx_HAL_Driver\Src\stm32f0xx_hal_tim_ex.o
HAL_TIMEx_HallSensor_Stop                         Drivers\STM32F0xx_HAL_Driver\Src\stm32f0xx_hal_tim_ex.o
HAL_TIMEx_HallSensor_Stop_DMA                     Drivers\STM32F0xx_HAL_Driver\Src\stm32f0xx_hal_tim_ex.o
HAL_TIMEx_HallSensor_Stop_IT                      Drivers\STM32F0xx_HAL_Driver\Src\stm32f0xx_hal_tim_ex.o
HAL_TIMEx_MasterConfigSynchronization             Drivers\STM32F0xx_HAL_Driver\Src\stm32f0xx_hal_tim_ex.o